******************************************************************************
              TMS320C55x Linker PC v4.4.1                      
******************************************************************************
>> Linked Tue May 22 20:35:53 2018

OUTPUT FILE NAME:   <lab3_1.out>
ENTRY POINT SYMBOL: "_c_int00"  address: 0000471e


MEMORY CONFIGURATION

         name            origin    length      used     unused   attr    fill
                        (bytes)   (bytes)    (bytes)   (bytes)
----------------------  --------  ---------  --------  --------  ----  --------
PAGE 0:
  MMR                   00000000   000000c0  00000000  000000c0  RWIX
  BTRSVD                000000c0   00000240  00000000  00000240  RWIX
  DARAM0                00000300   0000fb00  0000a944  000051bc  RWIX
  VECS                  0000fe00   00000200  00000100  00000100  RWIX
  CE0                   00010000   003f0000  00000000  003f0000  RWIX
  CE1                   00400000   00400000  00000000  00400000  RWIX
  CE2                   00800000   00400000  00000000  00400000  RWIX
  CE3                   00c00000   003f8000  00000000  003f8000  RWIX
  PDROM                 00ff8000   00008000  00000000  00008000  R IX

PAGE 2:
  IOPORT                00000000   00020000  00000000  00020000  RWI 


SECTION ALLOCATION MAP
(Addresses surrounded by []'s are displayed for convenience only!)

output                                                          attributes/
section   page  orgn(bytes) orgn(words) len(bytes) len(words)   input sections
--------  ----  ----------- ----------- ---------- ----------   --------------
.pinit       0   [ 00000300 ]  00000180          *   00000000   UNINITIALIZED

.data        0   [ 00000300 ]  00000180          *   00000000   UNINITIALIZED

.text        0     00000300  [ 00000180 ] 00004540          *   
                   00000300  [ 00000180 ] 000015a4          *   rts55x.lib : _printfi.obj (.text)
                   000018a4  [ 00000c52 ] 00000543          *              : lowlev.obj (.text)
                   00001de7  [ 00000ef3+] 00000528          *              : trgdrv.obj (.text)
                   0000230f  [ 00001187+] 000004b5          *              : memory.obj (.text)
                   000027c4  [ 000013e2 ] 000003cc          *              : divd.obj (.text)
                   00002b90  [ 000015c8 ] 0000027f          *              : fopen.obj (.text)
                   00002e0f  [ 00001707+] 0000025e          *              : llmpy.obj (.text)
                   0000306d  [ 00001836+] 0000025a          *              : addd.obj (.text)
                   000032c7  [ 00001963+] 000001ee          *              : fwrite.obj (.text)
                   000034b5  [ 00001a5a+] 000001ea          *              : cmpd.obj (.text)
                   0000369f  [ 00001b4f+] 00000163          *              : fputs.obj (.text)
                   00003802  [ 00001c01 ] 0000014c          *              : mpyd.obj (.text)
                   0000394e  [ 00001ca7 ] 0000010f          *              : fread.obj (.text)
                   00003a5d  [ 00001d2e+] 000000e6          *              : setvbuf.obj (.text)
                   00003b43  [ 00001da1+] 000000dd          *              : _io_perm.obj (.text)
                   00003c20  [ 00001e10 ] 000000cd          *   main.obj (.text)
                   00003ced  [ 00001e76+] 000000c2          *   rts55x.lib : fflush.obj (.text)
                   00003daf  [ 00001ed7+] 000000ba          *              : trgmsg.obj (.text:CIO_breakpoint)
                   00003e69  [ 00001f34+] 000000ae          *              : _bufread.obj (.text)
                   00003f17  [ 00001f8b+] 000000a6          *              : fputc.obj (.text)
                   00003fbd  [ 00001fde+] 000000a1          *              : divul.obj (.text)
                   0000405e  [ 0000202f ] 0000007d          *              : ltoa.obj (.text)
                   000040db  [ 0000206d+] 0000007b          *              : fclose.obj (.text)
                   00004156  [ 000020ab ] 00000076          *              : frcmpyd.obj (.text)
                   000041cc  [ 000020e6 ] 00000073          *              : frcmpyd_div.obj (.text)
                   0000423f  [ 0000211f+] 00000072          *              : remul.obj (.text)
                   000042b1  [ 00002158+] 0000006f          *              : fixdli.obj (.text)
                   00004320  [ 00002190 ] 0000006d          *              : trgmsg.obj (.text)
                   0000438d  [ 000021c6+] 0000006b          *   55xdspx.lib : fir.obj (.text)
                   000043f8  [ 000021fc ] 0000006b          *   rts55x.lib : fseek.obj (.text)
                   00004463  [ 00002231+] 00000067          *              : fltlid.obj (.text)
                   000044ca  [ 00002265 ] 0000005c          *              : atoi.obj (.text)
                   00004526  [ 00002293 ] 00000050          *              : printf.obj (.text)
                   00004576  [ 000022bb ] 0000004d          *              : autoinit.obj (.text)
                   000045c3  [ 000022e1+] 0000004b          *              : args_main.obj (.text)
                   0000460e  [ 00002307 ] 0000004b          *              : remli.obj (.text)
                   00004659  [ 0000232c+] 00000048          *              : divli.obj (.text)
                   000046a1  [ 00002350+] 0000003f          *              : memcpy.obj (.text)
                   000046e0  [ 00002370 ] 0000003e          *              : exit.obj (.text)
                   0000471e  [ 0000238f ] 00000034          *              : boot.obj (.text)
                   00004752  [ 000023a9 ] 0000002a          *              : fixdi.obj (.text)
                   0000477c  [ 000023be ] 0000002a          *              : udiv.obj (.text)
                   000047a6  [ 000023d3 ] 00000023          *              : memccpy.obj (.text)
                   000047c9  [ 000023e4+] 0000001a          *              : isinf.obj (.text)
                   000047e3  [ 000023f1+] 00000014          *              : subd.obj (.text)
                   000047f7  [ 000023fb+] 00000013          *              : lmpy.obj (.text)
                   0000480a  [ 00002405 ] 00000012          *              : _lock.obj (.text)
                   0000481c  [ 0000240e ] 00000010          *              : negd.obj (.text)
                   0000482c  [ 00002416 ] 0000000a          *              : remove.obj (.text)
                   00004836  [ 0000241b ] 00000007          *              : exit.obj (.text:CIO_breakpoint)
                   0000483d  [ 0000241e+] 00000002          *              : vectors.obj (.text)
                   0000483f  [ 0000241f ] 00000001          *   --HOLE-- [fill = 20]

.stack       0   [ 00004840 ]  00002420          *   00001000   UNINITIALIZED
                 [ 00004840 ]  00002420          *   00001000   --HOLE--

.sysmem      0   [ 00006840 ]  00003420          *   00001000   UNINITIALIZED
                 [ 00006840 ]  00003420          *   00001000   --HOLE--

.sysstack 
*            0   [ 00008840 ]  00004420          *   00000800   UNINITIALIZED
                 [ 00008840 ]  00004420          *   00000800   --HOLE--

.bss.1       0   [ 00009840 ]  00004c20          *   0000060f   UNINITIALIZED
                 [ 00009840 ]  00004c20          *   00000425   main.obj (.bss)
                 [ 0000a08a ]  00005045          *   00000001   rts55x.lib : fopen.obj (.bss)
                 [ 0000a08c ]  00005046          *   00000119              : defs.obj (.bss)
                 [ 0000a2be ]  0000515f          *   000000d0              : trgdrv.obj (.bss)

.bss.2       0   [ 0000a460 ]  00005230          *   00000071   UNINITIALIZED
                 [ 0000a460 ]  00005230          *   00000071   rts55x.lib : lowlev.obj (.bss)

.bss.3       0   [ 0000a544 ]  000052a2          *   0000000e   UNINITIALIZED
                 [ 0000a544 ]  000052a2          *   00000006   rts55x.lib : memory.obj (.bss)
                 [ 0000a550 ]  000052a8          *   00000004              : _lock.obj (.bss)
                 [ 0000a558 ]  000052ac          *   00000004              : exit.obj (.bss)

.const.1     0   [ 0000a560 ]  000052b0          *   00000195   
                 [ 0000a560 ]  000052b0          *   00000101   rts55x.lib : ctype.obj (.const:__ctypes_)
                 [ 0000a762 ]  000053b1          *   00000001   main.obj (.const)
                 [ 0000a764 ]  000053b2          *   00000093   main.obj (.const:.string)

.const.2     0   [ 0000a88c ]  00005446          *   0000003c   
                 [ 0000a88c ]  00005446          *   00000024   rts55x.lib : _printfi.obj (.const:.string)
                 [ 0000a8d4 ]  0000546a          *   0000000c              : _printfi.obj (.const)
                 [ 0000a8ec ]  00005476          *   00000008              : divd.obj (.const:_initial_approx$1)
                 [ 0000a8fc ]  0000547e          *   00000002              : fputs.obj (.const:.string)
                 [ 0000a900 ]  00005480          *   00000002              : fltlid.obj (.const)

.cio         0   [ 0000a908 ]  00005484          *   00000120   UNINITIALIZED
                 [ 0000a908 ]  00005484          *   00000120   rts55x.lib : trgmsg.obj (.cio)

.cinit       0   [ 0000ab48 ]  000055a4          *   00000083   
                 [ 0000ab48 ]  000055a4          *   0000002d   rts55x.lib : lowlev.obj (.cinit)
                 [ 0000aba2 ]  000055d1          *   0000002a              : defs.obj (.cinit)
                 [ 0000abf6 ]  000055fb          *   0000000f   main.obj (.cinit)
                 [ 0000ac14 ]  0000560a          *   0000000a   rts55x.lib : _lock.obj (.cinit)
                 [ 0000ac28 ]  00005614          *   0000000a              : exit.obj (.cinit)
                 [ 0000ac3c ]  0000561e          *   00000004              : fopen.obj (.cinit)
                 [ 0000ac44 ]  00005622          *   00000004              : memory.obj (.cinit)
                 [ 0000ac4c ]  00005626          *   00000001   --HOLE-- [fill = 0]

vectors      0     0000fe00  [ 00007f00 ] 00000100          *   
                   0000fe00  [ 00007f00 ] 00000100          *   rts55x.lib : vectors.obj (vectors)


GLOBAL SYMBOLS: SORTED ALPHABETICALLY BY Name 

abs. value/
byte addr   word addr   name
---------   ---------   ----
00000002                $TI_capability$C5500$CallingConvention
00000002                $TI_capability$C5500$MemoryModel
00000001                $TI_capability_requires_rev2
ffffffff                .bss
ffffffff                .data
ffffffff                .text
00004837                C$$EXIT
00003e64                C$$IO$$
000047f7                I$$LMPY
0000477c                I$$UDIV
00004791                I$$UMOD
            00004c20    _B
            000053b1    _BL
000022b1                _HOSTclock
00002246                _HOSTclose
00002191                _HOSTlseek
000020f2                _HOSTopen
00002065                _HOSTread
00001fb7                _HOSTrename
00001f59                _HOSTtime
00001eef                _HOSTunlink
00001e62                _HOSTwrite
0000fe00                _Reset
            00005484    __CIOBUF_
            00003420    __STACK_END
00002000                __STACK_SIZE
00002000                __SYSMEM_SIZE
00001000                __SYSSTACK_SIZE
00000001                __TI_args_main
ffffffff                ___binit__
ffffffff                ___bss__
ffffffff                ___c_args__
            000055a4    ___cinit__
ffffffff                ___data__
ffffffff                ___edata__
ffffffff                ___end__
ffffffff                ___etext__
000047c9                ___isinf
ffffffff                ___pinit__
ffffffff                ___text__
0000306d                __addd
000045c3                __args_main
00003e69                __buff_read
00002cb1                __cleanup
            000052ac    __cleanup_ptr
00003647                __cmpd
            000052b0    __ctypes_
000027c4                __divd
00004659                __divli
00003038                __divlli
0000477c                __divu
00003fbd                __divul
00002f44                __divull
00003ced                __doflush
            000052ae    __dtors_ptr
00003613                __eqld
00004752                __fixdi
000042b1                __fixdli
00004463                __fltlid
00004156                __frcmpyd
000041cc                __frcmpyd_div
            0000515e    __ft_end
            00005046    __ftable
000035c9                __geqd
0000357e                __gtrd
00003531                __leqd
            000052a8    __lock
000034e9                __lssd
00003802                __mpyd
000047f7                __mpyli
00002e8c                __mpylli
0000481c                __negd
000034b5                __neqd
0000481a                __nop
00001662                __printfi
00003bc3                __rd_ok
00004812                __register_lock
0000480a                __register_unlock
0000460e                __remli
00002e5d                __remlli
00004791                __remu
0000423f                __remul
00002e0f                __remull
            00002420    __stack
000047e3                __subd
            00003420    __sys_memory
            00004420    __sysstack
            000050be    __tmpnams
            000052aa    __unlock
00003b43                __wrt_ok
00004836                _abort
00001cf7                _add_device
000044ca                _atoi
00004576                _auto_init
            00004c2c    _buffer
0000471e                _c_int00
0000279e                _calloc
00002796                _chkheap
00001c84                _close
000046e0                _exit
000040db                _fclose
00003d56                _fflush
00003c20                _filter
00001c7b                _find_registered_device
0000438d                _fir
00002dd4                _fopen
00003f17                _fputc
0000369f                _fputs
0000394e                _fread
0000230f                _free
00002740                _free_memory
00002d0b                _freopen
000043f8                _fseek
000032c7                _fwrite
00001de7                _getenv
00001c15                _lseek
0000405e                _ltoa
00003c5b                _main
00002440                _malloc
000026e6                _max_free
000047a6                _memccpy
000046a1                _memcpy
000023db                _minit
00001b56                _open
            00004c3a    _out
00004526                _printf
00003f17                _putc
00003fae                _putchar
000037d4                _puts
00001aa8                _read
            00004e45    _readFromFile
00004320                _readmsg
00002535                _realloc
0000482c                _remove
00001a72                _remove_device
00001a19                _rename
00003a5d                _setvbuf
000019e6                _unlink
000018a4                _write
00003daf                _writemsg
ffffffff                binit
            000055a4    cinit
ffffffff                edata
ffffffff                end
ffffffff                etext
ffffffff                pinit


GLOBAL SYMBOLS: SORTED BY Symbol Address 

abs. value/
byte addr   word addr   name
---------   ---------   ----
00000001                $TI_capability_requires_rev2
00000001                __TI_args_main
00000002                $TI_capability$C5500$CallingConvention
00000002                $TI_capability$C5500$MemoryModel
00001000                __SYSSTACK_SIZE
00001662                __printfi
000018a4                _write
000019e6                _unlink
00001a19                _rename
00001a72                _remove_device
00001aa8                _read
00001b56                _open
00001c15                _lseek
00001c7b                _find_registered_device
00001c84                _close
00001cf7                _add_device
00001de7                _getenv
00001e62                _HOSTwrite
00001eef                _HOSTunlink
00001f59                _HOSTtime
00001fb7                _HOSTrename
00002000                __STACK_SIZE
00002000                __SYSMEM_SIZE
00002065                _HOSTread
000020f2                _HOSTopen
00002191                _HOSTlseek
00002246                _HOSTclose
000022b1                _HOSTclock
0000230f                _free
000023db                _minit
00002440                _malloc
00002535                _realloc
000026e6                _max_free
00002740                _free_memory
00002796                _chkheap
0000279e                _calloc
000027c4                __divd
00002cb1                __cleanup
00002d0b                _freopen
00002dd4                _fopen
00002e0f                __remull
00002e5d                __remlli
00002e8c                __mpylli
00002f44                __divull
00003038                __divlli
0000306d                __addd
000032c7                _fwrite
000034b5                __neqd
000034e9                __lssd
00003531                __leqd
0000357e                __gtrd
000035c9                __geqd
00003613                __eqld
00003647                __cmpd
0000369f                _fputs
000037d4                _puts
00003802                __mpyd
0000394e                _fread
00003a5d                _setvbuf
00003b43                __wrt_ok
00003bc3                __rd_ok
00003c20                _filter
00003c5b                _main
00003ced                __doflush
00003d56                _fflush
00003daf                _writemsg
00003e64                C$$IO$$
00003e69                __buff_read
00003f17                _fputc
00003f17                _putc
00003fae                _putchar
00003fbd                __divul
0000405e                _ltoa
000040db                _fclose
00004156                __frcmpyd
000041cc                __frcmpyd_div
0000423f                __remul
000042b1                __fixdli
00004320                _readmsg
0000438d                _fir
000043f8                _fseek
00004463                __fltlid
000044ca                _atoi
00004526                _printf
00004576                _auto_init
000045c3                __args_main
0000460e                __remli
00004659                __divli
000046a1                _memcpy
000046e0                _exit
0000471e                _c_int00
00004752                __fixdi
0000477c                I$$UDIV
0000477c                __divu
00004791                I$$UMOD
00004791                __remu
000047a6                _memccpy
000047c9                ___isinf
000047e3                __subd
000047f7                I$$LMPY
000047f7                __mpyli
0000480a                __register_unlock
00004812                __register_lock
0000481a                __nop
0000481c                __negd
0000482c                _remove
00004836                _abort
00004837                C$$EXIT
            00002420    __stack
            00003420    __STACK_END
            00003420    __sys_memory
            00004420    __sysstack
            00004c20    _B
            00004c2c    _buffer
            00004c3a    _out
            00004e45    _readFromFile
            00005046    __ftable
            000050be    __tmpnams
            0000515e    __ft_end
            000052a8    __lock
            000052aa    __unlock
            000052ac    __cleanup_ptr
            000052ae    __dtors_ptr
            000052b0    __ctypes_
            000053b1    _BL
            00005484    __CIOBUF_
            000055a4    ___cinit__
            000055a4    cinit
0000fe00                _Reset
ffffffff                .bss
ffffffff                .data
ffffffff                .text
ffffffff                ___binit__
ffffffff                ___bss__
ffffffff                ___c_args__
ffffffff                ___data__
ffffffff                ___edata__
ffffffff                ___end__
ffffffff                ___etext__
ffffffff                ___pinit__
ffffffff                ___text__
ffffffff                binit
ffffffff                edata
ffffffff                end
ffffffff                etext
ffffffff                pinit

[146 symbols]
