******************************************************************************
              TMS320C55x Linker PC v4.4.1                      
******************************************************************************
>> Linked Thu May 31 19:11:02 2018

OUTPUT FILE NAME:   <lab3_1.out>
ENTRY POINT SYMBOL: "_c_int00"  address: 000043cf


MEMORY CONFIGURATION

         name            origin    length      used     unused   attr    fill
                        (bytes)   (bytes)    (bytes)   (bytes)
----------------------  --------  ---------  --------  --------  ----  --------
PAGE 0:
  MMR                   00000000   000000c0  00000000  000000c0  RWIX
  BTRSVD                000000c0   00000240  00000000  00000240  RWIX
  DARAM0                00000300   0000fb00  0000b2f1  0000480f  RWIX
  VECS                  0000fe00   00000200  00000100  00000100  RWIX
  CE0                   00010000   003f0000  00000000  003f0000  RWIX
  CE1                   00400000   00400000  00000000  00400000  RWIX
  CE2                   00800000   00400000  00000000  00400000  RWIX
  CE3                   00c00000   003f8000  00000000  003f8000  RWIX
  PDROM                 00ff8000   00008000  00000000  00008000  R IX

PAGE 2:
  IOPORT                00000000   00020000  00000000  00020000  RWI 


SECTION ALLOCATION MAP
(Addresses surrounded by []'s are displayed for convenience only!)

output                                                          attributes/
section   page  orgn(bytes) orgn(words) len(bytes) len(words)   input sections
--------  ----  ----------- ----------- ---------- ----------   --------------
.pinit       0   [ 00000300 ]  00000180          *   00000000   UNINITIALIZED

.data        0   [ 00000300 ]  00000180          *   00000000   UNINITIALIZED

.text        0     00000300  [ 00000180 ] 000041f1          *   
                   00000300  [ 00000180 ] 000015a4          *   rts55x.lib : _printfi.obj (.text)
                   000018a4  [ 00000c52 ] 00000543          *              : lowlev.obj (.text)
                   00001de7  [ 00000ef3+] 00000528          *              : trgdrv.obj (.text)
                   0000230f  [ 00001187+] 000004b5          *              : memory.obj (.text)
                   000027c4  [ 000013e2 ] 000003cc          *              : divd.obj (.text)
                   00002b90  [ 000015c8 ] 0000027f          *              : fopen.obj (.text)
                   00002e0f  [ 00001707+] 0000025e          *              : llmpy.obj (.text)
                   0000306d  [ 00001836+] 0000025a          *              : addd.obj (.text)
                   000032c7  [ 00001963+] 000001ea          *              : cmpd.obj (.text)
                   000034b1  [ 00001a58+] 00000163          *              : fputs.obj (.text)
                   00003614  [ 00001b0a ] 0000014c          *              : mpyd.obj (.text)
                   00003760  [ 00001bb0 ] 000000e6          *              : setvbuf.obj (.text)
                   00003846  [ 00001c23 ] 000000df          *   main.obj (.text)
                   00003925  [ 00001c92+] 000000dd          *   rts55x.lib : _io_perm.obj (.text)
                   00003a02  [ 00001d01 ] 000000c2          *              : fflush.obj (.text)
                   00003ac4  [ 00001d62 ] 000000ba          *              : trgmsg.obj (.text:CIO_breakpoint)
                   00003b7e  [ 00001dbf ] 000000a6          *              : fputc.obj (.text)
                   00003c24  [ 00001e12 ] 000000a1          *              : divul.obj (.text)
                   00003cc5  [ 00001e62+] 0000007d          *              : ltoa.obj (.text)
                   00003d42  [ 00001ea1 ] 0000007b          *              : fclose.obj (.text)
                   00003dbd  [ 00001ede+] 00000076          *              : frcmpyd.obj (.text)
                   00003e33  [ 00001f19+] 00000073          *              : frcmpyd_div.obj (.text)
                   00003ea6  [ 00001f53 ] 00000072          *              : remul.obj (.text)
                   00003f18  [ 00001f8c ] 0000006f          *              : fixdli.obj (.text)
                   00003f87  [ 00001fc3+] 0000006d          *              : trgmsg.obj (.text)
                   00003ff4  [ 00001ffa ] 0000006b          *   55xdspx.lib : fir.obj (.text)
                   0000405f  [ 0000202f+] 0000006b          *   rts55x.lib : fseek.obj (.text)
                   000040ca  [ 00002065 ] 00000067          *              : fltlid.obj (.text)
                   00004131  [ 00002098+] 0000005c          *              : atoi.obj (.text)
                   0000418d  [ 000020c6+] 00000050          *              : printf.obj (.text)
                   000041dd  [ 000020ee+] 0000004d          *              : autoinit.obj (.text)
                   0000422a  [ 00002115 ] 0000004b          *              : args_main.obj (.text)
                   00004275  [ 0000213a+] 0000004b          *              : remli.obj (.text)
                   000042c0  [ 00002160 ] 0000004a          *              : fprintf.obj (.text)
                   0000430a  [ 00002185 ] 00000048          *              : divli.obj (.text)
                   00004352  [ 000021a9 ] 0000003f          *              : memcpy.obj (.text)
                   00004391  [ 000021c8+] 0000003e          *              : exit.obj (.text)
                   000043cf  [ 000021e7+] 00000034          *              : boot.obj (.text)
                   00004403  [ 00002201+] 0000002a          *              : fixdi.obj (.text)
                   0000442d  [ 00002216+] 0000002a          *              : udiv.obj (.text)
                   00004457  [ 0000222b+] 00000023          *              : memccpy.obj (.text)
                   0000447a  [ 0000223d ] 0000001a          *              : isinf.obj (.text)
                   00004494  [ 0000224a ] 00000014          *              : subd.obj (.text)
                   000044a8  [ 00002254 ] 00000013          *              : lmpy.obj (.text)
                   000044bb  [ 0000225d+] 00000012          *              : _lock.obj (.text)
                   000044cd  [ 00002266+] 00000010          *              : negd.obj (.text)
                   000044dd  [ 0000226e+] 0000000a          *              : remove.obj (.text)
                   000044e7  [ 00002273+] 00000007          *              : exit.obj (.text:CIO_breakpoint)
                   000044ee  [ 00002277 ] 00000002          *              : vectors.obj (.text)
                   000044f0  [ 00002278 ] 00000001          *   --HOLE-- [fill = 20]

.stack       0   [ 000044f4 ]  0000227a          *   00001000   UNINITIALIZED
                 [ 000044f4 ]  0000227a          *   00001000   --HOLE--

.sysmem      0   [ 000064f4 ]  0000327a          *   00001000   UNINITIALIZED
                 [ 000064f4 ]  0000327a          *   00001000   --HOLE--

.bss.1       0   [ 000084f4 ]  0000427a          *   00000a81   UNINITIALIZED
                 [ 000084f4 ]  0000427a          *   00000826   main.obj (.bss)
                 [ 00009540 ]  00004aa0          *   00000119   rts55x.lib : defs.obj (.bss)
                 [ 00009772 ]  00004bb9          *   000000d0              : trgdrv.obj (.bss)
                 [ 00009912 ]  00004c89          *   00000001              : fopen.obj (.bss)
                 [ 00009914 ]  00004c8a          *   00000071              : lowlev.obj (.bss)

.bss.2       0   [ 000099f8 ]  00004cfc          *   0000000e   UNINITIALIZED
                 [ 000099f8 ]  00004cfc          *   00000006   rts55x.lib : memory.obj (.bss)
                 [ 00009a04 ]  00004d02          *   00000004              : _lock.obj (.bss)
                 [ 00009a0c ]  00004d06          *   00000004              : exit.obj (.bss)

.sysstack 
*            0   [ 00009a14 ]  00004d0a          *   00000800   UNINITIALIZED
                 [ 00009a14 ]  00004d0a          *   00000800   --HOLE--

.cinit       0   [ 0000aa14 ]  0000550a          *   00000326   
                 [ 0000aa14 ]  0000550a          *   000002b2   main.obj (.cinit)
                 [ 0000af78 ]  000057bc          *   0000002d   rts55x.lib : lowlev.obj (.cinit)
                 [ 0000afd2 ]  000057e9          *   0000002a              : defs.obj (.cinit)
                 [ 0000b026 ]  00005813          *   0000000a              : _lock.obj (.cinit)
                 [ 0000b03a ]  0000581d          *   0000000a              : exit.obj (.cinit)
                 [ 0000b04e ]  00005827          *   00000004              : fopen.obj (.cinit)
                 [ 0000b056 ]  0000582b          *   00000004              : memory.obj (.cinit)
                 [ 0000b05e ]  0000582f          *   00000001   --HOLE-- [fill = 0]

.const.1     0   [ 0000b060 ]  00005830          *   0000016f   
                 [ 0000b060 ]  00005830          *   00000101   rts55x.lib : ctype.obj (.const:__ctypes_)
                 [ 0000b262 ]  00005931          *   00000001   main.obj (.const)
                 [ 0000b264 ]  00005932          *   0000006d   main.obj (.const:.string)

.const.2     0   [ 0000b340 ]  000059a0          *   0000003c   
                 [ 0000b340 ]  000059a0          *   00000024   rts55x.lib : _printfi.obj (.const:.string)
                 [ 0000b388 ]  000059c4          *   0000000c              : _printfi.obj (.const)
                 [ 0000b3a0 ]  000059d0          *   00000008              : divd.obj (.const:_initial_approx$1)
                 [ 0000b3b0 ]  000059d8          *   00000002              : fputs.obj (.const:.string)
                 [ 0000b3b4 ]  000059da          *   00000002              : fltlid.obj (.const)

.cio         0   [ 0000b3b8 ]  000059dc          *   00000120   UNINITIALIZED
                 [ 0000b3b8 ]  000059dc          *   00000120   rts55x.lib : trgmsg.obj (.cio)

vectors      0     0000fe00  [ 00007f00 ] 00000100          *   
                   0000fe00  [ 00007f00 ] 00000100          *   rts55x.lib : vectors.obj (vectors)


GLOBAL SYMBOLS: SORTED ALPHABETICALLY BY Name 

abs. value/
byte addr   word addr   name
---------   ---------   ----
00000002                $TI_capability$C5500$CallingConvention
00000002                $TI_capability$C5500$MemoryModel
00000001                $TI_capability_requires_rev2
ffffffff                .bss
ffffffff                .data
ffffffff                .text
000044e8                C$$EXIT
00003b79                C$$IO$$
000044a8                I$$LMPY
0000442d                I$$UDIV
00004442                I$$UMOD
            0000427a    _B
            00005931    _BL
000022b1                _HOSTclock
00002246                _HOSTclose
00002191                _HOSTlseek
000020f2                _HOSTopen
00002065                _HOSTread
00001fb7                _HOSTrename
00001f59                _HOSTtime
00001eef                _HOSTunlink
00001e62                _HOSTwrite
0000fe00                _Reset
            000059dc    __CIOBUF_
            0000327a    __STACK_END
00002000                __STACK_SIZE
00002000                __SYSMEM_SIZE
00001000                __SYSSTACK_SIZE
00000001                __TI_args_main
ffffffff                ___binit__
ffffffff                ___bss__
ffffffff                ___c_args__
            0000550a    ___cinit__
ffffffff                ___data__
ffffffff                ___edata__
ffffffff                ___end__
ffffffff                ___etext__
0000447a                ___isinf
ffffffff                ___pinit__
ffffffff                ___text__
0000306d                __addd
0000422a                __args_main
00002cb1                __cleanup
            00004d06    __cleanup_ptr
00003459                __cmpd
            00005830    __ctypes_
000027c4                __divd
0000430a                __divli
00003038                __divlli
0000442d                __divu
00003c24                __divul
00002f44                __divull
00003a02                __doflush
            00004d08    __dtors_ptr
00003425                __eqld
00004403                __fixdi
00003f18                __fixdli
000040ca                __fltlid
00003dbd                __frcmpyd
00003e33                __frcmpyd_div
            00004bb8    __ft_end
            00004aa0    __ftable
000033db                __geqd
00003390                __gtrd
00003343                __leqd
            00004d02    __lock
000032fb                __lssd
00003614                __mpyd
000044a8                __mpyli
00002e8c                __mpylli
000044cd                __negd
000032c7                __neqd
000044cb                __nop
00001662                __printfi
000039a5                __rd_ok
000044c3                __register_lock
000044bb                __register_unlock
00004275                __remli
00002e5d                __remlli
00004442                __remu
00003ea6                __remul
00002e0f                __remull
            0000227a    __stack
00004494                __subd
            0000327a    __sys_memory
            00004d0a    __sysstack
            00004b18    __tmpnams
            00004d04    __unlock
00003925                __wrt_ok
000044e7                _abort
00001cf7                _add_device
00004131                _atoi
000041dd                _auto_init
            00004286    _buffer
000043cf                _c_int00
0000279e                _calloc
00002796                _chkheap
00001c84                _close
00004391                _exit
00003d42                _fclose
00003a6b                _fflush
00003846                _filter
00001c7b                _find_registered_device
00003ff4                _fir
00002dd4                _fopen
000042c0                _fprintf
00003b7e                _fputc
000034b1                _fputs
0000230f                _free
00002740                _free_memory
00002d0b                _freopen
0000405f                _fseek
00001de7                _getenv
00001c15                _lseek
00003cc5                _ltoa
00003881                _main
00002440                _malloc
000026e6                _max_free
00004457                _memccpy
00004352                _memcpy
000023db                _minit
00001b56                _open
            00004294    _out
0000418d                _printf
00003b7e                _putc
00003c15                _putchar
000035e6                _puts
00001aa8                _read
00003f87                _readmsg
00002535                _realloc
000044dd                _remove
00001a72                _remove_device
00001a19                _rename
            000046a0    _samples
00003760                _setvbuf
000019e6                _unlink
000018a4                _write
00003ac4                _writemsg
ffffffff                binit
            0000550a    cinit
ffffffff                edata
ffffffff                end
ffffffff                etext
ffffffff                pinit


GLOBAL SYMBOLS: SORTED BY Symbol Address 

abs. value/
byte addr   word addr   name
---------   ---------   ----
00000001                $TI_capability_requires_rev2
00000001                __TI_args_main
00000002                $TI_capability$C5500$CallingConvention
00000002                $TI_capability$C5500$MemoryModel
00001000                __SYSSTACK_SIZE
00001662                __printfi
000018a4                _write
000019e6                _unlink
00001a19                _rename
00001a72                _remove_device
00001aa8                _read
00001b56                _open
00001c15                _lseek
00001c7b                _find_registered_device
00001c84                _close
00001cf7                _add_device
00001de7                _getenv
00001e62                _HOSTwrite
00001eef                _HOSTunlink
00001f59                _HOSTtime
00001fb7                _HOSTrename
00002000                __STACK_SIZE
00002000                __SYSMEM_SIZE
00002065                _HOSTread
000020f2                _HOSTopen
00002191                _HOSTlseek
00002246                _HOSTclose
000022b1                _HOSTclock
0000230f                _free
000023db                _minit
00002440                _malloc
00002535                _realloc
000026e6                _max_free
00002740                _free_memory
00002796                _chkheap
0000279e                _calloc
000027c4                __divd
00002cb1                __cleanup
00002d0b                _freopen
00002dd4                _fopen
00002e0f                __remull
00002e5d                __remlli
00002e8c                __mpylli
00002f44                __divull
00003038                __divlli
0000306d                __addd
000032c7                __neqd
000032fb                __lssd
00003343                __leqd
00003390                __gtrd
000033db                __geqd
00003425                __eqld
00003459                __cmpd
000034b1                _fputs
000035e6                _puts
00003614                __mpyd
00003760                _setvbuf
00003846                _filter
00003881                _main
00003925                __wrt_ok
000039a5                __rd_ok
00003a02                __doflush
00003a6b                _fflush
00003ac4                _writemsg
00003b79                C$$IO$$
00003b7e                _fputc
00003b7e                _putc
00003c15                _putchar
00003c24                __divul
00003cc5                _ltoa
00003d42                _fclose
00003dbd                __frcmpyd
00003e33                __frcmpyd_div
00003ea6                __remul
00003f18                __fixdli
00003f87                _readmsg
00003ff4                _fir
0000405f                _fseek
000040ca                __fltlid
00004131                _atoi
0000418d                _printf
000041dd                _auto_init
0000422a                __args_main
00004275                __remli
000042c0                _fprintf
0000430a                __divli
00004352                _memcpy
00004391                _exit
000043cf                _c_int00
00004403                __fixdi
0000442d                I$$UDIV
0000442d                __divu
00004442                I$$UMOD
00004442                __remu
00004457                _memccpy
0000447a                ___isinf
00004494                __subd
000044a8                I$$LMPY
000044a8                __mpyli
000044bb                __register_unlock
000044c3                __register_lock
000044cb                __nop
000044cd                __negd
000044dd                _remove
000044e7                _abort
000044e8                C$$EXIT
            0000227a    __stack
            0000327a    __STACK_END
            0000327a    __sys_memory
            0000427a    _B
            00004286    _buffer
            00004294    _out
            000046a0    _samples
            00004aa0    __ftable
            00004b18    __tmpnams
            00004bb8    __ft_end
            00004d02    __lock
            00004d04    __unlock
            00004d06    __cleanup_ptr
            00004d08    __dtors_ptr
            00004d0a    __sysstack
            0000550a    ___cinit__
            0000550a    cinit
            00005830    __ctypes_
            00005931    _BL
            000059dc    __CIOBUF_
0000fe00                _Reset
ffffffff                .bss
ffffffff                .data
ffffffff                .text
ffffffff                ___binit__
ffffffff                ___bss__
ffffffff                ___c_args__
ffffffff                ___data__
ffffffff                ___edata__
ffffffff                ___end__
ffffffff                ___etext__
ffffffff                ___pinit__
ffffffff                ___text__
ffffffff                binit
ffffffff                edata
ffffffff                end
ffffffff                etext
ffffffff                pinit

[144 symbols]
