<?xml version="1.0"?>
<link_info>
   <banner>TMS320C55x Linker PC v4.4.1</banner>
   <copyright>Copyright (c) 1996-2012 Texas Instruments Incorporated</copyright>
   <link_time>0x5b130c6e</link_time>
   <output_file>lab3_1.out</output_file>
   <entry_point>
      <name>_c_int00</name>
      <address>0x656d</address>
   </entry_point>
   <input_file_list>
      <input_file id="fl-2">
         <path>.\</path>
         <kind>object</kind>
         <file>main.obj</file>
         <name>main.obj</name>
      </input_file>
      <input_file id="fl-1c">
         <path>C:\ti\ccsv8\tools\compiler\c5500_4.4.1\lib\</path>
         <kind>archive</kind>
         <file>rts55x.lib</file>
         <name>boot.obj</name>
      </input_file>
      <input_file id="fl-1d">
         <path>C:\ti\ccsv8\tools\compiler\c5500_4.4.1\lib\</path>
         <kind>archive</kind>
         <file>rts55x.lib</file>
         <name>exit.obj</name>
      </input_file>
      <input_file id="fl-1e">
         <path>C:\ti\ccsv8\tools\compiler\c5500_4.4.1\lib\</path>
         <kind>archive</kind>
         <file>rts55x.lib</file>
         <name>fclose.obj</name>
      </input_file>
      <input_file id="fl-1f">
         <path>C:\ti\ccsv8\tools\compiler\c5500_4.4.1\lib\</path>
         <kind>archive</kind>
         <file>rts55x.lib</file>
         <name>feof.obj</name>
      </input_file>
      <input_file id="fl-20">
         <path>C:\ti\ccsv8\tools\compiler\c5500_4.4.1\lib\</path>
         <kind>archive</kind>
         <file>rts55x.lib</file>
         <name>fflush.obj</name>
      </input_file>
      <input_file id="fl-21">
         <path>C:\ti\ccsv8\tools\compiler\c5500_4.4.1\lib\</path>
         <kind>archive</kind>
         <file>rts55x.lib</file>
         <name>fopen.obj</name>
      </input_file>
      <input_file id="fl-22">
         <path>C:\ti\ccsv8\tools\compiler\c5500_4.4.1\lib\</path>
         <kind>archive</kind>
         <file>rts55x.lib</file>
         <name>fprintf.obj</name>
      </input_file>
      <input_file id="fl-23">
         <path>C:\ti\ccsv8\tools\compiler\c5500_4.4.1\lib\</path>
         <kind>archive</kind>
         <file>rts55x.lib</file>
         <name>fputc.obj</name>
      </input_file>
      <input_file id="fl-24">
         <path>C:\ti\ccsv8\tools\compiler\c5500_4.4.1\lib\</path>
         <kind>archive</kind>
         <file>rts55x.lib</file>
         <name>fputs.obj</name>
      </input_file>
      <input_file id="fl-25">
         <path>C:\ti\ccsv8\tools\compiler\c5500_4.4.1\lib\</path>
         <kind>archive</kind>
         <file>rts55x.lib</file>
         <name>fscanf.obj</name>
      </input_file>
      <input_file id="fl-26">
         <path>C:\ti\ccsv8\tools\compiler\c5500_4.4.1\lib\</path>
         <kind>archive</kind>
         <file>rts55x.lib</file>
         <name>lowlev.obj</name>
      </input_file>
      <input_file id="fl-27">
         <path>C:\ti\ccsv8\tools\compiler\c5500_4.4.1\lib\</path>
         <kind>archive</kind>
         <file>rts55x.lib</file>
         <name>memcpy.obj</name>
      </input_file>
      <input_file id="fl-28">
         <path>C:\ti\ccsv8\tools\compiler\c5500_4.4.1\lib\</path>
         <kind>archive</kind>
         <file>rts55x.lib</file>
         <name>memory.obj</name>
      </input_file>
      <input_file id="fl-29">
         <path>C:\ti\ccsv8\tools\compiler\c5500_4.4.1\lib\</path>
         <kind>archive</kind>
         <file>rts55x.lib</file>
         <name>printf.obj</name>
      </input_file>
      <input_file id="fl-2a">
         <path>C:\ti\ccsv8\tools\compiler\c5500_4.4.1\lib\</path>
         <kind>archive</kind>
         <file>rts55x.lib</file>
         <name>remove.obj</name>
      </input_file>
      <input_file id="fl-2b">
         <path>C:\ti\ccsv8\tools\compiler\c5500_4.4.1\lib\</path>
         <kind>archive</kind>
         <file>rts55x.lib</file>
         <name>trgdrv.obj</name>
      </input_file>
      <input_file id="fl-2c">
         <path>C:\ti\ccsv8\tools\compiler\c5500_4.4.1\lib\</path>
         <kind>archive</kind>
         <file>rts55x.lib</file>
         <name>trgmsg.obj</name>
      </input_file>
      <input_file id="fl-2d">
         <path>C:\ti\ccsv8\tools\compiler\c5500_4.4.1\lib\</path>
         <kind>archive</kind>
         <file>rts55x.lib</file>
         <name>ungetc.obj</name>
      </input_file>
      <input_file id="fl-2e">
         <path>C:\ti\ccsv8\tools\compiler\c5500_4.4.1\lib\</path>
         <kind>archive</kind>
         <file>rts55x.lib</file>
         <name>vectors.obj</name>
      </input_file>
      <input_file id="fl-2f">
         <path>C:\ti\ccsv8\tools\compiler\c5500_4.4.1\lib\</path>
         <kind>archive</kind>
         <file>rts55x.lib</file>
         <name>_io_perm.obj</name>
      </input_file>
      <input_file id="fl-30">
         <path>C:\ti\ccsv8\tools\compiler\c5500_4.4.1\lib\</path>
         <kind>archive</kind>
         <file>rts55x.lib</file>
         <name>_lock.obj</name>
      </input_file>
      <input_file id="fl-31">
         <path>C:\ti\ccsv8\tools\compiler\c5500_4.4.1\lib\</path>
         <kind>archive</kind>
         <file>rts55x.lib</file>
         <name>_printfi.obj</name>
      </input_file>
      <input_file id="fl-32">
         <path>C:\ti\ccsv8\tools\compiler\c5500_4.4.1\lib\</path>
         <kind>archive</kind>
         <file>rts55x.lib</file>
         <name>_scanfi.obj</name>
      </input_file>
      <input_file id="fl-33">
         <path>C:\ti\ccsv8\tools\compiler\c5500_4.4.1\lib\</path>
         <kind>archive</kind>
         <file>rts55x.lib</file>
         <name>args_main.obj</name>
      </input_file>
      <input_file id="fl-34">
         <path>C:\ti\ccsv8\tools\compiler\c5500_4.4.1\lib\</path>
         <kind>archive</kind>
         <file>rts55x.lib</file>
         <name>atoi.obj</name>
      </input_file>
      <input_file id="fl-35">
         <path>C:\ti\ccsv8\tools\compiler\c5500_4.4.1\lib\</path>
         <kind>archive</kind>
         <file>rts55x.lib</file>
         <name>autoinit.obj</name>
      </input_file>
      <input_file id="fl-36">
         <path>C:\ti\ccsv8\tools\compiler\c5500_4.4.1\lib\</path>
         <kind>archive</kind>
         <file>rts55x.lib</file>
         <name>cmpd.obj</name>
      </input_file>
      <input_file id="fl-37">
         <path>C:\ti\ccsv8\tools\compiler\c5500_4.4.1\lib\</path>
         <kind>archive</kind>
         <file>rts55x.lib</file>
         <name>ctype.obj</name>
      </input_file>
      <input_file id="fl-38">
         <path>C:\ti\ccsv8\tools\compiler\c5500_4.4.1\lib\</path>
         <kind>archive</kind>
         <file>rts55x.lib</file>
         <name>defs.obj</name>
      </input_file>
      <input_file id="fl-39">
         <path>C:\ti\ccsv8\tools\compiler\c5500_4.4.1\lib\</path>
         <kind>archive</kind>
         <file>rts55x.lib</file>
         <name>divd.obj</name>
      </input_file>
      <input_file id="fl-3a">
         <path>C:\ti\ccsv8\tools\compiler\c5500_4.4.1\lib\</path>
         <kind>archive</kind>
         <file>rts55x.lib</file>
         <name>divul.obj</name>
      </input_file>
      <input_file id="fl-3b">
         <path>C:\ti\ccsv8\tools\compiler\c5500_4.4.1\lib\</path>
         <kind>archive</kind>
         <file>rts55x.lib</file>
         <name>fgetc.obj</name>
      </input_file>
      <input_file id="fl-3c">
         <path>C:\ti\ccsv8\tools\compiler\c5500_4.4.1\lib\</path>
         <kind>archive</kind>
         <file>rts55x.lib</file>
         <name>fixdi.obj</name>
      </input_file>
      <input_file id="fl-3d">
         <path>C:\ti\ccsv8\tools\compiler\c5500_4.4.1\lib\</path>
         <kind>archive</kind>
         <file>rts55x.lib</file>
         <name>fixdli.obj</name>
      </input_file>
      <input_file id="fl-3e">
         <path>C:\ti\ccsv8\tools\compiler\c5500_4.4.1\lib\</path>
         <kind>archive</kind>
         <file>rts55x.lib</file>
         <name>fltlid.obj</name>
      </input_file>
      <input_file id="fl-3f">
         <path>C:\ti\ccsv8\tools\compiler\c5500_4.4.1\lib\</path>
         <kind>archive</kind>
         <file>rts55x.lib</file>
         <name>frcmpyd_div.obj</name>
      </input_file>
      <input_file id="fl-40">
         <path>C:\ti\ccsv8\tools\compiler\c5500_4.4.1\lib\</path>
         <kind>archive</kind>
         <file>rts55x.lib</file>
         <name>fseek.obj</name>
      </input_file>
      <input_file id="fl-41">
         <path>C:\ti\ccsv8\tools\compiler\c5500_4.4.1\lib\</path>
         <kind>archive</kind>
         <file>rts55x.lib</file>
         <name>isinf.obj</name>
      </input_file>
      <input_file id="fl-42">
         <path>C:\ti\ccsv8\tools\compiler\c5500_4.4.1\lib\</path>
         <kind>archive</kind>
         <file>rts55x.lib</file>
         <name>llmpy.obj</name>
      </input_file>
      <input_file id="fl-43">
         <path>C:\ti\ccsv8\tools\compiler\c5500_4.4.1\lib\</path>
         <kind>archive</kind>
         <file>rts55x.lib</file>
         <name>lmpy.obj</name>
      </input_file>
      <input_file id="fl-44">
         <path>C:\ti\ccsv8\tools\compiler\c5500_4.4.1\lib\</path>
         <kind>archive</kind>
         <file>rts55x.lib</file>
         <name>ltoa.obj</name>
      </input_file>
      <input_file id="fl-45">
         <path>C:\ti\ccsv8\tools\compiler\c5500_4.4.1\lib\</path>
         <kind>archive</kind>
         <file>rts55x.lib</file>
         <name>memccpy.obj</name>
      </input_file>
      <input_file id="fl-46">
         <path>C:\ti\ccsv8\tools\compiler\c5500_4.4.1\lib\</path>
         <kind>archive</kind>
         <file>rts55x.lib</file>
         <name>mpyd.obj</name>
      </input_file>
      <input_file id="fl-47">
         <path>C:\ti\ccsv8\tools\compiler\c5500_4.4.1\lib\</path>
         <kind>archive</kind>
         <file>rts55x.lib</file>
         <name>negd.obj</name>
      </input_file>
      <input_file id="fl-48">
         <path>C:\ti\ccsv8\tools\compiler\c5500_4.4.1\lib\</path>
         <kind>archive</kind>
         <file>rts55x.lib</file>
         <name>remli.obj</name>
      </input_file>
      <input_file id="fl-49">
         <path>C:\ti\ccsv8\tools\compiler\c5500_4.4.1\lib\</path>
         <kind>archive</kind>
         <file>rts55x.lib</file>
         <name>remul.obj</name>
      </input_file>
      <input_file id="fl-4a">
         <path>C:\ti\ccsv8\tools\compiler\c5500_4.4.1\lib\</path>
         <kind>archive</kind>
         <file>rts55x.lib</file>
         <name>setvbuf.obj</name>
      </input_file>
      <input_file id="fl-4b">
         <path>C:\ti\ccsv8\tools\compiler\c5500_4.4.1\lib\</path>
         <kind>archive</kind>
         <file>rts55x.lib</file>
         <name>strtod.obj</name>
      </input_file>
      <input_file id="fl-4c">
         <path>C:\ti\ccsv8\tools\compiler\c5500_4.4.1\lib\</path>
         <kind>archive</kind>
         <file>rts55x.lib</file>
         <name>strtol.obj</name>
      </input_file>
      <input_file id="fl-4d">
         <path>C:\ti\ccsv8\tools\compiler\c5500_4.4.1\lib\</path>
         <kind>archive</kind>
         <file>rts55x.lib</file>
         <name>strtold.obj</name>
      </input_file>
      <input_file id="fl-4e">
         <path>C:\ti\ccsv8\tools\compiler\c5500_4.4.1\lib\</path>
         <kind>archive</kind>
         <file>rts55x.lib</file>
         <name>strtoll.obj</name>
      </input_file>
      <input_file id="fl-4f">
         <path>C:\ti\ccsv8\tools\compiler\c5500_4.4.1\lib\</path>
         <kind>archive</kind>
         <file>rts55x.lib</file>
         <name>strtoul.obj</name>
      </input_file>
      <input_file id="fl-50">
         <path>C:\ti\ccsv8\tools\compiler\c5500_4.4.1\lib\</path>
         <kind>archive</kind>
         <file>rts55x.lib</file>
         <name>strtoull.obj</name>
      </input_file>
      <input_file id="fl-51">
         <path>C:\ti\ccsv8\tools\compiler\c5500_4.4.1\lib\</path>
         <kind>archive</kind>
         <file>rts55x.lib</file>
         <name>subd.obj</name>
      </input_file>
      <input_file id="fl-52">
         <path>C:\ti\ccsv8\tools\compiler\c5500_4.4.1\lib\</path>
         <kind>archive</kind>
         <file>rts55x.lib</file>
         <name>udiv.obj</name>
      </input_file>
      <input_file id="fl-53">
         <path>C:\ti\ccsv8\tools\compiler\c5500_4.4.1\lib\</path>
         <kind>archive</kind>
         <file>rts55x.lib</file>
         <name>_bufread.obj</name>
      </input_file>
      <input_file id="fl-54">
         <path>C:\ti\ccsv8\tools\compiler\c5500_4.4.1\lib\</path>
         <kind>archive</kind>
         <file>rts55x.lib</file>
         <name>addd.obj</name>
      </input_file>
      <input_file id="fl-55">
         <path>C:\ti\ccsv8\tools\compiler\c5500_4.4.1\lib\</path>
         <kind>archive</kind>
         <file>rts55x.lib</file>
         <name>divli.obj</name>
      </input_file>
      <input_file id="fl-56">
         <path>C:\ti\ccsv8\tools\compiler\c5500_4.4.1\lib\</path>
         <kind>archive</kind>
         <file>rts55x.lib</file>
         <name>errno.obj</name>
      </input_file>
      <input_file id="fl-57">
         <path>C:\ti\ccsv8\tools\compiler\c5500_4.4.1\lib\</path>
         <kind>archive</kind>
         <file>rts55x.lib</file>
         <name>frcmpyd.obj</name>
      </input_file>
      <input_file id="fl-58">
         <path>C:\ti\ccsv8\tools\compiler\c5500_4.4.1\lib\</path>
         <kind>archive</kind>
         <file>rts55x.lib</file>
         <name>idiv.obj</name>
      </input_file>
      <input_file id="fl-59">
         <path>C:\Users\ferna\Documents\Lab3\Lab3_Problema01\dsplib_2.40.00\</path>
         <kind>archive</kind>
         <file>55xdspx.lib</file>
         <name>iircas51.obj</name>
      </input_file>
   </input_file_list>
   <object_component_list>
      <object_component id="oc-80">
         <name>.text</name>
         <load_address>0x300</load_address>
         <run_address>0x300</run_address>
         <size>0x15a4</size>
         <input_file_ref idref="fl-31"/>
      </object_component>
      <object_component id="oc-86">
         <name>.text</name>
         <load_address>0x18a4</load_address>
         <run_address>0x18a4</run_address>
         <size>0xedb</size>
         <input_file_ref idref="fl-32"/>
      </object_component>
      <object_component id="oc-4a">
         <name>.text</name>
         <load_address>0x277f</load_address>
         <run_address>0x277f</run_address>
         <size>0x543</size>
         <input_file_ref idref="fl-26"/>
      </object_component>
      <object_component id="oc-63">
         <name>.text</name>
         <load_address>0x2cc2</load_address>
         <run_address>0x2cc2</run_address>
         <size>0x528</size>
         <input_file_ref idref="fl-2b"/>
      </object_component>
      <object_component id="oc-54">
         <name>.text</name>
         <load_address>0x31ea</load_address>
         <run_address>0x31ea</run_address>
         <size>0x4b5</size>
         <input_file_ref idref="fl-28"/>
      </object_component>
      <object_component id="oc-a0">
         <name>.text</name>
         <load_address>0x369f</load_address>
         <run_address>0x369f</run_address>
         <size>0x3cc</size>
         <input_file_ref idref="fl-39"/>
      </object_component>
      <object_component id="oc-f7">
         <name>.text</name>
         <load_address>0x3a6b</load_address>
         <run_address>0x3a6b</run_address>
         <size>0x301</size>
         <input_file_ref idref="fl-4e"/>
      </object_component>
      <object_component id="oc-e9">
         <name>.text</name>
         <load_address>0x3d6c</load_address>
         <run_address>0x3d6c</run_address>
         <size>0x2bd</size>
         <input_file_ref idref="fl-4b"/>
      </object_component>
      <object_component id="oc-f2">
         <name>.text</name>
         <load_address>0x4029</load_address>
         <run_address>0x4029</run_address>
         <size>0x29f</size>
         <input_file_ref idref="fl-4d"/>
      </object_component>
      <object_component id="oc-33">
         <name>.text</name>
         <load_address>0x42c8</load_address>
         <run_address>0x42c8</run_address>
         <size>0x27f</size>
         <input_file_ref idref="fl-21"/>
      </object_component>
      <object_component id="oc-c5">
         <name>.text</name>
         <load_address>0x4547</load_address>
         <run_address>0x4547</run_address>
         <size>0x25e</size>
         <input_file_ref idref="fl-42"/>
      </object_component>
      <object_component id="oc-10f">
         <name>.text</name>
         <load_address>0x47a5</load_address>
         <run_address>0x47a5</run_address>
         <size>0x25a</size>
         <input_file_ref idref="fl-54"/>
      </object_component>
      <object_component id="oc-ff">
         <name>.text</name>
         <load_address>0x49ff</load_address>
         <run_address>0x49ff</run_address>
         <size>0x24b</size>
         <input_file_ref idref="fl-50"/>
      </object_component>
      <object_component id="oc-ee">
         <name>.text</name>
         <load_address>0x4c4a</load_address>
         <run_address>0x4c4a</run_address>
         <size>0x208</size>
         <input_file_ref idref="fl-4c"/>
      </object_component>
      <object_component id="oc-96">
         <name>.text</name>
         <load_address>0x4e52</load_address>
         <run_address>0x4e52</run_address>
         <size>0x1ea</size>
         <input_file_ref idref="fl-36"/>
      </object_component>
      <object_component id="oc-fb">
         <name>.text</name>
         <load_address>0x503c</load_address>
         <run_address>0x503c</run_address>
         <size>0x1d1</size>
         <input_file_ref idref="fl-4f"/>
      </object_component>
      <object_component id="oc-14">
         <name>.text</name>
         <load_address>0x520d</load_address>
         <run_address>0x520d</run_address>
         <size>0x16b</size>
         <input_file_ref idref="fl-2"/>
      </object_component>
      <object_component id="oc-41">
         <name>.text</name>
         <load_address>0x5378</load_address>
         <run_address>0x5378</run_address>
         <size>0x163</size>
         <input_file_ref idref="fl-24"/>
      </object_component>
      <object_component id="oc-46">
         <name>.text</name>
         <load_address>0x54db</load_address>
         <run_address>0x54db</run_address>
         <size>0x161</size>
         <input_file_ref idref="fl-25"/>
      </object_component>
      <object_component id="oc-d5">
         <name>.text</name>
         <load_address>0x563c</load_address>
         <run_address>0x563c</run_address>
         <size>0x14c</size>
         <input_file_ref idref="fl-46"/>
      </object_component>
      <object_component id="oc-e5">
         <name>.text</name>
         <load_address>0x5788</load_address>
         <run_address>0x5788</run_address>
         <size>0xe6</size>
         <input_file_ref idref="fl-4a"/>
      </object_component>
      <object_component id="oc-76">
         <name>.text</name>
         <load_address>0x586e</load_address>
         <run_address>0x586e</run_address>
         <size>0xdd</size>
         <input_file_ref idref="fl-2f"/>
      </object_component>
      <object_component id="oc-2f">
         <name>.text</name>
         <load_address>0x594b</load_address>
         <run_address>0x594b</run_address>
         <size>0xc2</size>
         <input_file_ref idref="fl-20"/>
      </object_component>
      <object_component id="oc-6b">
         <name>.text:CIO_breakpoint</name>
         <load_address>0x5a0d</load_address>
         <run_address>0x5a0d</run_address>
         <size>0xba</size>
         <input_file_ref idref="fl-2c"/>
      </object_component>
      <object_component id="oc-10b">
         <name>.text</name>
         <load_address>0x5ac7</load_address>
         <run_address>0x5ac7</run_address>
         <size>0xae</size>
         <input_file_ref idref="fl-53"/>
      </object_component>
      <object_component id="oc-3d">
         <name>.text</name>
         <load_address>0x5b75</load_address>
         <run_address>0x5b75</run_address>
         <size>0xa6</size>
         <input_file_ref idref="fl-23"/>
      </object_component>
      <object_component id="oc-123">
         <name>.text</name>
         <load_address>0x5c1b</load_address>
         <run_address>0x5c1b</run_address>
         <size>0xa1</size>
         <input_file_ref idref="fl-59"/>
      </object_component>
      <object_component id="oc-a4">
         <name>.text</name>
         <load_address>0x5cbc</load_address>
         <run_address>0x5cbc</run_address>
         <size>0xa1</size>
         <input_file_ref idref="fl-3a"/>
      </object_component>
      <object_component id="oc-a8">
         <name>.text</name>
         <load_address>0x5d5d</load_address>
         <run_address>0x5d5d</run_address>
         <size>0x9b</size>
         <input_file_ref idref="fl-3b"/>
      </object_component>
      <object_component id="oc-6e">
         <name>.text</name>
         <load_address>0x5df8</load_address>
         <run_address>0x5df8</run_address>
         <size>0x9a</size>
         <input_file_ref idref="fl-2d"/>
      </object_component>
      <object_component id="oc-cd">
         <name>.text</name>
         <load_address>0x5e92</load_address>
         <run_address>0x5e92</run_address>
         <size>0x7d</size>
         <input_file_ref idref="fl-44"/>
      </object_component>
      <object_component id="oc-27">
         <name>.text</name>
         <load_address>0x5f0f</load_address>
         <run_address>0x5f0f</run_address>
         <size>0x7b</size>
         <input_file_ref idref="fl-1e"/>
      </object_component>
      <object_component id="oc-11b">
         <name>.text</name>
         <load_address>0x5f8a</load_address>
         <run_address>0x5f8a</run_address>
         <size>0x76</size>
         <input_file_ref idref="fl-57"/>
      </object_component>
      <object_component id="oc-b9">
         <name>.text</name>
         <load_address>0x6000</load_address>
         <run_address>0x6000</run_address>
         <size>0x73</size>
         <input_file_ref idref="fl-3f"/>
      </object_component>
      <object_component id="oc-e1">
         <name>.text</name>
         <load_address>0x6073</load_address>
         <run_address>0x6073</run_address>
         <size>0x72</size>
         <input_file_ref idref="fl-49"/>
      </object_component>
      <object_component id="oc-b0">
         <name>.text</name>
         <load_address>0x60e5</load_address>
         <run_address>0x60e5</run_address>
         <size>0x6f</size>
         <input_file_ref idref="fl-3d"/>
      </object_component>
      <object_component id="oc-68">
         <name>.text</name>
         <load_address>0x6154</load_address>
         <run_address>0x6154</run_address>
         <size>0x6d</size>
         <input_file_ref idref="fl-2c"/>
      </object_component>
      <object_component id="oc-bd">
         <name>.text</name>
         <load_address>0x61c1</load_address>
         <run_address>0x61c1</run_address>
         <size>0x6b</size>
         <input_file_ref idref="fl-40"/>
      </object_component>
      <object_component id="oc-b4">
         <name>.text</name>
         <load_address>0x622c</load_address>
         <run_address>0x622c</run_address>
         <size>0x67</size>
         <input_file_ref idref="fl-3e"/>
      </object_component>
      <object_component id="oc-8e">
         <name>.text</name>
         <load_address>0x6293</load_address>
         <run_address>0x6293</run_address>
         <size>0x5c</size>
         <input_file_ref idref="fl-34"/>
      </object_component>
      <object_component id="oc-5b">
         <name>.text</name>
         <load_address>0x62ef</load_address>
         <run_address>0x62ef</run_address>
         <size>0x50</size>
         <input_file_ref idref="fl-29"/>
      </object_component>
      <object_component id="oc-92">
         <name>.text</name>
         <load_address>0x633f</load_address>
         <run_address>0x633f</run_address>
         <size>0x4d</size>
         <input_file_ref idref="fl-35"/>
      </object_component>
      <object_component id="oc-8a">
         <name>.text</name>
         <load_address>0x638c</load_address>
         <run_address>0x638c</run_address>
         <size>0x4b</size>
         <input_file_ref idref="fl-33"/>
      </object_component>
      <object_component id="oc-dd">
         <name>.text</name>
         <load_address>0x63d7</load_address>
         <run_address>0x63d7</run_address>
         <size>0x4b</size>
         <input_file_ref idref="fl-48"/>
      </object_component>
      <object_component id="oc-39">
         <name>.text</name>
         <load_address>0x6422</load_address>
         <run_address>0x6422</run_address>
         <size>0x4a</size>
         <input_file_ref idref="fl-22"/>
      </object_component>
      <object_component id="oc-113">
         <name>.text</name>
         <load_address>0x646c</load_address>
         <run_address>0x646c</run_address>
         <size>0x48</size>
         <input_file_ref idref="fl-55"/>
      </object_component>
      <object_component id="oc-50">
         <name>.text</name>
         <load_address>0x64b4</load_address>
         <run_address>0x64b4</run_address>
         <size>0x3f</size>
         <input_file_ref idref="fl-27"/>
      </object_component>
      <object_component id="oc-20">
         <name>.text</name>
         <load_address>0x64f3</load_address>
         <run_address>0x64f3</run_address>
         <size>0x3e</size>
         <input_file_ref idref="fl-1d"/>
      </object_component>
      <object_component id="oc-11f">
         <name>.text</name>
         <load_address>0x6531</load_address>
         <run_address>0x6531</run_address>
         <size>0x3c</size>
         <input_file_ref idref="fl-58"/>
      </object_component>
      <object_component id="oc-12">
         <name>.text</name>
         <load_address>0x656d</load_address>
         <run_address>0x656d</run_address>
         <size>0x34</size>
         <input_file_ref idref="fl-1c"/>
      </object_component>
      <object_component id="oc-ac">
         <name>.text</name>
         <load_address>0x65a1</load_address>
         <run_address>0x65a1</run_address>
         <size>0x2a</size>
         <input_file_ref idref="fl-3c"/>
      </object_component>
      <object_component id="oc-107">
         <name>.text</name>
         <load_address>0x65cb</load_address>
         <run_address>0x65cb</run_address>
         <size>0x2a</size>
         <input_file_ref idref="fl-52"/>
      </object_component>
      <object_component id="oc-d1">
         <name>.text</name>
         <load_address>0x65f5</load_address>
         <run_address>0x65f5</run_address>
         <size>0x23</size>
         <input_file_ref idref="fl-45"/>
      </object_component>
      <object_component id="oc-c1">
         <name>.text</name>
         <load_address>0x6618</load_address>
         <run_address>0x6618</run_address>
         <size>0x1a</size>
         <input_file_ref idref="fl-41"/>
      </object_component>
      <object_component id="oc-103">
         <name>.text</name>
         <load_address>0x6632</load_address>
         <run_address>0x6632</run_address>
         <size>0x14</size>
         <input_file_ref idref="fl-51"/>
      </object_component>
      <object_component id="oc-c9">
         <name>.text</name>
         <load_address>0x6646</load_address>
         <run_address>0x6646</run_address>
         <size>0x13</size>
         <input_file_ref idref="fl-43"/>
      </object_component>
      <object_component id="oc-7a">
         <name>.text</name>
         <load_address>0x6659</load_address>
         <run_address>0x6659</run_address>
         <size>0x12</size>
         <input_file_ref idref="fl-30"/>
      </object_component>
      <object_component id="oc-d9">
         <name>.text</name>
         <load_address>0x666b</load_address>
         <run_address>0x666b</run_address>
         <size>0x10</size>
         <input_file_ref idref="fl-47"/>
      </object_component>
      <object_component id="oc-2b">
         <name>.text</name>
         <load_address>0x667b</load_address>
         <run_address>0x667b</run_address>
         <size>0xa</size>
         <input_file_ref idref="fl-1f"/>
      </object_component>
      <object_component id="oc-5f">
         <name>.text</name>
         <load_address>0x6685</load_address>
         <run_address>0x6685</run_address>
         <size>0xa</size>
         <input_file_ref idref="fl-2a"/>
      </object_component>
      <object_component id="oc-24">
         <name>.text:CIO_breakpoint</name>
         <load_address>0x668f</load_address>
         <run_address>0x668f</run_address>
         <size>0x7</size>
         <input_file_ref idref="fl-1d"/>
      </object_component>
      <object_component id="oc-72">
         <name>.text</name>
         <load_address>0x6696</load_address>
         <run_address>0x6696</run_address>
         <size>0x2</size>
         <input_file_ref idref="fl-2e"/>
      </object_component>
      <object_component id="oc-1c">
         <name>.stack</name>
         <uninitialized>true</uninitialized>
         <run_address>0x669c</run_address>
         <size>0x0</size>
         <input_file_ref idref="fl-1c"/>
      </object_component>
      <object_component id="oc-149">
         <name>.stack</name>
         <uninitialized>true</uninitialized>
         <run_address>0x669c</run_address>
         <size>0x0</size>
      </object_component>
      <object_component id="oc-127">
         <name>.sysstack</name>
         <uninitialized>true</uninitialized>
         <run_address>0xbc28</run_address>
         <size>0x0</size>
         <input_file_ref idref="fl-1c"/>
      </object_component>
      <object_component id="oc-14b">
         <name>.sysstack</name>
         <uninitialized>true</uninitialized>
         <run_address>0xbc28</run_address>
         <size>0x0</size>
      </object_component>
      <object_component id="oc-15">
         <name>.bss</name>
         <uninitialized>true</uninitialized>
         <run_address>0xa69c</run_address>
         <size>0x10b6</size>
         <input_file_ref idref="fl-2"/>
      </object_component>
      <object_component id="oc-117">
         <name>.bss</name>
         <uninitialized>true</uninitialized>
         <run_address>0xb752</run_address>
         <size>0x2</size>
         <input_file_ref idref="fl-56"/>
      </object_component>
      <object_component id="oc-9c">
         <name>.bss</name>
         <uninitialized>true</uninitialized>
         <run_address>0xb754</run_address>
         <size>0x232</size>
         <input_file_ref idref="fl-38"/>
      </object_component>
      <object_component id="oc-64">
         <name>.bss</name>
         <uninitialized>true</uninitialized>
         <run_address>0xb986</run_address>
         <size>0x1a0</size>
         <input_file_ref idref="fl-2b"/>
      </object_component>
      <object_component id="oc-34">
         <name>.bss</name>
         <uninitialized>true</uninitialized>
         <run_address>0xbb26</run_address>
         <size>0x2</size>
         <input_file_ref idref="fl-21"/>
      </object_component>
      <object_component id="oc-4b">
         <name>.bss</name>
         <uninitialized>true</uninitialized>
         <run_address>0xbb28</run_address>
         <size>0xe2</size>
         <input_file_ref idref="fl-26"/>
      </object_component>
      <object_component id="oc-55">
         <name>.bss</name>
         <uninitialized>true</uninitialized>
         <run_address>0xbc0c</run_address>
         <size>0xc</size>
         <input_file_ref idref="fl-28"/>
      </object_component>
      <object_component id="oc-7b">
         <name>.bss</name>
         <uninitialized>true</uninitialized>
         <run_address>0xbc18</run_address>
         <size>0x8</size>
         <input_file_ref idref="fl-30"/>
      </object_component>
      <object_component id="oc-21">
         <name>.bss</name>
         <uninitialized>true</uninitialized>
         <run_address>0xbc20</run_address>
         <size>0x8</size>
         <input_file_ref idref="fl-1d"/>
      </object_component>
      <object_component id="oc-128">
         <name>.const:__ctypes_</name>
         <load_address>0xcc28</load_address>
         <run_address>0xcc28</run_address>
         <size>0x202</size>
         <input_file_ref idref="fl-37"/>
      </object_component>
      <object_component id="oc-18">
         <name>.const:.string</name>
         <load_address>0xce2c</load_address>
         <run_address>0xce2c</run_address>
         <size>0x9e</size>
         <input_file_ref idref="fl-2"/>
      </object_component>
      <object_component id="oc-83">
         <name>.const:.string</name>
         <load_address>0xcecc</load_address>
         <run_address>0xcecc</run_address>
         <size>0x48</size>
         <input_file_ref idref="fl-31"/>
      </object_component>
      <object_component id="oc-12c">
         <name>.const:_digits</name>
         <load_address>0xcf14</load_address>
         <run_address>0xcf14</run_address>
         <size>0x28</size>
         <input_file_ref idref="fl-4b"/>
      </object_component>
      <object_component id="oc-12e">
         <name>.const:_digits</name>
         <load_address>0xcf3c</load_address>
         <run_address>0xcf3c</run_address>
         <size>0x28</size>
         <input_file_ref idref="fl-4d"/>
      </object_component>
      <object_component id="oc-12d">
         <name>.const:_powerof10</name>
         <load_address>0xcf64</load_address>
         <run_address>0xcf64</run_address>
         <size>0x18</size>
         <input_file_ref idref="fl-4b"/>
      </object_component>
      <object_component id="oc-12f">
         <name>.const:_powerof10</name>
         <load_address>0xcf7c</load_address>
         <run_address>0xcf7c</run_address>
         <size>0x18</size>
         <input_file_ref idref="fl-4d"/>
      </object_component>
      <object_component id="oc-82">
         <name>.const</name>
         <load_address>0xcf94</load_address>
         <run_address>0xcf94</run_address>
         <size>0x18</size>
         <input_file_ref idref="fl-31"/>
      </object_component>
      <object_component id="oc-12b">
         <name>.const:_initial_approx$1</name>
         <load_address>0xcfac</load_address>
         <run_address>0xcfac</run_address>
         <size>0x10</size>
         <input_file_ref idref="fl-39"/>
      </object_component>
      <object_component id="oc-eb">
         <name>.const</name>
         <load_address>0xcfbc</load_address>
         <run_address>0xcfbc</run_address>
         <size>0x10</size>
         <input_file_ref idref="fl-4b"/>
      </object_component>
      <object_component id="oc-f4">
         <name>.const</name>
         <load_address>0xcfcc</load_address>
         <run_address>0xcfcc</run_address>
         <size>0x10</size>
         <input_file_ref idref="fl-4d"/>
      </object_component>
      <object_component id="oc-129">
         <name>.const:_flit$1</name>
         <load_address>0xcfdc</load_address>
         <run_address>0xcfdc</run_address>
         <size>0xe</size>
         <input_file_ref idref="fl-32"/>
      </object_component>
      <object_component id="oc-12a">
         <name>.const:_barr$2</name>
         <load_address>0xcfea</load_address>
         <run_address>0xcfea</run_address>
         <size>0xc</size>
         <input_file_ref idref="fl-32"/>
      </object_component>
      <object_component id="oc-43">
         <name>.const:.string</name>
         <load_address>0xcff8</load_address>
         <run_address>0xcff8</run_address>
         <size>0x4</size>
         <input_file_ref idref="fl-24"/>
      </object_component>
      <object_component id="oc-b6">
         <name>.const</name>
         <load_address>0xcffc</load_address>
         <run_address>0xcffc</run_address>
         <size>0x4</size>
         <input_file_ref idref="fl-3e"/>
      </object_component>
      <object_component id="oc-58">
         <name>.sysmem</name>
         <uninitialized>true</uninitialized>
         <run_address>0x869c</run_address>
         <size>0x0</size>
         <input_file_ref idref="fl-28"/>
      </object_component>
      <object_component id="oc-14a">
         <name>.sysmem</name>
         <uninitialized>true</uninitialized>
         <run_address>0x869c</run_address>
         <size>0x0</size>
      </object_component>
      <object_component id="oc-17">
         <name>.cinit</name>
         <load_address>0xd240</load_address>
         <run_address>0xd240</run_address>
         <size>0x6a</size>
         <input_file_ref idref="fl-2"/>
      </object_component>
      <object_component id="oc-4d">
         <name>.cinit</name>
         <load_address>0xd2aa</load_address>
         <run_address>0xd2aa</run_address>
         <size>0x5a</size>
         <input_file_ref idref="fl-26"/>
      </object_component>
      <object_component id="oc-9e">
         <name>.cinit</name>
         <load_address>0xd304</load_address>
         <run_address>0xd304</run_address>
         <size>0x54</size>
         <input_file_ref idref="fl-38"/>
      </object_component>
      <object_component id="oc-7d">
         <name>.cinit</name>
         <load_address>0xd358</load_address>
         <run_address>0xd358</run_address>
         <size>0x14</size>
         <input_file_ref idref="fl-30"/>
      </object_component>
      <object_component id="oc-23">
         <name>.cinit</name>
         <load_address>0xd36c</load_address>
         <run_address>0xd36c</run_address>
         <size>0x14</size>
         <input_file_ref idref="fl-1d"/>
      </object_component>
      <object_component id="oc-119">
         <name>.cinit</name>
         <load_address>0xd380</load_address>
         <run_address>0xd380</run_address>
         <size>0x8</size>
         <input_file_ref idref="fl-56"/>
      </object_component>
      <object_component id="oc-36">
         <name>.cinit</name>
         <load_address>0xd388</load_address>
         <run_address>0xd388</run_address>
         <size>0x8</size>
         <input_file_ref idref="fl-21"/>
      </object_component>
      <object_component id="oc-57">
         <name>.cinit</name>
         <load_address>0xd390</load_address>
         <run_address>0xd390</run_address>
         <size>0x8</size>
         <input_file_ref idref="fl-28"/>
      </object_component>
      <object_component id="oc-6a">
         <name>.cio</name>
         <uninitialized>true</uninitialized>
         <run_address>0xd000</run_address>
         <size>0x240</size>
         <input_file_ref idref="fl-2c"/>
      </object_component>
      <object_component id="oc-13">
         <name>vectors</name>
         <load_address>0xfe00</load_address>
         <run_address>0xfe00</run_address>
         <size>0x100</size>
         <input_file_ref idref="fl-2e"/>
      </object_component>
      <object_component id="oc-16">
         <name>.debug_info</name>
         <load_address>0x0</load_address>
         <run_address>0x0</run_address>
         <size>0xba6</size>
         <input_file_ref idref="fl-2"/>
      </object_component>
      <object_component id="oc-1d">
         <name>.debug_info</name>
         <load_address>0xba6</load_address>
         <run_address>0xba6</run_address>
         <size>0xe8</size>
         <input_file_ref idref="fl-1c"/>
      </object_component>
      <object_component id="oc-22">
         <name>.debug_info</name>
         <load_address>0xc8e</load_address>
         <run_address>0xc8e</run_address>
         <size>0x5fb</size>
         <input_file_ref idref="fl-1d"/>
      </object_component>
      <object_component id="oc-28">
         <name>.debug_info</name>
         <load_address>0x1289</load_address>
         <run_address>0x1289</run_address>
         <size>0x64f</size>
         <input_file_ref idref="fl-1e"/>
      </object_component>
      <object_component id="oc-2c">
         <name>.debug_info</name>
         <load_address>0x18d8</load_address>
         <run_address>0x18d8</run_address>
         <size>0x553</size>
         <input_file_ref idref="fl-1f"/>
      </object_component>
      <object_component id="oc-30">
         <name>.debug_info</name>
         <load_address>0x1e2b</load_address>
         <run_address>0x1e2b</run_address>
         <size>0x706</size>
         <input_file_ref idref="fl-20"/>
      </object_component>
      <object_component id="oc-35">
         <name>.debug_info</name>
         <load_address>0x2531</load_address>
         <run_address>0x2531</run_address>
         <size>0xa1c</size>
         <input_file_ref idref="fl-21"/>
      </object_component>
      <object_component id="oc-3a">
         <name>.debug_info</name>
         <load_address>0x2f4d</load_address>
         <run_address>0x2f4d</run_address>
         <size>0x763</size>
         <input_file_ref idref="fl-22"/>
      </object_component>
      <object_component id="oc-3e">
         <name>.debug_info</name>
         <load_address>0x36b0</load_address>
         <run_address>0x36b0</run_address>
         <size>0x6aa</size>
         <input_file_ref idref="fl-23"/>
      </object_component>
      <object_component id="oc-42">
         <name>.debug_info</name>
         <load_address>0x3d5a</load_address>
         <run_address>0x3d5a</run_address>
         <size>0x942</size>
         <input_file_ref idref="fl-24"/>
      </object_component>
      <object_component id="oc-47">
         <name>.debug_info</name>
         <load_address>0x469c</load_address>
         <run_address>0x469c</run_address>
         <size>0xa2d</size>
         <input_file_ref idref="fl-25"/>
      </object_component>
      <object_component id="oc-4c">
         <name>.debug_info</name>
         <load_address>0x50c9</load_address>
         <run_address>0x50c9</run_address>
         <size>0x144b</size>
         <input_file_ref idref="fl-26"/>
      </object_component>
      <object_component id="oc-51">
         <name>.debug_info</name>
         <load_address>0x6514</load_address>
         <run_address>0x6514</run_address>
         <size>0xd1</size>
         <input_file_ref idref="fl-27"/>
      </object_component>
      <object_component id="oc-56">
         <name>.debug_info</name>
         <load_address>0x65e5</load_address>
         <run_address>0x65e5</run_address>
         <size>0xb97</size>
         <input_file_ref idref="fl-28"/>
      </object_component>
      <object_component id="oc-5c">
         <name>.debug_info</name>
         <load_address>0x717c</load_address>
         <run_address>0x717c</run_address>
         <size>0x76c</size>
         <input_file_ref idref="fl-29"/>
      </object_component>
      <object_component id="oc-60">
         <name>.debug_info</name>
         <load_address>0x78e8</load_address>
         <run_address>0x78e8</run_address>
         <size>0x510</size>
         <input_file_ref idref="fl-2a"/>
      </object_component>
      <object_component id="oc-65">
         <name>.debug_info</name>
         <load_address>0x7df8</load_address>
         <run_address>0x7df8</run_address>
         <size>0xed4</size>
         <input_file_ref idref="fl-2b"/>
      </object_component>
      <object_component id="oc-69">
         <name>.debug_info</name>
         <load_address>0x8ccc</load_address>
         <run_address>0x8ccc</run_address>
         <size>0x744</size>
         <input_file_ref idref="fl-2c"/>
      </object_component>
      <object_component id="oc-6f">
         <name>.debug_info</name>
         <load_address>0x9410</load_address>
         <run_address>0x9410</run_address>
         <size>0x5c9</size>
         <input_file_ref idref="fl-2d"/>
      </object_component>
      <object_component id="oc-73">
         <name>.debug_info</name>
         <load_address>0x99d9</load_address>
         <run_address>0x99d9</run_address>
         <size>0xbc</size>
         <input_file_ref idref="fl-2e"/>
      </object_component>
      <object_component id="oc-77">
         <name>.debug_info</name>
         <load_address>0x9a95</load_address>
         <run_address>0x9a95</run_address>
         <size>0x662</size>
         <input_file_ref idref="fl-2f"/>
      </object_component>
      <object_component id="oc-7c">
         <name>.debug_info</name>
         <load_address>0xa0f7</load_address>
         <run_address>0xa0f7</run_address>
         <size>0x5bc</size>
         <input_file_ref idref="fl-30"/>
      </object_component>
      <object_component id="oc-81">
         <name>.debug_info</name>
         <load_address>0xa6b3</load_address>
         <run_address>0xa6b3</run_address>
         <size>0x27bd</size>
         <input_file_ref idref="fl-31"/>
      </object_component>
      <object_component id="oc-87">
         <name>.debug_info</name>
         <load_address>0xce70</load_address>
         <run_address>0xce70</run_address>
         <size>0x1964</size>
         <input_file_ref idref="fl-32"/>
      </object_component>
      <object_component id="oc-8b">
         <name>.debug_info</name>
         <load_address>0xe7d4</load_address>
         <run_address>0xe7d4</run_address>
         <size>0x586</size>
         <input_file_ref idref="fl-33"/>
      </object_component>
      <object_component id="oc-8f">
         <name>.debug_info</name>
         <load_address>0xed5a</load_address>
         <run_address>0xed5a</run_address>
         <size>0x5a4</size>
         <input_file_ref idref="fl-34"/>
      </object_component>
      <object_component id="oc-93">
         <name>.debug_info</name>
         <load_address>0xf2fe</load_address>
         <run_address>0xf2fe</run_address>
         <size>0xcd</size>
         <input_file_ref idref="fl-35"/>
      </object_component>
      <object_component id="oc-97">
         <name>.debug_info</name>
         <load_address>0xf3cb</load_address>
         <run_address>0xf3cb</run_address>
         <size>0x81f</size>
         <input_file_ref idref="fl-36"/>
      </object_component>
      <object_component id="oc-9a">
         <name>.debug_info</name>
         <load_address>0xfbea</load_address>
         <run_address>0xfbea</run_address>
         <size>0x498</size>
         <input_file_ref idref="fl-37"/>
      </object_component>
      <object_component id="oc-9d">
         <name>.debug_info</name>
         <load_address>0x10082</load_address>
         <run_address>0x10082</run_address>
         <size>0x57e</size>
         <input_file_ref idref="fl-38"/>
      </object_component>
      <object_component id="oc-a1">
         <name>.debug_info</name>
         <load_address>0x10600</load_address>
         <run_address>0x10600</run_address>
         <size>0x7e8</size>
         <input_file_ref idref="fl-39"/>
      </object_component>
      <object_component id="oc-a5">
         <name>.debug_info</name>
         <load_address>0x10de8</load_address>
         <run_address>0x10de8</run_address>
         <size>0x534</size>
         <input_file_ref idref="fl-3a"/>
      </object_component>
      <object_component id="oc-a9">
         <name>.debug_info</name>
         <load_address>0x1131c</load_address>
         <run_address>0x1131c</run_address>
         <size>0x670</size>
         <input_file_ref idref="fl-3b"/>
      </object_component>
      <object_component id="oc-ad">
         <name>.debug_info</name>
         <load_address>0x1198c</load_address>
         <run_address>0x1198c</run_address>
         <size>0x4cf</size>
         <input_file_ref idref="fl-3c"/>
      </object_component>
      <object_component id="oc-b1">
         <name>.debug_info</name>
         <load_address>0x11e5b</load_address>
         <run_address>0x11e5b</run_address>
         <size>0x534</size>
         <input_file_ref idref="fl-3d"/>
      </object_component>
      <object_component id="oc-b5">
         <name>.debug_info</name>
         <load_address>0x1238f</load_address>
         <run_address>0x1238f</run_address>
         <size>0x549</size>
         <input_file_ref idref="fl-3e"/>
      </object_component>
      <object_component id="oc-ba">
         <name>.debug_info</name>
         <load_address>0x128d8</load_address>
         <run_address>0x128d8</run_address>
         <size>0x53e</size>
         <input_file_ref idref="fl-3f"/>
      </object_component>
      <object_component id="oc-be">
         <name>.debug_info</name>
         <load_address>0x12e16</load_address>
         <run_address>0x12e16</run_address>
         <size>0x5f7</size>
         <input_file_ref idref="fl-40"/>
      </object_component>
      <object_component id="oc-c2">
         <name>.debug_info</name>
         <load_address>0x1340d</load_address>
         <run_address>0x1340d</run_address>
         <size>0x680</size>
         <input_file_ref idref="fl-41"/>
      </object_component>
      <object_component id="oc-c6">
         <name>.debug_info</name>
         <load_address>0x13a8d</load_address>
         <run_address>0x13a8d</run_address>
         <size>0x7d4</size>
         <input_file_ref idref="fl-42"/>
      </object_component>
      <object_component id="oc-ca">
         <name>.debug_info</name>
         <load_address>0x14261</load_address>
         <run_address>0x14261</run_address>
         <size>0xbd</size>
         <input_file_ref idref="fl-43"/>
      </object_component>
      <object_component id="oc-ce">
         <name>.debug_info</name>
         <load_address>0x1431e</load_address>
         <run_address>0x1431e</run_address>
         <size>0x5ad</size>
         <input_file_ref idref="fl-44"/>
      </object_component>
      <object_component id="oc-d2">
         <name>.debug_info</name>
         <load_address>0x148cb</load_address>
         <run_address>0x148cb</run_address>
         <size>0x574</size>
         <input_file_ref idref="fl-45"/>
      </object_component>
      <object_component id="oc-d6">
         <name>.debug_info</name>
         <load_address>0x14e3f</load_address>
         <run_address>0x14e3f</run_address>
         <size>0x55b</size>
         <input_file_ref idref="fl-46"/>
      </object_component>
      <object_component id="oc-da">
         <name>.debug_info</name>
         <load_address>0x1539a</load_address>
         <run_address>0x1539a</run_address>
         <size>0x4b7</size>
         <input_file_ref idref="fl-47"/>
      </object_component>
      <object_component id="oc-de">
         <name>.debug_info</name>
         <load_address>0x15851</load_address>
         <run_address>0x15851</run_address>
         <size>0x4f2</size>
         <input_file_ref idref="fl-48"/>
      </object_component>
      <object_component id="oc-e2">
         <name>.debug_info</name>
         <load_address>0x15d43</load_address>
         <run_address>0x15d43</run_address>
         <size>0x534</size>
         <input_file_ref idref="fl-49"/>
      </object_component>
      <object_component id="oc-e6">
         <name>.debug_info</name>
         <load_address>0x16277</load_address>
         <run_address>0x16277</run_address>
         <size>0x64a</size>
         <input_file_ref idref="fl-4a"/>
      </object_component>
      <object_component id="oc-ea">
         <name>.debug_info</name>
         <load_address>0x168c1</load_address>
         <run_address>0x168c1</run_address>
         <size>0x84f</size>
         <input_file_ref idref="fl-4b"/>
      </object_component>
      <object_component id="oc-ef">
         <name>.debug_info</name>
         <load_address>0x17110</load_address>
         <run_address>0x17110</run_address>
         <size>0x671</size>
         <input_file_ref idref="fl-4c"/>
      </object_component>
      <object_component id="oc-f3">
         <name>.debug_info</name>
         <load_address>0x17781</load_address>
         <run_address>0x17781</run_address>
         <size>0x860</size>
         <input_file_ref idref="fl-4d"/>
      </object_component>
      <object_component id="oc-f8">
         <name>.debug_info</name>
         <load_address>0x17fe1</load_address>
         <run_address>0x17fe1</run_address>
         <size>0x67d</size>
         <input_file_ref idref="fl-4e"/>
      </object_component>
      <object_component id="oc-fc">
         <name>.debug_info</name>
         <load_address>0x1865e</load_address>
         <run_address>0x1865e</run_address>
         <size>0x65a</size>
         <input_file_ref idref="fl-4f"/>
      </object_component>
      <object_component id="oc-100">
         <name>.debug_info</name>
         <load_address>0x18cb8</load_address>
         <run_address>0x18cb8</run_address>
         <size>0x665</size>
         <input_file_ref idref="fl-50"/>
      </object_component>
      <object_component id="oc-104">
         <name>.debug_info</name>
         <load_address>0x1931d</load_address>
         <run_address>0x1931d</run_address>
         <size>0x4de</size>
         <input_file_ref idref="fl-51"/>
      </object_component>
      <object_component id="oc-108">
         <name>.debug_info</name>
         <load_address>0x197fb</load_address>
         <run_address>0x197fb</run_address>
         <size>0xef</size>
         <input_file_ref idref="fl-52"/>
      </object_component>
      <object_component id="oc-10c">
         <name>.debug_info</name>
         <load_address>0x198ea</load_address>
         <run_address>0x198ea</run_address>
         <size>0x6b8</size>
         <input_file_ref idref="fl-53"/>
      </object_component>
      <object_component id="oc-110">
         <name>.debug_info</name>
         <load_address>0x19fa2</load_address>
         <run_address>0x19fa2</run_address>
         <size>0x5ab</size>
         <input_file_ref idref="fl-54"/>
      </object_component>
      <object_component id="oc-114">
         <name>.debug_info</name>
         <load_address>0x1a54d</load_address>
         <run_address>0x1a54d</run_address>
         <size>0x4f2</size>
         <input_file_ref idref="fl-55"/>
      </object_component>
      <object_component id="oc-118">
         <name>.debug_info</name>
         <load_address>0x1aa3f</load_address>
         <run_address>0x1aa3f</run_address>
         <size>0x47b</size>
         <input_file_ref idref="fl-56"/>
      </object_component>
      <object_component id="oc-11c">
         <name>.debug_info</name>
         <load_address>0x1aeba</load_address>
         <run_address>0x1aeba</run_address>
         <size>0x4d2</size>
         <input_file_ref idref="fl-57"/>
      </object_component>
      <object_component id="oc-120">
         <name>.debug_info</name>
         <load_address>0x1b38c</load_address>
         <run_address>0x1b38c</run_address>
         <size>0xeb</size>
         <input_file_ref idref="fl-58"/>
      </object_component>
      <object_component id="oc-124">
         <name>.debug_info</name>
         <load_address>0x1b477</load_address>
         <run_address>0x1b477</run_address>
         <size>0xa0</size>
         <input_file_ref idref="fl-59"/>
      </object_component>
      <object_component id="oc-154">
         <name>.debug_info</name>
         <load_address>0x1b517</load_address>
         <run_address>0x1b517</run_address>
         <size>0x6e</size>
      </object_component>
      <object_component id="oc-19">
         <name>.debug_frame</name>
         <load_address>0x0</load_address>
         <run_address>0x0</run_address>
         <size>0x11e</size>
         <input_file_ref idref="fl-2"/>
      </object_component>
      <object_component id="oc-1a">
         <name>.debug_line</name>
         <load_address>0x0</load_address>
         <run_address>0x0</run_address>
         <size>0x146</size>
         <input_file_ref idref="fl-2"/>
      </object_component>
      <object_component id="oc-1e">
         <name>.debug_line</name>
         <load_address>0x146</load_address>
         <run_address>0x146</run_address>
         <size>0x54</size>
         <input_file_ref idref="fl-1c"/>
      </object_component>
      <object_component id="oc-25">
         <name>.debug_line</name>
         <load_address>0x19a</load_address>
         <run_address>0x19a</run_address>
         <size>0x51</size>
         <input_file_ref idref="fl-1d"/>
      </object_component>
      <object_component id="oc-29">
         <name>.debug_line</name>
         <load_address>0x1eb</load_address>
         <run_address>0x1eb</run_address>
         <size>0x3d</size>
         <input_file_ref idref="fl-1e"/>
      </object_component>
      <object_component id="oc-2d">
         <name>.debug_line</name>
         <load_address>0x228</load_address>
         <run_address>0x228</run_address>
         <size>0x37</size>
         <input_file_ref idref="fl-1f"/>
      </object_component>
      <object_component id="oc-31">
         <name>.debug_line</name>
         <load_address>0x25f</load_address>
         <run_address>0x25f</run_address>
         <size>0x5b</size>
         <input_file_ref idref="fl-20"/>
      </object_component>
      <object_component id="oc-37">
         <name>.debug_line</name>
         <load_address>0x2ba</load_address>
         <run_address>0x2ba</run_address>
         <size>0xd7</size>
         <input_file_ref idref="fl-21"/>
      </object_component>
      <object_component id="oc-3b">
         <name>.debug_line</name>
         <load_address>0x391</load_address>
         <run_address>0x391</run_address>
         <size>0x6a</size>
         <input_file_ref idref="fl-22"/>
      </object_component>
      <object_component id="oc-3f">
         <name>.debug_line</name>
         <load_address>0x3fb</load_address>
         <run_address>0x3fb</run_address>
         <size>0x56</size>
         <input_file_ref idref="fl-23"/>
      </object_component>
      <object_component id="oc-44">
         <name>.debug_line</name>
         <load_address>0x451</load_address>
         <run_address>0x451</run_address>
         <size>0xa8</size>
         <input_file_ref idref="fl-24"/>
      </object_component>
      <object_component id="oc-48">
         <name>.debug_line</name>
         <load_address>0x4f9</load_address>
         <run_address>0x4f9</run_address>
         <size>0xa7</size>
         <input_file_ref idref="fl-25"/>
      </object_component>
      <object_component id="oc-4e">
         <name>.debug_line</name>
         <load_address>0x5a0</load_address>
         <run_address>0x5a0</run_address>
         <size>0x1b0</size>
         <input_file_ref idref="fl-26"/>
      </object_component>
      <object_component id="oc-52">
         <name>.debug_line</name>
         <load_address>0x750</load_address>
         <run_address>0x750</run_address>
         <size>0x4d</size>
         <input_file_ref idref="fl-27"/>
      </object_component>
      <object_component id="oc-59">
         <name>.debug_line</name>
         <load_address>0x79d</load_address>
         <run_address>0x79d</run_address>
         <size>0x112</size>
         <input_file_ref idref="fl-28"/>
      </object_component>
      <object_component id="oc-5d">
         <name>.debug_line</name>
         <load_address>0x8af</load_address>
         <run_address>0x8af</run_address>
         <size>0x69</size>
         <input_file_ref idref="fl-29"/>
      </object_component>
      <object_component id="oc-61">
         <name>.debug_line</name>
         <load_address>0x918</load_address>
         <run_address>0x918</run_address>
         <size>0x39</size>
         <input_file_ref idref="fl-2a"/>
      </object_component>
      <object_component id="oc-66">
         <name>.debug_line</name>
         <load_address>0x951</load_address>
         <run_address>0x951</run_address>
         <size>0x15d</size>
         <input_file_ref idref="fl-2b"/>
      </object_component>
      <object_component id="oc-6c">
         <name>.debug_line</name>
         <load_address>0xaae</load_address>
         <run_address>0xaae</run_address>
         <size>0x6a</size>
         <input_file_ref idref="fl-2c"/>
      </object_component>
      <object_component id="oc-70">
         <name>.debug_line</name>
         <load_address>0xb18</load_address>
         <run_address>0xb18</run_address>
         <size>0x3d</size>
         <input_file_ref idref="fl-2d"/>
      </object_component>
      <object_component id="oc-74">
         <name>.debug_line</name>
         <load_address>0xb55</load_address>
         <run_address>0xb55</run_address>
         <size>0x37</size>
         <input_file_ref idref="fl-2e"/>
      </object_component>
      <object_component id="oc-78">
         <name>.debug_line</name>
         <load_address>0xb8c</load_address>
         <run_address>0xb8c</run_address>
         <size>0x57</size>
         <input_file_ref idref="fl-2f"/>
      </object_component>
      <object_component id="oc-7e">
         <name>.debug_line</name>
         <load_address>0xbe3</load_address>
         <run_address>0xbe3</run_address>
         <size>0x57</size>
         <input_file_ref idref="fl-30"/>
      </object_component>
      <object_component id="oc-84">
         <name>.debug_line</name>
         <load_address>0xc3a</load_address>
         <run_address>0xc3a</run_address>
         <size>0x328</size>
         <input_file_ref idref="fl-31"/>
      </object_component>
      <object_component id="oc-88">
         <name>.debug_line</name>
         <load_address>0xf62</load_address>
         <run_address>0xf62</run_address>
         <size>0x152</size>
         <input_file_ref idref="fl-32"/>
      </object_component>
      <object_component id="oc-8c">
         <name>.debug_line</name>
         <load_address>0x10b4</load_address>
         <run_address>0x10b4</run_address>
         <size>0x41</size>
         <input_file_ref idref="fl-33"/>
      </object_component>
      <object_component id="oc-90">
         <name>.debug_line</name>
         <load_address>0x10f5</load_address>
         <run_address>0x10f5</run_address>
         <size>0x46</size>
         <input_file_ref idref="fl-34"/>
      </object_component>
      <object_component id="oc-94">
         <name>.debug_line</name>
         <load_address>0x113b</load_address>
         <run_address>0x113b</run_address>
         <size>0x55</size>
         <input_file_ref idref="fl-35"/>
      </object_component>
      <object_component id="oc-98">
         <name>.debug_line</name>
         <load_address>0x1190</load_address>
         <run_address>0x1190</run_address>
         <size>0xad</size>
         <input_file_ref idref="fl-36"/>
      </object_component>
      <object_component id="oc-a2">
         <name>.debug_line</name>
         <load_address>0x123d</load_address>
         <run_address>0x123d</run_address>
         <size>0x5b</size>
         <input_file_ref idref="fl-39"/>
      </object_component>
      <object_component id="oc-a6">
         <name>.debug_line</name>
         <load_address>0x1298</load_address>
         <run_address>0x1298</run_address>
         <size>0x44</size>
         <input_file_ref idref="fl-3a"/>
      </object_component>
      <object_component id="oc-aa">
         <name>.debug_line</name>
         <load_address>0x12dc</load_address>
         <run_address>0x12dc</run_address>
         <size>0x56</size>
         <input_file_ref idref="fl-3b"/>
      </object_component>
      <object_component id="oc-ae">
         <name>.debug_line</name>
         <load_address>0x1332</load_address>
         <run_address>0x1332</run_address>
         <size>0x3d</size>
         <input_file_ref idref="fl-3c"/>
      </object_component>
      <object_component id="oc-b2">
         <name>.debug_line</name>
         <load_address>0x136f</load_address>
         <run_address>0x136f</run_address>
         <size>0x3d</size>
         <input_file_ref idref="fl-3d"/>
      </object_component>
      <object_component id="oc-b7">
         <name>.debug_line</name>
         <load_address>0x13ac</load_address>
         <run_address>0x13ac</run_address>
         <size>0x44</size>
         <input_file_ref idref="fl-3e"/>
      </object_component>
      <object_component id="oc-bb">
         <name>.debug_line</name>
         <load_address>0x13f0</load_address>
         <run_address>0x13f0</run_address>
         <size>0x40</size>
         <input_file_ref idref="fl-3f"/>
      </object_component>
      <object_component id="oc-bf">
         <name>.debug_line</name>
         <load_address>0x1430</load_address>
         <run_address>0x1430</run_address>
         <size>0x3c</size>
         <input_file_ref idref="fl-40"/>
      </object_component>
      <object_component id="oc-c3">
         <name>.debug_line</name>
         <load_address>0x146c</load_address>
         <run_address>0x146c</run_address>
         <size>0x38</size>
         <input_file_ref idref="fl-41"/>
      </object_component>
      <object_component id="oc-c7">
         <name>.debug_line</name>
         <load_address>0x14a4</load_address>
         <run_address>0x14a4</run_address>
         <size>0xa8</size>
         <input_file_ref idref="fl-42"/>
      </object_component>
      <object_component id="oc-cb">
         <name>.debug_line</name>
         <load_address>0x154c</load_address>
         <run_address>0x154c</run_address>
         <size>0x3c</size>
         <input_file_ref idref="fl-43"/>
      </object_component>
      <object_component id="oc-cf">
         <name>.debug_line</name>
         <load_address>0x1588</load_address>
         <run_address>0x1588</run_address>
         <size>0x40</size>
         <input_file_ref idref="fl-44"/>
      </object_component>
      <object_component id="oc-d3">
         <name>.debug_line</name>
         <load_address>0x15c8</load_address>
         <run_address>0x15c8</run_address>
         <size>0x3c</size>
         <input_file_ref idref="fl-45"/>
      </object_component>
      <object_component id="oc-d7">
         <name>.debug_line</name>
         <load_address>0x1604</load_address>
         <run_address>0x1604</run_address>
         <size>0x3c</size>
         <input_file_ref idref="fl-46"/>
      </object_component>
      <object_component id="oc-db">
         <name>.debug_line</name>
         <load_address>0x1640</load_address>
         <run_address>0x1640</run_address>
         <size>0x37</size>
         <input_file_ref idref="fl-47"/>
      </object_component>
      <object_component id="oc-df">
         <name>.debug_line</name>
         <load_address>0x1677</load_address>
         <run_address>0x1677</run_address>
         <size>0x3c</size>
         <input_file_ref idref="fl-48"/>
      </object_component>
      <object_component id="oc-e3">
         <name>.debug_line</name>
         <load_address>0x16b3</load_address>
         <run_address>0x16b3</run_address>
         <size>0x44</size>
         <input_file_ref idref="fl-49"/>
      </object_component>
      <object_component id="oc-e7">
         <name>.debug_line</name>
         <load_address>0x16f7</load_address>
         <run_address>0x16f7</run_address>
         <size>0x3f</size>
         <input_file_ref idref="fl-4a"/>
      </object_component>
      <object_component id="oc-ec">
         <name>.debug_line</name>
         <load_address>0x1736</load_address>
         <run_address>0x1736</run_address>
         <size>0x69</size>
         <input_file_ref idref="fl-4b"/>
      </object_component>
      <object_component id="oc-f0">
         <name>.debug_line</name>
         <load_address>0x179f</load_address>
         <run_address>0x179f</run_address>
         <size>0x3d</size>
         <input_file_ref idref="fl-4c"/>
      </object_component>
      <object_component id="oc-f5">
         <name>.debug_line</name>
         <load_address>0x17dc</load_address>
         <run_address>0x17dc</run_address>
         <size>0x6a</size>
         <input_file_ref idref="fl-4d"/>
      </object_component>
      <object_component id="oc-f9">
         <name>.debug_line</name>
         <load_address>0x1846</load_address>
         <run_address>0x1846</run_address>
         <size>0x3e</size>
         <input_file_ref idref="fl-4e"/>
      </object_component>
      <object_component id="oc-fd">
         <name>.debug_line</name>
         <load_address>0x1884</load_address>
         <run_address>0x1884</run_address>
         <size>0x3f</size>
         <input_file_ref idref="fl-4f"/>
      </object_component>
      <object_component id="oc-101">
         <name>.debug_line</name>
         <load_address>0x18c3</load_address>
         <run_address>0x18c3</run_address>
         <size>0x40</size>
         <input_file_ref idref="fl-50"/>
      </object_component>
      <object_component id="oc-105">
         <name>.debug_line</name>
         <load_address>0x1903</load_address>
         <run_address>0x1903</run_address>
         <size>0x37</size>
         <input_file_ref idref="fl-51"/>
      </object_component>
      <object_component id="oc-109">
         <name>.debug_line</name>
         <load_address>0x193a</load_address>
         <run_address>0x193a</run_address>
         <size>0x58</size>
         <input_file_ref idref="fl-52"/>
      </object_component>
      <object_component id="oc-10d">
         <name>.debug_line</name>
         <load_address>0x1992</load_address>
         <run_address>0x1992</run_address>
         <size>0x4c</size>
         <input_file_ref idref="fl-53"/>
      </object_component>
      <object_component id="oc-111">
         <name>.debug_line</name>
         <load_address>0x19de</load_address>
         <run_address>0x19de</run_address>
         <size>0x5c</size>
         <input_file_ref idref="fl-54"/>
      </object_component>
      <object_component id="oc-115">
         <name>.debug_line</name>
         <load_address>0x1a3a</load_address>
         <run_address>0x1a3a</run_address>
         <size>0x3c</size>
         <input_file_ref idref="fl-55"/>
      </object_component>
      <object_component id="oc-11d">
         <name>.debug_line</name>
         <load_address>0x1a76</load_address>
         <run_address>0x1a76</run_address>
         <size>0x3a</size>
         <input_file_ref idref="fl-57"/>
      </object_component>
      <object_component id="oc-121">
         <name>.debug_line</name>
         <load_address>0x1ab0</load_address>
         <run_address>0x1ab0</run_address>
         <size>0x5c</size>
         <input_file_ref idref="fl-58"/>
      </object_component>
      <object_component id="oc-125">
         <name>.debug_line</name>
         <load_address>0x1b0c</load_address>
         <run_address>0x1b0c</run_address>
         <size>0x74</size>
         <input_file_ref idref="fl-59"/>
      </object_component>
      <object_component id="oc-1b">
         <name>.debug_abbrev</name>
         <load_address>0x0</load_address>
         <run_address>0x0</run_address>
         <size>0x162</size>
         <input_file_ref idref="fl-2"/>
      </object_component>
      <object_component id="oc-1f">
         <name>.debug_abbrev</name>
         <load_address>0x162</load_address>
         <run_address>0x162</run_address>
         <size>0x3a</size>
         <input_file_ref idref="fl-1c"/>
      </object_component>
      <object_component id="oc-26">
         <name>.debug_abbrev</name>
         <load_address>0x19c</load_address>
         <run_address>0x19c</run_address>
         <size>0xf7</size>
         <input_file_ref idref="fl-1d"/>
      </object_component>
      <object_component id="oc-2a">
         <name>.debug_abbrev</name>
         <load_address>0x293</load_address>
         <run_address>0x293</run_address>
         <size>0x118</size>
         <input_file_ref idref="fl-1e"/>
      </object_component>
      <object_component id="oc-2e">
         <name>.debug_abbrev</name>
         <load_address>0x3ab</load_address>
         <run_address>0x3ab</run_address>
         <size>0xac</size>
         <input_file_ref idref="fl-1f"/>
      </object_component>
      <object_component id="oc-32">
         <name>.debug_abbrev</name>
         <load_address>0x457</load_address>
         <run_address>0x457</run_address>
         <size>0x136</size>
         <input_file_ref idref="fl-20"/>
      </object_component>
      <object_component id="oc-38">
         <name>.debug_abbrev</name>
         <load_address>0x58d</load_address>
         <run_address>0x58d</run_address>
         <size>0x1a2</size>
         <input_file_ref idref="fl-21"/>
      </object_component>
      <object_component id="oc-3c">
         <name>.debug_abbrev</name>
         <load_address>0x72f</load_address>
         <run_address>0x72f</run_address>
         <size>0x123</size>
         <input_file_ref idref="fl-22"/>
      </object_component>
      <object_component id="oc-40">
         <name>.debug_abbrev</name>
         <load_address>0x852</load_address>
         <run_address>0x852</run_address>
         <size>0x103</size>
         <input_file_ref idref="fl-23"/>
      </object_component>
      <object_component id="oc-45">
         <name>.debug_abbrev</name>
         <load_address>0x955</load_address>
         <run_address>0x955</run_address>
         <size>0x140</size>
         <input_file_ref idref="fl-24"/>
      </object_component>
      <object_component id="oc-49">
         <name>.debug_abbrev</name>
         <load_address>0xa95</load_address>
         <run_address>0xa95</run_address>
         <size>0x1a2</size>
         <input_file_ref idref="fl-25"/>
      </object_component>
      <object_component id="oc-4f">
         <name>.debug_abbrev</name>
         <load_address>0xc37</load_address>
         <run_address>0xc37</run_address>
         <size>0x225</size>
         <input_file_ref idref="fl-26"/>
      </object_component>
      <object_component id="oc-53">
         <name>.debug_abbrev</name>
         <load_address>0xe5c</load_address>
         <run_address>0xe5c</run_address>
         <size>0x38</size>
         <input_file_ref idref="fl-27"/>
      </object_component>
      <object_component id="oc-5a">
         <name>.debug_abbrev</name>
         <load_address>0xe94</load_address>
         <run_address>0xe94</run_address>
         <size>0x1de</size>
         <input_file_ref idref="fl-28"/>
      </object_component>
      <object_component id="oc-5e">
         <name>.debug_abbrev</name>
         <load_address>0x1072</load_address>
         <run_address>0x1072</run_address>
         <size>0x145</size>
         <input_file_ref idref="fl-29"/>
      </object_component>
      <object_component id="oc-62">
         <name>.debug_abbrev</name>
         <load_address>0x11b7</load_address>
         <run_address>0x11b7</run_address>
         <size>0xbf</size>
         <input_file_ref idref="fl-2a"/>
      </object_component>
      <object_component id="oc-67">
         <name>.debug_abbrev</name>
         <load_address>0x1276</load_address>
         <run_address>0x1276</run_address>
         <size>0x15a</size>
         <input_file_ref idref="fl-2b"/>
      </object_component>
      <object_component id="oc-6d">
         <name>.debug_abbrev</name>
         <load_address>0x13d0</load_address>
         <run_address>0x13d0</run_address>
         <size>0xde</size>
         <input_file_ref idref="fl-2c"/>
      </object_component>
      <object_component id="oc-71">
         <name>.debug_abbrev</name>
         <load_address>0x14ae</load_address>
         <run_address>0x14ae</run_address>
         <size>0xd1</size>
         <input_file_ref idref="fl-2d"/>
      </object_component>
      <object_component id="oc-75">
         <name>.debug_abbrev</name>
         <load_address>0x157f</load_address>
         <run_address>0x157f</run_address>
         <size>0x26</size>
         <input_file_ref idref="fl-2e"/>
      </object_component>
      <object_component id="oc-79">
         <name>.debug_abbrev</name>
         <load_address>0x15a5</load_address>
         <run_address>0x15a5</run_address>
         <size>0xd1</size>
         <input_file_ref idref="fl-2f"/>
      </object_component>
      <object_component id="oc-7f">
         <name>.debug_abbrev</name>
         <load_address>0x1676</load_address>
         <run_address>0x1676</run_address>
         <size>0x9f</size>
         <input_file_ref idref="fl-30"/>
      </object_component>
      <object_component id="oc-85">
         <name>.debug_abbrev</name>
         <load_address>0x1715</load_address>
         <run_address>0x1715</run_address>
         <size>0x1f8</size>
         <input_file_ref idref="fl-31"/>
      </object_component>
      <object_component id="oc-89">
         <name>.debug_abbrev</name>
         <load_address>0x190d</load_address>
         <run_address>0x190d</run_address>
         <size>0x1d0</size>
         <input_file_ref idref="fl-32"/>
      </object_component>
      <object_component id="oc-8d">
         <name>.debug_abbrev</name>
         <load_address>0x1add</load_address>
         <run_address>0x1add</run_address>
         <size>0xec</size>
         <input_file_ref idref="fl-33"/>
      </object_component>
      <object_component id="oc-91">
         <name>.debug_abbrev</name>
         <load_address>0x1bc9</load_address>
         <run_address>0x1bc9</run_address>
         <size>0xd5</size>
         <input_file_ref idref="fl-34"/>
      </object_component>
      <object_component id="oc-95">
         <name>.debug_abbrev</name>
         <load_address>0x1c9e</load_address>
         <run_address>0x1c9e</run_address>
         <size>0x44</size>
         <input_file_ref idref="fl-35"/>
      </object_component>
      <object_component id="oc-99">
         <name>.debug_abbrev</name>
         <load_address>0x1ce2</load_address>
         <run_address>0x1ce2</run_address>
         <size>0xb7</size>
         <input_file_ref idref="fl-36"/>
      </object_component>
      <object_component id="oc-9b">
         <name>.debug_abbrev</name>
         <load_address>0x1d99</load_address>
         <run_address>0x1d99</run_address>
         <size>0x68</size>
         <input_file_ref idref="fl-37"/>
      </object_component>
      <object_component id="oc-9f">
[...]
         <value>0x6690</value>
         <object_component_ref idref="oc-24"/>
      </symbol>
      <symbol id="sm-98">
         <name>_exit</name>
         <value>0x64f3</value>
         <object_component_ref idref="oc-20"/>
      </symbol>
      <symbol id="sm-99">
         <name>_abort</name>
         <value>0x668f</value>
         <object_component_ref idref="oc-24"/>
      </symbol>
      <symbol id="sm-9a">
         <name>__cleanup_ptr</name>
         <value>0xbc20</value>
         <object_component_ref idref="oc-21"/>
      </symbol>
      <symbol id="sm-9b">
         <name>__dtors_ptr</name>
         <value>0xbc24</value>
         <object_component_ref idref="oc-21"/>
      </symbol>
      <symbol id="sm-a5">
         <name>_fclose</name>
         <value>0x5f0f</value>
         <object_component_ref idref="oc-27"/>
      </symbol>
      <symbol id="sm-af">
         <name>_feof</name>
         <value>0x667b</value>
         <object_component_ref idref="oc-2b"/>
      </symbol>
      <symbol id="sm-b9">
         <name>__doflush</name>
         <value>0x594b</value>
         <object_component_ref idref="oc-2f"/>
      </symbol>
      <symbol id="sm-ba">
         <name>_fflush</name>
         <value>0x59b4</value>
         <object_component_ref idref="oc-2f"/>
      </symbol>
      <symbol id="sm-c9">
         <name>__cleanup</name>
         <value>0x43e9</value>
         <object_component_ref idref="oc-33"/>
      </symbol>
      <symbol id="sm-ca">
         <name>_fopen</name>
         <value>0x450c</value>
         <object_component_ref idref="oc-33"/>
      </symbol>
      <symbol id="sm-cb">
         <name>_freopen</name>
         <value>0x4443</value>
         <object_component_ref idref="oc-33"/>
      </symbol>
      <symbol id="sm-d5">
         <name>_fprintf</name>
         <value>0x6422</value>
         <object_component_ref idref="oc-39"/>
      </symbol>
      <symbol id="sm-df">
         <name>_putchar</name>
         <value>0x5c0c</value>
         <object_component_ref idref="oc-3d"/>
      </symbol>
      <symbol id="sm-e0">
         <name>_putc</name>
         <value>0x5b75</value>
         <object_component_ref idref="oc-3d"/>
      </symbol>
      <symbol id="sm-e1">
         <name>_fputc</name>
         <value>0x5b75</value>
         <object_component_ref idref="oc-3d"/>
      </symbol>
      <symbol id="sm-ef">
         <name>_puts</name>
         <value>0x54ad</value>
         <object_component_ref idref="oc-41"/>
      </symbol>
      <symbol id="sm-f0">
         <name>_fputs</name>
         <value>0x5378</value>
         <object_component_ref idref="oc-41"/>
      </symbol>
      <symbol id="sm-fa">
         <name>_fscanf</name>
         <value>0x5517</value>
         <object_component_ref idref="oc-46"/>
      </symbol>
      <symbol id="sm-fb">
         <name>_scanf</name>
         <value>0x54db</value>
         <object_component_ref idref="oc-46"/>
      </symbol>
      <symbol id="sm-10d">
         <name>_add_device</name>
         <value>0x2bd2</value>
         <object_component_ref idref="oc-4a"/>
      </symbol>
      <symbol id="sm-10e">
         <name>_rename</name>
         <value>0x28f4</value>
         <object_component_ref idref="oc-4a"/>
      </symbol>
      <symbol id="sm-10f">
         <name>_read</name>
         <value>0x2983</value>
         <object_component_ref idref="oc-4a"/>
      </symbol>
      <symbol id="sm-110">
         <name>_unlink</name>
         <value>0x28c1</value>
         <object_component_ref idref="oc-4a"/>
      </symbol>
      <symbol id="sm-111">
         <name>_remove_device</name>
         <value>0x294d</value>
         <object_component_ref idref="oc-4a"/>
      </symbol>
      <symbol id="sm-112">
         <name>_open</name>
         <value>0x2a31</value>
         <object_component_ref idref="oc-4a"/>
      </symbol>
      <symbol id="sm-113">
         <name>_find_registered_device</name>
         <value>0x2b56</value>
         <object_component_ref idref="oc-4a"/>
      </symbol>
      <symbol id="sm-114">
         <name>_lseek</name>
         <value>0x2af0</value>
         <object_component_ref idref="oc-4a"/>
      </symbol>
      <symbol id="sm-115">
         <name>_close</name>
         <value>0x2b5f</value>
         <object_component_ref idref="oc-4a"/>
      </symbol>
      <symbol id="sm-116">
         <name>_write</name>
         <value>0x277f</value>
         <object_component_ref idref="oc-4a"/>
      </symbol>
      <symbol id="sm-11e">
         <name>_memcpy</name>
         <value>0x64b4</value>
         <object_component_ref idref="oc-50"/>
      </symbol>
      <symbol id="sm-12e">
         <name>__sys_memory</name>
         <value>0x869c</value>
         <object_component_ref idref="oc-58"/>
      </symbol>
      <symbol id="sm-12f">
         <name>_chkheap</name>
         <value>0x3671</value>
         <object_component_ref idref="oc-54"/>
      </symbol>
      <symbol id="sm-130">
         <name>_realloc</name>
         <value>0x3410</value>
         <object_component_ref idref="oc-54"/>
      </symbol>
      <symbol id="sm-131">
         <name>_free_memory</name>
         <value>0x361b</value>
         <object_component_ref idref="oc-54"/>
      </symbol>
      <symbol id="sm-132">
         <name>_max_free</name>
         <value>0x35c1</value>
         <object_component_ref idref="oc-54"/>
      </symbol>
      <symbol id="sm-133">
         <name>_free</name>
         <value>0x31ea</value>
         <object_component_ref idref="oc-54"/>
      </symbol>
      <symbol id="sm-134">
         <name>_calloc</name>
         <value>0x3679</value>
         <object_component_ref idref="oc-54"/>
      </symbol>
      <symbol id="sm-135">
         <name>_malloc</name>
         <value>0x331b</value>
         <object_component_ref idref="oc-54"/>
      </symbol>
      <symbol id="sm-136">
         <name>_minit</name>
         <value>0x32b6</value>
         <object_component_ref idref="oc-54"/>
      </symbol>
      <symbol id="sm-140">
         <name>_printf</name>
         <value>0x62ef</value>
         <object_component_ref idref="oc-5b"/>
      </symbol>
      <symbol id="sm-14a">
         <name>_remove</name>
         <value>0x6685</value>
         <object_component_ref idref="oc-5f"/>
      </symbol>
      <symbol id="sm-156">
         <name>_HOSTopen</name>
         <value>0x2fcd</value>
         <object_component_ref idref="oc-63"/>
      </symbol>
      <symbol id="sm-157">
         <name>_HOSTread</name>
         <value>0x2f40</value>
         <object_component_ref idref="oc-63"/>
      </symbol>
      <symbol id="sm-158">
         <name>_HOSTtime</name>
         <value>0x2e34</value>
         <object_component_ref idref="oc-63"/>
      </symbol>
      <symbol id="sm-159">
         <name>_getenv</name>
         <value>0x2cc2</value>
         <object_component_ref idref="oc-63"/>
      </symbol>
      <symbol id="sm-15a">
         <name>_HOSTrename</name>
         <value>0x2e92</value>
         <object_component_ref idref="oc-63"/>
      </symbol>
      <symbol id="sm-15b">
         <name>_HOSTclock</name>
         <value>0x318c</value>
         <object_component_ref idref="oc-63"/>
      </symbol>
      <symbol id="sm-15c">
         <name>_HOSTwrite</name>
         <value>0x2d3d</value>
         <object_component_ref idref="oc-63"/>
      </symbol>
      <symbol id="sm-15d">
         <name>_HOSTlseek</name>
         <value>0x306c</value>
         <object_component_ref idref="oc-63"/>
      </symbol>
      <symbol id="sm-15e">
         <name>_HOSTunlink</name>
         <value>0x2dca</value>
         <object_component_ref idref="oc-63"/>
      </symbol>
      <symbol id="sm-15f">
         <name>_HOSTclose</name>
         <value>0x3121</value>
         <object_component_ref idref="oc-63"/>
      </symbol>
      <symbol id="sm-171">
         <name>C$$IO$$</name>
         <value>0x5ac2</value>
         <object_component_ref idref="oc-6b"/>
      </symbol>
      <symbol id="sm-172">
         <name>__CIOBUF_</name>
         <value>0xd000</value>
         <object_component_ref idref="oc-6a"/>
      </symbol>
      <symbol id="sm-173">
         <name>_readmsg</name>
         <value>0x6154</value>
         <object_component_ref idref="oc-68"/>
      </symbol>
      <symbol id="sm-174">
         <name>_writemsg</name>
         <value>0x5a0d</value>
         <object_component_ref idref="oc-6b"/>
      </symbol>
      <symbol id="sm-17e">
         <name>_ungetc</name>
         <value>0x5df8</value>
         <object_component_ref idref="oc-6e"/>
      </symbol>
      <symbol id="sm-188">
         <name>_Reset</name>
         <value>0xfe00</value>
         <object_component_ref idref="oc-13"/>
      </symbol>
      <symbol id="sm-192">
         <name>__rd_ok</name>
         <value>0x58ee</value>
         <object_component_ref idref="oc-76"/>
      </symbol>
      <symbol id="sm-193">
         <name>__wrt_ok</name>
         <value>0x586e</value>
         <object_component_ref idref="oc-76"/>
      </symbol>
      <symbol id="sm-1a1">
         <name>__unlock</name>
         <value>0xbc1c</value>
         <object_component_ref idref="oc-7b"/>
      </symbol>
      <symbol id="sm-1a2">
         <name>__lock</name>
         <value>0xbc18</value>
         <object_component_ref idref="oc-7b"/>
      </symbol>
      <symbol id="sm-1a3">
         <name>__register_lock</name>
         <value>0x6661</value>
         <object_component_ref idref="oc-7a"/>
      </symbol>
      <symbol id="sm-1a4">
         <name>__nop</name>
         <value>0x6669</value>
         <object_component_ref idref="oc-7a"/>
      </symbol>
      <symbol id="sm-1a5">
         <name>__register_unlock</name>
         <value>0x6659</value>
         <object_component_ref idref="oc-7a"/>
      </symbol>
      <symbol id="sm-1b7">
         <name>__printfi</name>
         <value>0x1662</value>
         <object_component_ref idref="oc-80"/>
      </symbol>
      <symbol id="sm-1c5">
         <name>__scanfi</name>
         <value>0x2277</value>
         <object_component_ref idref="oc-86"/>
      </symbol>
      <symbol id="sm-1cf">
         <name>__args_main</name>
         <value>0x638c</value>
         <object_component_ref idref="oc-8a"/>
      </symbol>
      <symbol id="sm-1d0">
         <name>__TI_args_main</name>
         <value>0x1</value>
      </symbol>
      <symbol id="sm-1da">
         <name>_atoi</name>
         <value>0x6293</value>
         <object_component_ref idref="oc-8e"/>
      </symbol>
      <symbol id="sm-1e2">
         <name>_auto_init</name>
         <value>0x633f</value>
         <object_component_ref idref="oc-92"/>
      </symbol>
      <symbol id="sm-1ec">
         <name>__eqld</name>
         <value>0x4fb0</value>
         <object_component_ref idref="oc-96"/>
      </symbol>
      <symbol id="sm-1ed">
         <name>__cmpd</name>
         <value>0x4fe4</value>
         <object_component_ref idref="oc-96"/>
      </symbol>
      <symbol id="sm-1ee">
         <name>__neqd</name>
         <value>0x4e52</value>
         <object_component_ref idref="oc-96"/>
      </symbol>
      <symbol id="sm-1ef">
         <name>__gtrd</name>
         <value>0x4f1b</value>
         <object_component_ref idref="oc-96"/>
      </symbol>
      <symbol id="sm-1f0">
         <name>__geqd</name>
         <value>0x4f66</value>
         <object_component_ref idref="oc-96"/>
      </symbol>
      <symbol id="sm-1f1">
         <name>__leqd</name>
         <value>0x4ece</value>
         <object_component_ref idref="oc-96"/>
      </symbol>
      <symbol id="sm-1f2">
         <name>__lssd</name>
         <value>0x4e86</value>
         <object_component_ref idref="oc-96"/>
      </symbol>
      <symbol id="sm-1fa">
         <name>__ctypes_</name>
         <value>0xcc28</value>
         <object_component_ref idref="oc-128"/>
      </symbol>
      <symbol id="sm-204">
         <name>__tmpnams</name>
         <value>0xb844</value>
         <object_component_ref idref="oc-9c"/>
      </symbol>
      <symbol id="sm-205">
         <name>__ft_end</name>
         <value>0xb984</value>
         <object_component_ref idref="oc-9c"/>
      </symbol>
      <symbol id="sm-206">
         <name>__ftable</name>
         <value>0xb754</value>
         <object_component_ref idref="oc-9c"/>
      </symbol>
      <symbol id="sm-212">
         <name>__divd</name>
         <value>0x369f</value>
         <object_component_ref idref="oc-a0"/>
      </symbol>
      <symbol id="sm-21d">
         <name>__divul</name>
         <value>0x5cbc</value>
         <object_component_ref idref="oc-a4"/>
      </symbol>
      <symbol id="sm-227">
         <name>_getchar</name>
         <value>0x5de9</value>
         <object_component_ref idref="oc-a8"/>
      </symbol>
      <symbol id="sm-228">
         <name>_getc</name>
         <value>0x5d5d</value>
         <object_component_ref idref="oc-a8"/>
      </symbol>
      <symbol id="sm-229">
         <name>_fgetc</name>
         <value>0x5d5d</value>
         <object_component_ref idref="oc-a8"/>
      </symbol>
      <symbol id="sm-233">
         <name>__fixdi</name>
         <value>0x65a1</value>
         <object_component_ref idref="oc-ac"/>
      </symbol>
      <symbol id="sm-23d">
         <name>__fixdli</name>
         <value>0x60e5</value>
         <object_component_ref idref="oc-b0"/>
      </symbol>
      <symbol id="sm-249">
         <name>__fltlid</name>
         <value>0x622c</value>
         <object_component_ref idref="oc-b4"/>
      </symbol>
      <symbol id="sm-253">
         <name>__frcmpyd_div</name>
         <value>0x6000</value>
         <object_component_ref idref="oc-b9"/>
      </symbol>
      <symbol id="sm-25d">
         <name>_fseek</name>
         <value>0x61c1</value>
         <object_component_ref idref="oc-bd"/>
      </symbol>
      <symbol id="sm-267">
         <name>___isinf</name>
         <value>0x6618</value>
         <object_component_ref idref="oc-c1"/>
      </symbol>
      <symbol id="sm-271">
         <name>__divull</name>
         <value>0x467c</value>
         <object_component_ref idref="oc-c5"/>
      </symbol>
      <symbol id="sm-272">
         <name>__mpylli</name>
         <value>0x45c4</value>
         <object_component_ref idref="oc-c5"/>
      </symbol>
      <symbol id="sm-273">
         <name>__remlli</name>
         <value>0x4595</value>
         <object_component_ref idref="oc-c5"/>
      </symbol>
      <symbol id="sm-274">
         <name>__divlli</name>
         <value>0x4770</value>
         <object_component_ref idref="oc-c5"/>
      </symbol>
      <symbol id="sm-275">
         <name>__remull</name>
         <value>0x4547</value>
         <object_component_ref idref="oc-c5"/>
      </symbol>
      <symbol id="sm-27d">
         <name>__mpyli</name>
         <value>0x6646</value>
         <object_component_ref idref="oc-c9"/>
      </symbol>
      <symbol id="sm-27e">
         <name>I$$LMPY</name>
         <value>0x6646</value>
         <object_component_ref idref="oc-c9"/>
      </symbol>
      <symbol id="sm-288">
         <name>_ltoa</name>
         <value>0x5e92</value>
         <object_component_ref idref="oc-cd"/>
      </symbol>
      <symbol id="sm-293">
         <name>_memccpy</name>
         <value>0x65f5</value>
         <object_component_ref idref="oc-d1"/>
      </symbol>
      <symbol id="sm-29d">
         <name>__mpyd</name>
         <value>0x563c</value>
         <object_component_ref idref="oc-d5"/>
      </symbol>
      <symbol id="sm-2a7">
         <name>__negd</name>
         <value>0x666b</value>
         <object_component_ref idref="oc-d9"/>
      </symbol>
      <symbol id="sm-2b1">
         <name>__remli</name>
         <value>0x63d7</value>
         <object_component_ref idref="oc-dd"/>
      </symbol>
      <symbol id="sm-2bc">
         <name>__remul</name>
         <value>0x6073</value>
         <object_component_ref idref="oc-e1"/>
      </symbol>
      <symbol id="sm-2c6">
         <name>_setvbuf</name>
         <value>0x5788</value>
         <object_component_ref idref="oc-e5"/>
      </symbol>
      <symbol id="sm-2d6">
         <name>_strtod</name>
         <value>0x3d6c</value>
         <object_component_ref idref="oc-e9"/>
      </symbol>
      <symbol id="sm-2e0">
         <name>_strtol</name>
         <value>0x4c4a</value>
         <object_component_ref idref="oc-ee"/>
      </symbol>
      <symbol id="sm-2f0">
         <name>_strtold</name>
         <value>0x4029</value>
         <object_component_ref idref="oc-f2"/>
      </symbol>
      <symbol id="sm-2fa">
         <name>_strtoll</name>
         <value>0x3a6b</value>
         <object_component_ref idref="oc-f7"/>
      </symbol>
      <symbol id="sm-304">
         <name>_strtoul</name>
         <value>0x503c</value>
         <object_component_ref idref="oc-fb"/>
      </symbol>
      <symbol id="sm-30e">
         <name>_strtoull</name>
         <value>0x49ff</value>
         <object_component_ref idref="oc-ff"/>
      </symbol>
      <symbol id="sm-318">
         <name>__subd</name>
         <value>0x6632</value>
         <object_component_ref idref="oc-103"/>
      </symbol>
      <symbol id="sm-320">
         <name>__remu</name>
         <value>0x65e0</value>
         <object_component_ref idref="oc-107"/>
      </symbol>
      <symbol id="sm-321">
         <name>__divu</name>
         <value>0x65cb</value>
         <object_component_ref idref="oc-107"/>
      </symbol>
      <symbol id="sm-322">
         <name>I$$UMOD</name>
         <value>0x65e0</value>
         <object_component_ref idref="oc-107"/>
      </symbol>
      <symbol id="sm-323">
         <name>I$$UDIV</name>
         <value>0x65cb</value>
         <object_component_ref idref="oc-107"/>
      </symbol>
      <symbol id="sm-32d">
         <name>__buff_read</name>
         <value>0x5ac7</value>
         <object_component_ref idref="oc-10b"/>
      </symbol>
      <symbol id="sm-337">
         <name>__addd</name>
         <value>0x47a5</value>
         <object_component_ref idref="oc-10f"/>
      </symbol>
      <symbol id="sm-341">
         <name>__divli</name>
         <value>0x646c</value>
         <object_component_ref idref="oc-113"/>
      </symbol>
      <symbol id="sm-34b">
         <name>_errno</name>
         <value>0xb752</value>
         <object_component_ref idref="oc-117"/>
      </symbol>
      <symbol id="sm-355">
         <name>__frcmpyd</name>
         <value>0x5f8a</value>
         <object_component_ref idref="oc-11b"/>
      </symbol>
      <symbol id="sm-35d">
         <name>__remi</name>
         <value>0x6550</value>
         <object_component_ref idref="oc-11f"/>
      </symbol>
      <symbol id="sm-35e">
         <name>__divi</name>
         <value>0x6531</value>
         <object_component_ref idref="oc-11f"/>
      </symbol>
      <symbol id="sm-35f">
         <name>I$$MOD</name>
         <value>0x6550</value>
         <object_component_ref idref="oc-11f"/>
      </symbol>
      <symbol id="sm-360">
         <name>I$$DIV</name>
         <value>0x6531</value>
         <object_component_ref idref="oc-11f"/>
      </symbol>
      <symbol id="sm-36f">
         <name>_iircas51</name>
         <value>0x5c1b</value>
         <object_component_ref idref="oc-123"/>
      </symbol>
   </symbol_table>
</link_info>
