<?xml version="1.0"?>
<link_info>
   <banner>TMS320C55x Linker PC v4.4.1</banner>
   <copyright>Copyright (c) 1996-2012 Texas Instruments Incorporated</copyright>
   <link_time>0x5b12e01d</link_time>
   <output_file>lab3_1.out</output_file>
   <entry_point>
      <name>_c_int00</name>
      <address>0x6534</address>
   </entry_point>
   <input_file_list>
      <input_file id="fl-2">
         <path>.\</path>
         <kind>object</kind>
         <file>main.obj</file>
         <name>main.obj</name>
      </input_file>
      <input_file id="fl-1c">
         <path>C:\ti\ccsv8\tools\compiler\c5500_4.4.1\lib\</path>
         <kind>archive</kind>
         <file>rts55x.lib</file>
         <name>boot.obj</name>
      </input_file>
      <input_file id="fl-1d">
         <path>C:\ti\ccsv8\tools\compiler\c5500_4.4.1\lib\</path>
         <kind>archive</kind>
         <file>rts55x.lib</file>
         <name>exit.obj</name>
      </input_file>
      <input_file id="fl-1e">
         <path>C:\ti\ccsv8\tools\compiler\c5500_4.4.1\lib\</path>
         <kind>archive</kind>
         <file>rts55x.lib</file>
         <name>fclose.obj</name>
      </input_file>
      <input_file id="fl-1f">
         <path>C:\ti\ccsv8\tools\compiler\c5500_4.4.1\lib\</path>
         <kind>archive</kind>
         <file>rts55x.lib</file>
         <name>feof.obj</name>
      </input_file>
      <input_file id="fl-20">
         <path>C:\ti\ccsv8\tools\compiler\c5500_4.4.1\lib\</path>
         <kind>archive</kind>
         <file>rts55x.lib</file>
         <name>fflush.obj</name>
      </input_file>
      <input_file id="fl-21">
         <path>C:\ti\ccsv8\tools\compiler\c5500_4.4.1\lib\</path>
         <kind>archive</kind>
         <file>rts55x.lib</file>
         <name>fopen.obj</name>
      </input_file>
      <input_file id="fl-22">
         <path>C:\ti\ccsv8\tools\compiler\c5500_4.4.1\lib\</path>
         <kind>archive</kind>
         <file>rts55x.lib</file>
         <name>fprintf.obj</name>
      </input_file>
      <input_file id="fl-23">
         <path>C:\ti\ccsv8\tools\compiler\c5500_4.4.1\lib\</path>
         <kind>archive</kind>
         <file>rts55x.lib</file>
         <name>fputc.obj</name>
      </input_file>
      <input_file id="fl-24">
         <path>C:\ti\ccsv8\tools\compiler\c5500_4.4.1\lib\</path>
         <kind>archive</kind>
         <file>rts55x.lib</file>
         <name>fputs.obj</name>
      </input_file>
      <input_file id="fl-25">
         <path>C:\ti\ccsv8\tools\compiler\c5500_4.4.1\lib\</path>
         <kind>archive</kind>
         <file>rts55x.lib</file>
         <name>fscanf.obj</name>
      </input_file>
      <input_file id="fl-26">
         <path>C:\ti\ccsv8\tools\compiler\c5500_4.4.1\lib\</path>
         <kind>archive</kind>
         <file>rts55x.lib</file>
         <name>lowlev.obj</name>
      </input_file>
      <input_file id="fl-27">
         <path>C:\ti\ccsv8\tools\compiler\c5500_4.4.1\lib\</path>
         <kind>archive</kind>
         <file>rts55x.lib</file>
         <name>memcpy.obj</name>
      </input_file>
      <input_file id="fl-28">
         <path>C:\ti\ccsv8\tools\compiler\c5500_4.4.1\lib\</path>
         <kind>archive</kind>
         <file>rts55x.lib</file>
         <name>memory.obj</name>
      </input_file>
      <input_file id="fl-29">
         <path>C:\ti\ccsv8\tools\compiler\c5500_4.4.1\lib\</path>
         <kind>archive</kind>
         <file>rts55x.lib</file>
         <name>printf.obj</name>
      </input_file>
      <input_file id="fl-2a">
         <path>C:\ti\ccsv8\tools\compiler\c5500_4.4.1\lib\</path>
         <kind>archive</kind>
         <file>rts55x.lib</file>
         <name>remove.obj</name>
      </input_file>
      <input_file id="fl-2b">
         <path>C:\ti\ccsv8\tools\compiler\c5500_4.4.1\lib\</path>
         <kind>archive</kind>
         <file>rts55x.lib</file>
         <name>trgdrv.obj</name>
      </input_file>
      <input_file id="fl-2c">
         <path>C:\ti\ccsv8\tools\compiler\c5500_4.4.1\lib\</path>
         <kind>archive</kind>
         <file>rts55x.lib</file>
         <name>trgmsg.obj</name>
      </input_file>
      <input_file id="fl-2d">
         <path>C:\ti\ccsv8\tools\compiler\c5500_4.4.1\lib\</path>
         <kind>archive</kind>
         <file>rts55x.lib</file>
         <name>ungetc.obj</name>
      </input_file>
      <input_file id="fl-2e">
         <path>C:\ti\ccsv8\tools\compiler\c5500_4.4.1\lib\</path>
         <kind>archive</kind>
         <file>rts55x.lib</file>
         <name>vectors.obj</name>
      </input_file>
      <input_file id="fl-2f">
         <path>C:\ti\ccsv8\tools\compiler\c5500_4.4.1\lib\</path>
         <kind>archive</kind>
         <file>rts55x.lib</file>
         <name>_io_perm.obj</name>
      </input_file>
      <input_file id="fl-30">
         <path>C:\ti\ccsv8\tools\compiler\c5500_4.4.1\lib\</path>
         <kind>archive</kind>
         <file>rts55x.lib</file>
         <name>_lock.obj</name>
      </input_file>
      <input_file id="fl-31">
         <path>C:\ti\ccsv8\tools\compiler\c5500_4.4.1\lib\</path>
         <kind>archive</kind>
         <file>rts55x.lib</file>
         <name>_printfi.obj</name>
      </input_file>
      <input_file id="fl-32">
         <path>C:\ti\ccsv8\tools\compiler\c5500_4.4.1\lib\</path>
         <kind>archive</kind>
         <file>rts55x.lib</file>
         <name>_scanfi.obj</name>
      </input_file>
      <input_file id="fl-33">
         <path>C:\ti\ccsv8\tools\compiler\c5500_4.4.1\lib\</path>
         <kind>archive</kind>
         <file>rts55x.lib</file>
         <name>args_main.obj</name>
      </input_file>
      <input_file id="fl-34">
         <path>C:\ti\ccsv8\tools\compiler\c5500_4.4.1\lib\</path>
         <kind>archive</kind>
         <file>rts55x.lib</file>
         <name>atoi.obj</name>
      </input_file>
      <input_file id="fl-35">
         <path>C:\ti\ccsv8\tools\compiler\c5500_4.4.1\lib\</path>
         <kind>archive</kind>
         <file>rts55x.lib</file>
         <name>autoinit.obj</name>
      </input_file>
      <input_file id="fl-36">
         <path>C:\ti\ccsv8\tools\compiler\c5500_4.4.1\lib\</path>
         <kind>archive</kind>
         <file>rts55x.lib</file>
         <name>cmpd.obj</name>
      </input_file>
      <input_file id="fl-37">
         <path>C:\ti\ccsv8\tools\compiler\c5500_4.4.1\lib\</path>
         <kind>archive</kind>
         <file>rts55x.lib</file>
         <name>ctype.obj</name>
      </input_file>
      <input_file id="fl-38">
         <path>C:\ti\ccsv8\tools\compiler\c5500_4.4.1\lib\</path>
         <kind>archive</kind>
         <file>rts55x.lib</file>
         <name>defs.obj</name>
      </input_file>
      <input_file id="fl-39">
         <path>C:\ti\ccsv8\tools\compiler\c5500_4.4.1\lib\</path>
         <kind>archive</kind>
         <file>rts55x.lib</file>
         <name>divd.obj</name>
      </input_file>
      <input_file id="fl-3a">
         <path>C:\ti\ccsv8\tools\compiler\c5500_4.4.1\lib\</path>
         <kind>archive</kind>
         <file>rts55x.lib</file>
         <name>divul.obj</name>
      </input_file>
      <input_file id="fl-3b">
         <path>C:\ti\ccsv8\tools\compiler\c5500_4.4.1\lib\</path>
         <kind>archive</kind>
         <file>rts55x.lib</file>
         <name>fgetc.obj</name>
      </input_file>
      <input_file id="fl-3c">
         <path>C:\ti\ccsv8\tools\compiler\c5500_4.4.1\lib\</path>
         <kind>archive</kind>
         <file>rts55x.lib</file>
         <name>fixdi.obj</name>
      </input_file>
      <input_file id="fl-3d">
         <path>C:\ti\ccsv8\tools\compiler\c5500_4.4.1\lib\</path>
         <kind>archive</kind>
         <file>rts55x.lib</file>
         <name>fixdli.obj</name>
      </input_file>
      <input_file id="fl-3e">
         <path>C:\ti\ccsv8\tools\compiler\c5500_4.4.1\lib\</path>
         <kind>archive</kind>
         <file>rts55x.lib</file>
         <name>fltlid.obj</name>
      </input_file>
      <input_file id="fl-3f">
         <path>C:\ti\ccsv8\tools\compiler\c5500_4.4.1\lib\</path>
         <kind>archive</kind>
         <file>rts55x.lib</file>
         <name>frcmpyd_div.obj</name>
      </input_file>
      <input_file id="fl-40">
         <path>C:\ti\ccsv8\tools\compiler\c5500_4.4.1\lib\</path>
         <kind>archive</kind>
         <file>rts55x.lib</file>
         <name>fseek.obj</name>
      </input_file>
      <input_file id="fl-41">
         <path>C:\ti\ccsv8\tools\compiler\c5500_4.4.1\lib\</path>
         <kind>archive</kind>
         <file>rts55x.lib</file>
         <name>isinf.obj</name>
      </input_file>
      <input_file id="fl-42">
         <path>C:\ti\ccsv8\tools\compiler\c5500_4.4.1\lib\</path>
         <kind>archive</kind>
         <file>rts55x.lib</file>
         <name>llmpy.obj</name>
      </input_file>
      <input_file id="fl-43">
         <path>C:\ti\ccsv8\tools\compiler\c5500_4.4.1\lib\</path>
         <kind>archive</kind>
         <file>rts55x.lib</file>
         <name>lmpy.obj</name>
      </input_file>
      <input_file id="fl-44">
         <path>C:\ti\ccsv8\tools\compiler\c5500_4.4.1\lib\</path>
         <kind>archive</kind>
         <file>rts55x.lib</file>
         <name>ltoa.obj</name>
      </input_file>
      <input_file id="fl-45">
         <path>C:\ti\ccsv8\tools\compiler\c5500_4.4.1\lib\</path>
         <kind>archive</kind>
         <file>rts55x.lib</file>
         <name>memccpy.obj</name>
      </input_file>
      <input_file id="fl-46">
         <path>C:\ti\ccsv8\tools\compiler\c5500_4.4.1\lib\</path>
         <kind>archive</kind>
         <file>rts55x.lib</file>
         <name>mpyd.obj</name>
      </input_file>
      <input_file id="fl-47">
         <path>C:\ti\ccsv8\tools\compiler\c5500_4.4.1\lib\</path>
         <kind>archive</kind>
         <file>rts55x.lib</file>
         <name>negd.obj</name>
      </input_file>
      <input_file id="fl-48">
         <path>C:\ti\ccsv8\tools\compiler\c5500_4.4.1\lib\</path>
         <kind>archive</kind>
         <file>rts55x.lib</file>
         <name>remli.obj</name>
      </input_file>
      <input_file id="fl-49">
         <path>C:\ti\ccsv8\tools\compiler\c5500_4.4.1\lib\</path>
         <kind>archive</kind>
         <file>rts55x.lib</file>
         <name>remul.obj</name>
      </input_file>
      <input_file id="fl-4a">
         <path>C:\ti\ccsv8\tools\compiler\c5500_4.4.1\lib\</path>
         <kind>archive</kind>
         <file>rts55x.lib</file>
         <name>setvbuf.obj</name>
      </input_file>
      <input_file id="fl-4b">
         <path>C:\ti\ccsv8\tools\compiler\c5500_4.4.1\lib\</path>
         <kind>archive</kind>
         <file>rts55x.lib</file>
         <name>strtod.obj</name>
      </input_file>
      <input_file id="fl-4c">
         <path>C:\ti\ccsv8\tools\compiler\c5500_4.4.1\lib\</path>
         <kind>archive</kind>
         <file>rts55x.lib</file>
         <name>strtol.obj</name>
      </input_file>
      <input_file id="fl-4d">
         <path>C:\ti\ccsv8\tools\compiler\c5500_4.4.1\lib\</path>
         <kind>archive</kind>
         <file>rts55x.lib</file>
         <name>strtold.obj</name>
      </input_file>
      <input_file id="fl-4e">
         <path>C:\ti\ccsv8\tools\compiler\c5500_4.4.1\lib\</path>
         <kind>archive</kind>
         <file>rts55x.lib</file>
         <name>strtoll.obj</name>
      </input_file>
      <input_file id="fl-4f">
         <path>C:\ti\ccsv8\tools\compiler\c5500_4.4.1\lib\</path>
         <kind>archive</kind>
         <file>rts55x.lib</file>
         <name>strtoul.obj</name>
      </input_file>
      <input_file id="fl-50">
         <path>C:\ti\ccsv8\tools\compiler\c5500_4.4.1\lib\</path>
         <kind>archive</kind>
         <file>rts55x.lib</file>
         <name>strtoull.obj</name>
      </input_file>
      <input_file id="fl-51">
         <path>C:\ti\ccsv8\tools\compiler\c5500_4.4.1\lib\</path>
         <kind>archive</kind>
         <file>rts55x.lib</file>
         <name>subd.obj</name>
      </input_file>
      <input_file id="fl-52">
         <path>C:\ti\ccsv8\tools\compiler\c5500_4.4.1\lib\</path>
         <kind>archive</kind>
         <file>rts55x.lib</file>
         <name>udiv.obj</name>
      </input_file>
      <input_file id="fl-53">
         <path>C:\ti\ccsv8\tools\compiler\c5500_4.4.1\lib\</path>
         <kind>archive</kind>
         <file>rts55x.lib</file>
         <name>_bufread.obj</name>
      </input_file>
      <input_file id="fl-54">
         <path>C:\ti\ccsv8\tools\compiler\c5500_4.4.1\lib\</path>
         <kind>archive</kind>
         <file>rts55x.lib</file>
         <name>addd.obj</name>
      </input_file>
      <input_file id="fl-55">
         <path>C:\ti\ccsv8\tools\compiler\c5500_4.4.1\lib\</path>
         <kind>archive</kind>
         <file>rts55x.lib</file>
         <name>divli.obj</name>
      </input_file>
      <input_file id="fl-56">
         <path>C:\ti\ccsv8\tools\compiler\c5500_4.4.1\lib\</path>
         <kind>archive</kind>
         <file>rts55x.lib</file>
         <name>errno.obj</name>
      </input_file>
      <input_file id="fl-57">
         <path>C:\ti\ccsv8\tools\compiler\c5500_4.4.1\lib\</path>
         <kind>archive</kind>
         <file>rts55x.lib</file>
         <name>frcmpyd.obj</name>
      </input_file>
      <input_file id="fl-58">
         <path>C:\ti\ccsv8\tools\compiler\c5500_4.4.1\lib\</path>
         <kind>archive</kind>
         <file>rts55x.lib</file>
         <name>idiv.obj</name>
      </input_file>
      <input_file id="fl-59">
         <path>C:\Users\ferna\Documents\Lab3\Lab3_Problema01\dsplib_2.40.00\</path>
         <kind>archive</kind>
         <file>55xdspx.lib</file>
         <name>fir.obj</name>
      </input_file>
   </input_file_list>
   <object_component_list>
      <object_component id="oc-81">
         <name>.text</name>
         <load_address>0x300</load_address>
         <run_address>0x300</run_address>
         <size>0x15a4</size>
         <input_file_ref idref="fl-31"/>
      </object_component>
      <object_component id="oc-87">
         <name>.text</name>
         <load_address>0x18a4</load_address>
         <run_address>0x18a4</run_address>
         <size>0xedb</size>
         <input_file_ref idref="fl-32"/>
      </object_component>
      <object_component id="oc-4b">
         <name>.text</name>
         <load_address>0x277f</load_address>
         <run_address>0x277f</run_address>
         <size>0x543</size>
         <input_file_ref idref="fl-26"/>
      </object_component>
      <object_component id="oc-64">
         <name>.text</name>
         <load_address>0x2cc2</load_address>
         <run_address>0x2cc2</run_address>
         <size>0x528</size>
         <input_file_ref idref="fl-2b"/>
      </object_component>
      <object_component id="oc-55">
         <name>.text</name>
         <load_address>0x31ea</load_address>
         <run_address>0x31ea</run_address>
         <size>0x4b5</size>
         <input_file_ref idref="fl-28"/>
      </object_component>
      <object_component id="oc-a1">
         <name>.text</name>
         <load_address>0x369f</load_address>
         <run_address>0x369f</run_address>
         <size>0x3cc</size>
         <input_file_ref idref="fl-39"/>
      </object_component>
      <object_component id="oc-f8">
         <name>.text</name>
         <load_address>0x3a6b</load_address>
         <run_address>0x3a6b</run_address>
         <size>0x301</size>
         <input_file_ref idref="fl-4e"/>
      </object_component>
      <object_component id="oc-ea">
         <name>.text</name>
         <load_address>0x3d6c</load_address>
         <run_address>0x3d6c</run_address>
         <size>0x2bd</size>
         <input_file_ref idref="fl-4b"/>
      </object_component>
      <object_component id="oc-f3">
         <name>.text</name>
         <load_address>0x4029</load_address>
         <run_address>0x4029</run_address>
         <size>0x29f</size>
         <input_file_ref idref="fl-4d"/>
      </object_component>
      <object_component id="oc-34">
         <name>.text</name>
         <load_address>0x42c8</load_address>
         <run_address>0x42c8</run_address>
         <size>0x27f</size>
         <input_file_ref idref="fl-21"/>
      </object_component>
      <object_component id="oc-c6">
         <name>.text</name>
         <load_address>0x4547</load_address>
         <run_address>0x4547</run_address>
         <size>0x25e</size>
         <input_file_ref idref="fl-42"/>
      </object_component>
      <object_component id="oc-110">
         <name>.text</name>
         <load_address>0x47a5</load_address>
         <run_address>0x47a5</run_address>
         <size>0x25a</size>
         <input_file_ref idref="fl-54"/>
      </object_component>
      <object_component id="oc-100">
         <name>.text</name>
         <load_address>0x49ff</load_address>
         <run_address>0x49ff</run_address>
         <size>0x24b</size>
         <input_file_ref idref="fl-50"/>
      </object_component>
      <object_component id="oc-ef">
         <name>.text</name>
         <load_address>0x4c4a</load_address>
         <run_address>0x4c4a</run_address>
         <size>0x208</size>
         <input_file_ref idref="fl-4c"/>
      </object_component>
      <object_component id="oc-97">
         <name>.text</name>
         <load_address>0x4e52</load_address>
         <run_address>0x4e52</run_address>
         <size>0x1ea</size>
         <input_file_ref idref="fl-36"/>
      </object_component>
      <object_component id="oc-fc">
         <name>.text</name>
         <load_address>0x503c</load_address>
         <run_address>0x503c</run_address>
         <size>0x1d1</size>
         <input_file_ref idref="fl-4f"/>
      </object_component>
      <object_component id="oc-14">
         <name>.text</name>
         <load_address>0x520d</load_address>
         <run_address>0x520d</run_address>
         <size>0x168</size>
         <input_file_ref idref="fl-2"/>
      </object_component>
      <object_component id="oc-42">
         <name>.text</name>
         <load_address>0x5375</load_address>
         <run_address>0x5375</run_address>
         <size>0x163</size>
         <input_file_ref idref="fl-24"/>
      </object_component>
      <object_component id="oc-47">
         <name>.text</name>
         <load_address>0x54d8</load_address>
         <run_address>0x54d8</run_address>
         <size>0x161</size>
         <input_file_ref idref="fl-25"/>
      </object_component>
      <object_component id="oc-d6">
         <name>.text</name>
         <load_address>0x5639</load_address>
         <run_address>0x5639</run_address>
         <size>0x14c</size>
         <input_file_ref idref="fl-46"/>
      </object_component>
      <object_component id="oc-e6">
         <name>.text</name>
         <load_address>0x5785</load_address>
         <run_address>0x5785</run_address>
         <size>0xe6</size>
         <input_file_ref idref="fl-4a"/>
      </object_component>
      <object_component id="oc-77">
         <name>.text</name>
         <load_address>0x586b</load_address>
         <run_address>0x586b</run_address>
         <size>0xdd</size>
         <input_file_ref idref="fl-2f"/>
      </object_component>
      <object_component id="oc-30">
         <name>.text</name>
         <load_address>0x5948</load_address>
         <run_address>0x5948</run_address>
         <size>0xc2</size>
         <input_file_ref idref="fl-20"/>
      </object_component>
      <object_component id="oc-6c">
         <name>.text:CIO_breakpoint</name>
         <load_address>0x5a0a</load_address>
         <run_address>0x5a0a</run_address>
         <size>0xba</size>
         <input_file_ref idref="fl-2c"/>
      </object_component>
      <object_component id="oc-10c">
         <name>.text</name>
         <load_address>0x5ac4</load_address>
         <run_address>0x5ac4</run_address>
         <size>0xae</size>
         <input_file_ref idref="fl-53"/>
      </object_component>
      <object_component id="oc-3e">
         <name>.text</name>
         <load_address>0x5b72</load_address>
         <run_address>0x5b72</run_address>
         <size>0xa6</size>
         <input_file_ref idref="fl-23"/>
      </object_component>
      <object_component id="oc-a5">
         <name>.text</name>
         <load_address>0x5c18</load_address>
         <run_address>0x5c18</run_address>
         <size>0xa1</size>
         <input_file_ref idref="fl-3a"/>
      </object_component>
      <object_component id="oc-a9">
         <name>.text</name>
         <load_address>0x5cb9</load_address>
         <run_address>0x5cb9</run_address>
         <size>0x9b</size>
         <input_file_ref idref="fl-3b"/>
      </object_component>
      <object_component id="oc-6f">
         <name>.text</name>
         <load_address>0x5d54</load_address>
         <run_address>0x5d54</run_address>
         <size>0x9a</size>
         <input_file_ref idref="fl-2d"/>
      </object_component>
      <object_component id="oc-ce">
         <name>.text</name>
         <load_address>0x5dee</load_address>
         <run_address>0x5dee</run_address>
         <size>0x7d</size>
         <input_file_ref idref="fl-44"/>
      </object_component>
      <object_component id="oc-28">
         <name>.text</name>
         <load_address>0x5e6b</load_address>
         <run_address>0x5e6b</run_address>
         <size>0x7b</size>
         <input_file_ref idref="fl-1e"/>
      </object_component>
      <object_component id="oc-11c">
         <name>.text</name>
         <load_address>0x5ee6</load_address>
         <run_address>0x5ee6</run_address>
         <size>0x76</size>
         <input_file_ref idref="fl-57"/>
      </object_component>
      <object_component id="oc-ba">
         <name>.text</name>
         <load_address>0x5f5c</load_address>
         <run_address>0x5f5c</run_address>
         <size>0x73</size>
         <input_file_ref idref="fl-3f"/>
      </object_component>
      <object_component id="oc-e2">
         <name>.text</name>
         <load_address>0x5fcf</load_address>
         <run_address>0x5fcf</run_address>
         <size>0x72</size>
         <input_file_ref idref="fl-49"/>
      </object_component>
      <object_component id="oc-b1">
         <name>.text</name>
         <load_address>0x6041</load_address>
         <run_address>0x6041</run_address>
         <size>0x6f</size>
         <input_file_ref idref="fl-3d"/>
      </object_component>
      <object_component id="oc-69">
         <name>.text</name>
         <load_address>0x60b0</load_address>
         <run_address>0x60b0</run_address>
         <size>0x6d</size>
         <input_file_ref idref="fl-2c"/>
      </object_component>
      <object_component id="oc-124">
         <name>.text</name>
         <load_address>0x611d</load_address>
         <run_address>0x611d</run_address>
         <size>0x6b</size>
         <input_file_ref idref="fl-59"/>
      </object_component>
      <object_component id="oc-be">
         <name>.text</name>
         <load_address>0x6188</load_address>
         <run_address>0x6188</run_address>
         <size>0x6b</size>
         <input_file_ref idref="fl-40"/>
      </object_component>
      <object_component id="oc-b5">
         <name>.text</name>
         <load_address>0x61f3</load_address>
         <run_address>0x61f3</run_address>
         <size>0x67</size>
         <input_file_ref idref="fl-3e"/>
      </object_component>
      <object_component id="oc-8f">
         <name>.text</name>
         <load_address>0x625a</load_address>
         <run_address>0x625a</run_address>
         <size>0x5c</size>
         <input_file_ref idref="fl-34"/>
      </object_component>
      <object_component id="oc-5c">
         <name>.text</name>
         <load_address>0x62b6</load_address>
         <run_address>0x62b6</run_address>
         <size>0x50</size>
         <input_file_ref idref="fl-29"/>
      </object_component>
      <object_component id="oc-93">
         <name>.text</name>
         <load_address>0x6306</load_address>
         <run_address>0x6306</run_address>
         <size>0x4d</size>
         <input_file_ref idref="fl-35"/>
      </object_component>
      <object_component id="oc-8b">
         <name>.text</name>
         <load_address>0x6353</load_address>
         <run_address>0x6353</run_address>
         <size>0x4b</size>
         <input_file_ref idref="fl-33"/>
      </object_component>
      <object_component id="oc-de">
         <name>.text</name>
         <load_address>0x639e</load_address>
         <run_address>0x639e</run_address>
         <size>0x4b</size>
         <input_file_ref idref="fl-48"/>
      </object_component>
      <object_component id="oc-3a">
         <name>.text</name>
         <load_address>0x63e9</load_address>
         <run_address>0x63e9</run_address>
         <size>0x4a</size>
         <input_file_ref idref="fl-22"/>
      </object_component>
      <object_component id="oc-114">
         <name>.text</name>
         <load_address>0x6433</load_address>
         <run_address>0x6433</run_address>
         <size>0x48</size>
         <input_file_ref idref="fl-55"/>
      </object_component>
      <object_component id="oc-51">
         <name>.text</name>
         <load_address>0x647b</load_address>
         <run_address>0x647b</run_address>
         <size>0x3f</size>
         <input_file_ref idref="fl-27"/>
      </object_component>
      <object_component id="oc-21">
         <name>.text</name>
         <load_address>0x64ba</load_address>
         <run_address>0x64ba</run_address>
         <size>0x3e</size>
         <input_file_ref idref="fl-1d"/>
      </object_component>
      <object_component id="oc-120">
         <name>.text</name>
         <load_address>0x64f8</load_address>
         <run_address>0x64f8</run_address>
         <size>0x3c</size>
         <input_file_ref idref="fl-58"/>
      </object_component>
      <object_component id="oc-12">
         <name>.text</name>
         <load_address>0x6534</load_address>
         <run_address>0x6534</run_address>
         <size>0x34</size>
         <input_file_ref idref="fl-1c"/>
      </object_component>
      <object_component id="oc-ad">
         <name>.text</name>
         <load_address>0x6568</load_address>
         <run_address>0x6568</run_address>
         <size>0x2a</size>
         <input_file_ref idref="fl-3c"/>
      </object_component>
      <object_component id="oc-108">
         <name>.text</name>
         <load_address>0x6592</load_address>
         <run_address>0x6592</run_address>
         <size>0x2a</size>
         <input_file_ref idref="fl-52"/>
      </object_component>
      <object_component id="oc-d2">
         <name>.text</name>
         <load_address>0x65bc</load_address>
         <run_address>0x65bc</run_address>
         <size>0x23</size>
         <input_file_ref idref="fl-45"/>
      </object_component>
      <object_component id="oc-c2">
         <name>.text</name>
         <load_address>0x65df</load_address>
         <run_address>0x65df</run_address>
         <size>0x1a</size>
         <input_file_ref idref="fl-41"/>
      </object_component>
      <object_component id="oc-104">
         <name>.text</name>
         <load_address>0x65f9</load_address>
         <run_address>0x65f9</run_address>
         <size>0x14</size>
         <input_file_ref idref="fl-51"/>
      </object_component>
      <object_component id="oc-ca">
         <name>.text</name>
         <load_address>0x660d</load_address>
         <run_address>0x660d</run_address>
         <size>0x13</size>
         <input_file_ref idref="fl-43"/>
      </object_component>
      <object_component id="oc-7b">
         <name>.text</name>
         <load_address>0x6620</load_address>
         <run_address>0x6620</run_address>
         <size>0x12</size>
         <input_file_ref idref="fl-30"/>
      </object_component>
      <object_component id="oc-da">
         <name>.text</name>
         <load_address>0x6632</load_address>
         <run_address>0x6632</run_address>
         <size>0x10</size>
         <input_file_ref idref="fl-47"/>
      </object_component>
      <object_component id="oc-2c">
         <name>.text</name>
         <load_address>0x6642</load_address>
         <run_address>0x6642</run_address>
         <size>0xa</size>
         <input_file_ref idref="fl-1f"/>
      </object_component>
      <object_component id="oc-60">
         <name>.text</name>
         <load_address>0x664c</load_address>
         <run_address>0x664c</run_address>
         <size>0xa</size>
         <input_file_ref idref="fl-2a"/>
      </object_component>
      <object_component id="oc-25">
         <name>.text:CIO_breakpoint</name>
         <load_address>0x6656</load_address>
         <run_address>0x6656</run_address>
         <size>0x7</size>
         <input_file_ref idref="fl-1d"/>
      </object_component>
      <object_component id="oc-73">
         <name>.text</name>
         <load_address>0x665d</load_address>
         <run_address>0x665d</run_address>
         <size>0x2</size>
         <input_file_ref idref="fl-2e"/>
      </object_component>
      <object_component id="oc-1d">
         <name>.stack</name>
         <uninitialized>true</uninitialized>
         <run_address>0x6660</run_address>
         <size>0x0</size>
         <input_file_ref idref="fl-1c"/>
      </object_component>
      <object_component id="oc-14a">
         <name>.stack</name>
         <uninitialized>true</uninitialized>
         <run_address>0x6660</run_address>
         <size>0x0</size>
      </object_component>
      <object_component id="oc-128">
         <name>.sysstack</name>
         <uninitialized>true</uninitialized>
         <run_address>0xbbf4</run_address>
         <size>0x0</size>
         <input_file_ref idref="fl-1c"/>
      </object_component>
      <object_component id="oc-14c">
         <name>.sysstack</name>
         <uninitialized>true</uninitialized>
         <run_address>0xbbf4</run_address>
         <size>0x0</size>
      </object_component>
      <object_component id="oc-15">
         <name>.bss</name>
         <uninitialized>true</uninitialized>
         <run_address>0xa660</run_address>
         <size>0x10be</size>
         <input_file_ref idref="fl-2"/>
      </object_component>
      <object_component id="oc-118">
         <name>.bss</name>
         <uninitialized>true</uninitialized>
         <run_address>0xb71e</run_address>
         <size>0x2</size>
         <input_file_ref idref="fl-56"/>
      </object_component>
      <object_component id="oc-9d">
         <name>.bss</name>
         <uninitialized>true</uninitialized>
         <run_address>0xb720</run_address>
         <size>0x232</size>
         <input_file_ref idref="fl-38"/>
      </object_component>
      <object_component id="oc-65">
         <name>.bss</name>
         <uninitialized>true</uninitialized>
         <run_address>0xb952</run_address>
         <size>0x1a0</size>
         <input_file_ref idref="fl-2b"/>
      </object_component>
      <object_component id="oc-35">
         <name>.bss</name>
         <uninitialized>true</uninitialized>
         <run_address>0xbaf2</run_address>
         <size>0x2</size>
         <input_file_ref idref="fl-21"/>
      </object_component>
      <object_component id="oc-4c">
         <name>.bss</name>
         <uninitialized>true</uninitialized>
         <run_address>0xbaf4</run_address>
         <size>0xe2</size>
         <input_file_ref idref="fl-26"/>
      </object_component>
      <object_component id="oc-56">
         <name>.bss</name>
         <uninitialized>true</uninitialized>
         <run_address>0xbbd8</run_address>
         <size>0xc</size>
         <input_file_ref idref="fl-28"/>
      </object_component>
      <object_component id="oc-7c">
         <name>.bss</name>
         <uninitialized>true</uninitialized>
         <run_address>0xbbe4</run_address>
         <size>0x8</size>
         <input_file_ref idref="fl-30"/>
      </object_component>
      <object_component id="oc-22">
         <name>.bss</name>
         <uninitialized>true</uninitialized>
         <run_address>0xbbec</run_address>
         <size>0x8</size>
         <input_file_ref idref="fl-1d"/>
      </object_component>
      <object_component id="oc-129">
         <name>.const:__ctypes_</name>
         <load_address>0xcbf4</load_address>
         <run_address>0xcbf4</run_address>
         <size>0x202</size>
         <input_file_ref idref="fl-37"/>
      </object_component>
      <object_component id="oc-18">
         <name>.const</name>
         <load_address>0xcdf6</load_address>
         <run_address>0xcdf6</run_address>
         <size>0x2</size>
         <input_file_ref idref="fl-2"/>
      </object_component>
      <object_component id="oc-19">
         <name>.const:.string</name>
         <load_address>0xcdf8</load_address>
         <run_address>0xcdf8</run_address>
         <size>0xaa</size>
         <input_file_ref idref="fl-2"/>
      </object_component>
      <object_component id="oc-84">
         <name>.const:.string</name>
         <load_address>0xcea4</load_address>
         <run_address>0xcea4</run_address>
         <size>0x48</size>
         <input_file_ref idref="fl-31"/>
      </object_component>
      <object_component id="oc-12d">
         <name>.const:_digits</name>
         <load_address>0xceec</load_address>
         <run_address>0xceec</run_address>
         <size>0x28</size>
         <input_file_ref idref="fl-4b"/>
      </object_component>
      <object_component id="oc-12f">
         <name>.const:_digits</name>
         <load_address>0xcf14</load_address>
         <run_address>0xcf14</run_address>
         <size>0x28</size>
         <input_file_ref idref="fl-4d"/>
      </object_component>
      <object_component id="oc-12e">
         <name>.const:_powerof10</name>
         <load_address>0xcf3c</load_address>
         <run_address>0xcf3c</run_address>
         <size>0x18</size>
         <input_file_ref idref="fl-4b"/>
      </object_component>
      <object_component id="oc-130">
         <name>.const:_powerof10</name>
         <load_address>0xcf54</load_address>
         <run_address>0xcf54</run_address>
         <size>0x18</size>
         <input_file_ref idref="fl-4d"/>
      </object_component>
      <object_component id="oc-83">
         <name>.const</name>
         <load_address>0xcf6c</load_address>
         <run_address>0xcf6c</run_address>
         <size>0x18</size>
         <input_file_ref idref="fl-31"/>
      </object_component>
      <object_component id="oc-12c">
         <name>.const:_initial_approx$1</name>
         <load_address>0xcf84</load_address>
         <run_address>0xcf84</run_address>
         <size>0x10</size>
         <input_file_ref idref="fl-39"/>
      </object_component>
      <object_component id="oc-ec">
         <name>.const</name>
         <load_address>0xcf94</load_address>
         <run_address>0xcf94</run_address>
         <size>0x10</size>
         <input_file_ref idref="fl-4b"/>
      </object_component>
      <object_component id="oc-f5">
         <name>.const</name>
         <load_address>0xcfa4</load_address>
         <run_address>0xcfa4</run_address>
         <size>0x10</size>
         <input_file_ref idref="fl-4d"/>
      </object_component>
      <object_component id="oc-12a">
         <name>.const:_flit$1</name>
         <load_address>0xcfb4</load_address>
         <run_address>0xcfb4</run_address>
         <size>0xe</size>
         <input_file_ref idref="fl-32"/>
      </object_component>
      <object_component id="oc-12b">
         <name>.const:_barr$2</name>
         <load_address>0xcfc2</load_address>
         <run_address>0xcfc2</run_address>
         <size>0xc</size>
         <input_file_ref idref="fl-32"/>
      </object_component>
      <object_component id="oc-44">
         <name>.const:.string</name>
         <load_address>0xcfd0</load_address>
         <run_address>0xcfd0</run_address>
         <size>0x4</size>
         <input_file_ref idref="fl-24"/>
      </object_component>
      <object_component id="oc-b7">
         <name>.const</name>
         <load_address>0xcfd4</load_address>
         <run_address>0xcfd4</run_address>
         <size>0x4</size>
         <input_file_ref idref="fl-3e"/>
      </object_component>
      <object_component id="oc-59">
         <name>.sysmem</name>
         <uninitialized>true</uninitialized>
         <run_address>0x8660</run_address>
         <size>0x0</size>
         <input_file_ref idref="fl-28"/>
      </object_component>
      <object_component id="oc-14b">
         <name>.sysmem</name>
         <uninitialized>true</uninitialized>
         <run_address>0x8660</run_address>
         <size>0x0</size>
      </object_component>
      <object_component id="oc-4e">
         <name>.cinit</name>
         <load_address>0xd218</load_address>
         <run_address>0xd218</run_address>
         <size>0x5a</size>
         <input_file_ref idref="fl-26"/>
      </object_component>
      <object_component id="oc-9f">
         <name>.cinit</name>
         <load_address>0xd272</load_address>
         <run_address>0xd272</run_address>
         <size>0x54</size>
         <input_file_ref idref="fl-38"/>
      </object_component>
      <object_component id="oc-17">
         <name>.cinit</name>
         <load_address>0xd2c6</load_address>
         <run_address>0xd2c6</run_address>
         <size>0x44</size>
         <input_file_ref idref="fl-2"/>
      </object_component>
      <object_component id="oc-7e">
         <name>.cinit</name>
         <load_address>0xd30a</load_address>
         <run_address>0xd30a</run_address>
         <size>0x14</size>
         <input_file_ref idref="fl-30"/>
      </object_component>
      <object_component id="oc-24">
         <name>.cinit</name>
         <load_address>0xd31e</load_address>
         <run_address>0xd31e</run_address>
         <size>0x14</size>
         <input_file_ref idref="fl-1d"/>
      </object_component>
      <object_component id="oc-11a">
         <name>.cinit</name>
         <load_address>0xd332</load_address>
         <run_address>0xd332</run_address>
         <size>0x8</size>
         <input_file_ref idref="fl-56"/>
      </object_component>
      <object_component id="oc-37">
         <name>.cinit</name>
         <load_address>0xd33a</load_address>
         <run_address>0xd33a</run_address>
         <size>0x8</size>
         <input_file_ref idref="fl-21"/>
      </object_component>
      <object_component id="oc-58">
         <name>.cinit</name>
         <load_address>0xd342</load_address>
         <run_address>0xd342</run_address>
         <size>0x8</size>
         <input_file_ref idref="fl-28"/>
      </object_component>
      <object_component id="oc-6b">
         <name>.cio</name>
         <uninitialized>true</uninitialized>
         <run_address>0xcfd8</run_address>
         <size>0x240</size>
         <input_file_ref idref="fl-2c"/>
      </object_component>
      <object_component id="oc-13">
         <name>vectors</name>
         <load_address>0xfe00</load_address>
         <run_address>0xfe00</run_address>
         <size>0x100</size>
         <input_file_ref idref="fl-2e"/>
      </object_component>
      <object_component id="oc-16">
         <name>.debug_info</name>
         <load_address>0x0</load_address>
         <run_address>0x0</run_address>
         <size>0xbb6</size>
         <input_file_ref idref="fl-2"/>
      </object_component>
      <object_component id="oc-1e">
         <name>.debug_info</name>
         <load_address>0xbb6</load_address>
         <run_address>0xbb6</run_address>
         <size>0xe8</size>
         <input_file_ref idref="fl-1c"/>
      </object_component>
      <object_component id="oc-23">
         <name>.debug_info</name>
         <load_address>0xc9e</load_address>
         <run_address>0xc9e</run_address>
         <size>0x5fb</size>
         <input_file_ref idref="fl-1d"/>
      </object_component>
      <object_component id="oc-29">
         <name>.debug_info</name>
         <load_address>0x1299</load_address>
         <run_address>0x1299</run_address>
         <size>0x64f</size>
         <input_file_ref idref="fl-1e"/>
      </object_component>
      <object_component id="oc-2d">
         <name>.debug_info</name>
         <load_address>0x18e8</load_address>
         <run_address>0x18e8</run_address>
         <size>0x553</size>
         <input_file_ref idref="fl-1f"/>
      </object_component>
      <object_component id="oc-31">
         <name>.debug_info</name>
         <load_address>0x1e3b</load_address>
         <run_address>0x1e3b</run_address>
         <size>0x706</size>
         <input_file_ref idref="fl-20"/>
      </object_component>
      <object_component id="oc-36">
         <name>.debug_info</name>
         <load_address>0x2541</load_address>
         <run_address>0x2541</run_address>
         <size>0xa1c</size>
         <input_file_ref idref="fl-21"/>
      </object_component>
      <object_component id="oc-3b">
         <name>.debug_info</name>
         <load_address>0x2f5d</load_address>
         <run_address>0x2f5d</run_address>
         <size>0x763</size>
         <input_file_ref idref="fl-22"/>
      </object_component>
      <object_component id="oc-3f">
         <name>.debug_info</name>
         <load_address>0x36c0</load_address>
         <run_address>0x36c0</run_address>
         <size>0x6aa</size>
         <input_file_ref idref="fl-23"/>
      </object_component>
      <object_component id="oc-43">
         <name>.debug_info</name>
         <load_address>0x3d6a</load_address>
         <run_address>0x3d6a</run_address>
         <size>0x942</size>
         <input_file_ref idref="fl-24"/>
      </object_component>
      <object_component id="oc-48">
         <name>.debug_info</name>
         <load_address>0x46ac</load_address>
         <run_address>0x46ac</run_address>
         <size>0xa2d</size>
         <input_file_ref idref="fl-25"/>
      </object_component>
      <object_component id="oc-4d">
         <name>.debug_info</name>
         <load_address>0x50d9</load_address>
         <run_address>0x50d9</run_address>
         <size>0x144b</size>
         <input_file_ref idref="fl-26"/>
      </object_component>
      <object_component id="oc-52">
         <name>.debug_info</name>
         <load_address>0x6524</load_address>
         <run_address>0x6524</run_address>
         <size>0xd1</size>
         <input_file_ref idref="fl-27"/>
      </object_component>
      <object_component id="oc-57">
         <name>.debug_info</name>
         <load_address>0x65f5</load_address>
         <run_address>0x65f5</run_address>
         <size>0xb97</size>
         <input_file_ref idref="fl-28"/>
      </object_component>
      <object_component id="oc-5d">
         <name>.debug_info</name>
         <load_address>0x718c</load_address>
         <run_address>0x718c</run_address>
         <size>0x76c</size>
         <input_file_ref idref="fl-29"/>
      </object_component>
      <object_component id="oc-61">
         <name>.debug_info</name>
         <load_address>0x78f8</load_address>
         <run_address>0x78f8</run_address>
         <size>0x510</size>
         <input_file_ref idref="fl-2a"/>
      </object_component>
      <object_component id="oc-66">
         <name>.debug_info</name>
         <load_address>0x7e08</load_address>
         <run_address>0x7e08</run_address>
         <size>0xed4</size>
         <input_file_ref idref="fl-2b"/>
      </object_component>
      <object_component id="oc-6a">
         <name>.debug_info</name>
         <load_address>0x8cdc</load_address>
         <run_address>0x8cdc</run_address>
         <size>0x744</size>
         <input_file_ref idref="fl-2c"/>
      </object_component>
      <object_component id="oc-70">
         <name>.debug_info</name>
         <load_address>0x9420</load_address>
         <run_address>0x9420</run_address>
         <size>0x5c9</size>
         <input_file_ref idref="fl-2d"/>
      </object_component>
      <object_component id="oc-74">
         <name>.debug_info</name>
         <load_address>0x99e9</load_address>
         <run_address>0x99e9</run_address>
         <size>0xbc</size>
         <input_file_ref idref="fl-2e"/>
      </object_component>
      <object_component id="oc-78">
         <name>.debug_info</name>
         <load_address>0x9aa5</load_address>
         <run_address>0x9aa5</run_address>
         <size>0x662</size>
         <input_file_ref idref="fl-2f"/>
      </object_component>
      <object_component id="oc-7d">
         <name>.debug_info</name>
         <load_address>0xa107</load_address>
         <run_address>0xa107</run_address>
         <size>0x5bc</size>
         <input_file_ref idref="fl-30"/>
      </object_component>
      <object_component id="oc-82">
         <name>.debug_info</name>
         <load_address>0xa6c3</load_address>
         <run_address>0xa6c3</run_address>
         <size>0x27bd</size>
         <input_file_ref idref="fl-31"/>
      </object_component>
      <object_component id="oc-88">
         <name>.debug_info</name>
         <load_address>0xce80</load_address>
         <run_address>0xce80</run_address>
         <size>0x1964</size>
         <input_file_ref idref="fl-32"/>
      </object_component>
      <object_component id="oc-8c">
         <name>.debug_info</name>
         <load_address>0xe7e4</load_address>
         <run_address>0xe7e4</run_address>
         <size>0x586</size>
         <input_file_ref idref="fl-33"/>
      </object_component>
      <object_component id="oc-90">
         <name>.debug_info</name>
         <load_address>0xed6a</load_address>
         <run_address>0xed6a</run_address>
         <size>0x5a4</size>
         <input_file_ref idref="fl-34"/>
      </object_component>
      <object_component id="oc-94">
         <name>.debug_info</name>
         <load_address>0xf30e</load_address>
         <run_address>0xf30e</run_address>
         <size>0xcd</size>
         <input_file_ref idref="fl-35"/>
      </object_component>
      <object_component id="oc-98">
         <name>.debug_info</name>
         <load_address>0xf3db</load_address>
         <run_address>0xf3db</run_address>
         <size>0x81f</size>
         <input_file_ref idref="fl-36"/>
      </object_component>
      <object_component id="oc-9b">
         <name>.debug_info</name>
         <load_address>0xfbfa</load_address>
         <run_address>0xfbfa</run_address>
         <size>0x498</size>
         <input_file_ref idref="fl-37"/>
      </object_component>
      <object_component id="oc-9e">
         <name>.debug_info</name>
         <load_address>0x10092</load_address>
         <run_address>0x10092</run_address>
         <size>0x57e</size>
         <input_file_ref idref="fl-38"/>
      </object_component>
      <object_component id="oc-a2">
         <name>.debug_info</name>
         <load_address>0x10610</load_address>
         <run_address>0x10610</run_address>
         <size>0x7e8</size>
         <input_file_ref idref="fl-39"/>
      </object_component>
      <object_component id="oc-a6">
         <name>.debug_info</name>
         <load_address>0x10df8</load_address>
         <run_address>0x10df8</run_address>
         <size>0x534</size>
         <input_file_ref idref="fl-3a"/>
      </object_component>
      <object_component id="oc-aa">
         <name>.debug_info</name>
         <load_address>0x1132c</load_address>
         <run_address>0x1132c</run_address>
         <size>0x670</size>
         <input_file_ref idref="fl-3b"/>
      </object_component>
      <object_component id="oc-ae">
         <name>.debug_info</name>
         <load_address>0x1199c</load_address>
         <run_address>0x1199c</run_address>
         <size>0x4cf</size>
         <input_file_ref idref="fl-3c"/>
      </object_component>
      <object_component id="oc-b2">
         <name>.debug_info</name>
         <load_address>0x11e6b</load_address>
         <run_address>0x11e6b</run_address>
         <size>0x534</size>
         <input_file_ref idref="fl-3d"/>
      </object_component>
      <object_component id="oc-b6">
         <name>.debug_info</name>
         <load_address>0x1239f</load_address>
         <run_address>0x1239f</run_address>
         <size>0x549</size>
         <input_file_ref idref="fl-3e"/>
      </object_component>
      <object_component id="oc-bb">
         <name>.debug_info</name>
         <load_address>0x128e8</load_address>
         <run_address>0x128e8</run_address>
         <size>0x53e</size>
         <input_file_ref idref="fl-3f"/>
      </object_component>
      <object_component id="oc-bf">
         <name>.debug_info</name>
         <load_address>0x12e26</load_address>
         <run_address>0x12e26</run_address>
         <size>0x5f7</size>
         <input_file_ref idref="fl-40"/>
      </object_component>
      <object_component id="oc-c3">
         <name>.debug_info</name>
         <load_address>0x1341d</load_address>
         <run_address>0x1341d</run_address>
         <size>0x680</size>
         <input_file_ref idref="fl-41"/>
      </object_component>
      <object_component id="oc-c7">
         <name>.debug_info</name>
         <load_address>0x13a9d</load_address>
         <run_address>0x13a9d</run_address>
         <size>0x7d4</size>
         <input_file_ref idref="fl-42"/>
      </object_component>
      <object_component id="oc-cb">
         <name>.debug_info</name>
         <load_address>0x14271</load_address>
         <run_address>0x14271</run_address>
         <size>0xbd</size>
         <input_file_ref idref="fl-43"/>
      </object_component>
      <object_component id="oc-cf">
         <name>.debug_info</name>
         <load_address>0x1432e</load_address>
         <run_address>0x1432e</run_address>
         <size>0x5ad</size>
         <input_file_ref idref="fl-44"/>
      </object_component>
      <object_component id="oc-d3">
         <name>.debug_info</name>
         <load_address>0x148db</load_address>
         <run_address>0x148db</run_address>
         <size>0x574</size>
         <input_file_ref idref="fl-45"/>
      </object_component>
      <object_component id="oc-d7">
         <name>.debug_info</name>
         <load_address>0x14e4f</load_address>
         <run_address>0x14e4f</run_address>
         <size>0x55b</size>
         <input_file_ref idref="fl-46"/>
      </object_component>
      <object_component id="oc-db">
         <name>.debug_info</name>
         <load_address>0x153aa</load_address>
         <run_address>0x153aa</run_address>
         <size>0x4b7</size>
         <input_file_ref idref="fl-47"/>
      </object_component>
      <object_component id="oc-df">
         <name>.debug_info</name>
         <load_address>0x15861</load_address>
         <run_address>0x15861</run_address>
         <size>0x4f2</size>
         <input_file_ref idref="fl-48"/>
      </object_component>
      <object_component id="oc-e3">
         <name>.debug_info</name>
         <load_address>0x15d53</load_address>
         <run_address>0x15d53</run_address>
         <size>0x534</size>
         <input_file_ref idref="fl-49"/>
      </object_component>
      <object_component id="oc-e7">
         <name>.debug_info</name>
         <load_address>0x16287</load_address>
         <run_address>0x16287</run_address>
         <size>0x64a</size>
         <input_file_ref idref="fl-4a"/>
      </object_component>
      <object_component id="oc-eb">
         <name>.debug_info</name>
         <load_address>0x168d1</load_address>
         <run_address>0x168d1</run_address>
         <size>0x84f</size>
         <input_file_ref idref="fl-4b"/>
      </object_component>
      <object_component id="oc-f0">
         <name>.debug_info</name>
         <load_address>0x17120</load_address>
         <run_address>0x17120</run_address>
         <size>0x671</size>
         <input_file_ref idref="fl-4c"/>
      </object_component>
      <object_component id="oc-f4">
         <name>.debug_info</name>
         <load_address>0x17791</load_address>
         <run_address>0x17791</run_address>
         <size>0x860</size>
         <input_file_ref idref="fl-4d"/>
      </object_component>
      <object_component id="oc-f9">
         <name>.debug_info</name>
         <load_address>0x17ff1</load_address>
         <run_address>0x17ff1</run_address>
         <size>0x67d</size>
         <input_file_ref idref="fl-4e"/>
      </object_component>
      <object_component id="oc-fd">
         <name>.debug_info</name>
         <load_address>0x1866e</load_address>
         <run_address>0x1866e</run_address>
         <size>0x65a</size>
         <input_file_ref idref="fl-4f"/>
      </object_component>
      <object_component id="oc-101">
         <name>.debug_info</name>
         <load_address>0x18cc8</load_address>
         <run_address>0x18cc8</run_address>
         <size>0x665</size>
         <input_file_ref idref="fl-50"/>
      </object_component>
      <object_component id="oc-105">
         <name>.debug_info</name>
         <load_address>0x1932d</load_address>
         <run_address>0x1932d</run_address>
         <size>0x4de</size>
         <input_file_ref idref="fl-51"/>
      </object_component>
      <object_component id="oc-109">
         <name>.debug_info</name>
         <load_address>0x1980b</load_address>
         <run_address>0x1980b</run_address>
         <size>0xef</size>
         <input_file_ref idref="fl-52"/>
      </object_component>
      <object_component id="oc-10d">
         <name>.debug_info</name>
         <load_address>0x198fa</load_address>
         <run_address>0x198fa</run_address>
         <size>0x6b8</size>
         <input_file_ref idref="fl-53"/>
      </object_component>
      <object_component id="oc-111">
         <name>.debug_info</name>
         <load_address>0x19fb2</load_address>
         <run_address>0x19fb2</run_address>
         <size>0x5ab</size>
         <input_file_ref idref="fl-54"/>
      </object_component>
      <object_component id="oc-115">
         <name>.debug_info</name>
         <load_address>0x1a55d</load_address>
         <run_address>0x1a55d</run_address>
         <size>0x4f2</size>
         <input_file_ref idref="fl-55"/>
      </object_component>
      <object_component id="oc-119">
         <name>.debug_info</name>
         <load_address>0x1aa4f</load_address>
         <run_address>0x1aa4f</run_address>
         <size>0x47b</size>
         <input_file_ref idref="fl-56"/>
      </object_component>
      <object_component id="oc-11d">
         <name>.debug_info</name>
         <load_address>0x1aeca</load_address>
         <run_address>0x1aeca</run_address>
         <size>0x4d2</size>
         <input_file_ref idref="fl-57"/>
      </object_component>
      <object_component id="oc-121">
         <name>.debug_info</name>
         <load_address>0x1b39c</load_address>
         <run_address>0x1b39c</run_address>
         <size>0xeb</size>
         <input_file_ref idref="fl-58"/>
      </object_component>
      <object_component id="oc-125">
         <name>.debug_info</name>
         <load_address>0x1b487</load_address>
         <run_address>0x1b487</run_address>
         <size>0x95</size>
         <input_file_ref idref="fl-59"/>
      </object_component>
      <object_component id="oc-154">
         <name>.debug_info</name>
         <load_address>0x1b51c</load_address>
         <run_address>0x1b51c</run_address>
         <size>0x6e</size>
      </object_component>
      <object_component id="oc-1a">
         <name>.debug_frame</name>
         <load_address>0x0</load_address>
         <run_address>0x0</run_address>
         <size>0x11e</size>
         <input_file_ref idref="fl-2"/>
      </object_component>
      <object_component id="oc-1b">
         <name>.debug_line</name>
         <load_address>0x0</load_address>
         <run_address>0x0</run_address>
         <size>0x14c</size>
         <input_file_ref idref="fl-2"/>
      </object_component>
      <object_component id="oc-1f">
         <name>.debug_line</name>
         <load_address>0x14c</load_address>
         <run_address>0x14c</run_address>
         <size>0x54</size>
         <input_file_ref idref="fl-1c"/>
      </object_component>
      <object_component id="oc-26">
         <name>.debug_line</name>
         <load_address>0x1a0</load_address>
         <run_address>0x1a0</run_address>
         <size>0x51</size>
         <input_file_ref idref="fl-1d"/>
      </object_component>
      <object_component id="oc-2a">
         <name>.debug_line</name>
         <load_address>0x1f1</load_address>
         <run_address>0x1f1</run_address>
         <size>0x3d</size>
         <input_file_ref idref="fl-1e"/>
      </object_component>
      <object_component id="oc-2e">
         <name>.debug_line</name>
         <load_address>0x22e</load_address>
         <run_address>0x22e</run_address>
         <size>0x37</size>
         <input_file_ref idref="fl-1f"/>
      </object_component>
      <object_component id="oc-32">
         <name>.debug_line</name>
         <load_address>0x265</load_address>
         <run_address>0x265</run_address>
         <size>0x5b</size>
         <input_file_ref idref="fl-20"/>
      </object_component>
      <object_component id="oc-38">
         <name>.debug_line</name>
         <load_address>0x2c0</load_address>
         <run_address>0x2c0</run_address>
         <size>0xd7</size>
         <input_file_ref idref="fl-21"/>
      </object_component>
      <object_component id="oc-3c">
         <name>.debug_line</name>
         <load_address>0x397</load_address>
         <run_address>0x397</run_address>
         <size>0x6a</size>
         <input_file_ref idref="fl-22"/>
      </object_component>
      <object_component id="oc-40">
         <name>.debug_line</name>
         <load_address>0x401</load_address>
         <run_address>0x401</run_address>
         <size>0x56</size>
         <input_file_ref idref="fl-23"/>
      </object_component>
      <object_component id="oc-45">
         <name>.debug_line</name>
         <load_address>0x457</load_address>
         <run_address>0x457</run_address>
         <size>0xa8</size>
         <input_file_ref idref="fl-24"/>
      </object_component>
      <object_component id="oc-49">
         <name>.debug_line</name>
         <load_address>0x4ff</load_address>
         <run_address>0x4ff</run_address>
         <size>0xa7</size>
         <input_file_ref idref="fl-25"/>
      </object_component>
      <object_component id="oc-4f">
         <name>.debug_line</name>
         <load_address>0x5a6</load_address>
         <run_address>0x5a6</run_address>
         <size>0x1b0</size>
         <input_file_ref idref="fl-26"/>
      </object_component>
      <object_component id="oc-53">
         <name>.debug_line</name>
         <load_address>0x756</load_address>
         <run_address>0x756</run_address>
         <size>0x4d</size>
         <input_file_ref idref="fl-27"/>
      </object_component>
      <object_component id="oc-5a">
         <name>.debug_line</name>
         <load_address>0x7a3</load_address>
         <run_address>0x7a3</run_address>
         <size>0x112</size>
         <input_file_ref idref="fl-28"/>
      </object_component>
      <object_component id="oc-5e">
         <name>.debug_line</name>
         <load_address>0x8b5</load_address>
         <run_address>0x8b5</run_address>
         <size>0x69</size>
         <input_file_ref idref="fl-29"/>
      </object_component>
      <object_component id="oc-62">
         <name>.debug_line</name>
         <load_address>0x91e</load_address>
         <run_address>0x91e</run_address>
         <size>0x39</size>
         <input_file_ref idref="fl-2a"/>
      </object_component>
      <object_component id="oc-67">
         <name>.debug_line</name>
         <load_address>0x957</load_address>
         <run_address>0x957</run_address>
         <size>0x15d</size>
         <input_file_ref idref="fl-2b"/>
      </object_component>
      <object_component id="oc-6d">
         <name>.debug_line</name>
         <load_address>0xab4</load_address>
         <run_address>0xab4</run_address>
         <size>0x6a</size>
         <input_file_ref idref="fl-2c"/>
      </object_component>
      <object_component id="oc-71">
         <name>.debug_line</name>
         <load_address>0xb1e</load_address>
         <run_address>0xb1e</run_address>
         <size>0x3d</size>
         <input_file_ref idref="fl-2d"/>
      </object_component>
      <object_component id="oc-75">
         <name>.debug_line</name>
         <load_address>0xb5b</load_address>
         <run_address>0xb5b</run_address>
         <size>0x37</size>
         <input_file_ref idref="fl-2e"/>
      </object_component>
      <object_component id="oc-79">
         <name>.debug_line</name>
         <load_address>0xb92</load_address>
         <run_address>0xb92</run_address>
         <size>0x57</size>
         <input_file_ref idref="fl-2f"/>
      </object_component>
      <object_component id="oc-7f">
         <name>.debug_line</name>
         <load_address>0xbe9</load_address>
         <run_address>0xbe9</run_address>
         <size>0x57</size>
         <input_file_ref idref="fl-30"/>
      </object_component>
      <object_component id="oc-85">
         <name>.debug_line</name>
         <load_address>0xc40</load_address>
         <run_address>0xc40</run_address>
         <size>0x328</size>
         <input_file_ref idref="fl-31"/>
      </object_component>
      <object_component id="oc-89">
         <name>.debug_line</name>
         <load_address>0xf68</load_address>
         <run_address>0xf68</run_address>
         <size>0x152</size>
         <input_file_ref idref="fl-32"/>
      </object_component>
      <object_component id="oc-8d">
         <name>.debug_line</name>
         <load_address>0x10ba</load_address>
         <run_address>0x10ba</run_address>
         <size>0x41</size>
         <input_file_ref idref="fl-33"/>
      </object_component>
      <object_component id="oc-91">
         <name>.debug_line</name>
         <load_address>0x10fb</load_address>
         <run_address>0x10fb</run_address>
         <size>0x46</size>
         <input_file_ref idref="fl-34"/>
      </object_component>
      <object_component id="oc-95">
         <name>.debug_line</name>
         <load_address>0x1141</load_address>
         <run_address>0x1141</run_address>
         <size>0x55</size>
         <input_file_ref idref="fl-35"/>
      </object_component>
      <object_component id="oc-99">
         <name>.debug_line</name>
         <load_address>0x1196</load_address>
         <run_address>0x1196</run_address>
         <size>0xad</size>
         <input_file_ref idref="fl-36"/>
      </object_component>
      <object_component id="oc-a3">
         <name>.debug_line</name>
         <load_address>0x1243</load_address>
         <run_address>0x1243</run_address>
         <size>0x5b</size>
         <input_file_ref idref="fl-39"/>
      </object_component>
      <object_component id="oc-a7">
         <name>.debug_line</name>
         <load_address>0x129e</load_address>
         <run_address>0x129e</run_address>
         <size>0x44</size>
         <input_file_ref idref="fl-3a"/>
      </object_component>
      <object_component id="oc-ab">
         <name>.debug_line</name>
         <load_address>0x12e2</load_address>
         <run_address>0x12e2</run_address>
         <size>0x56</size>
         <input_file_ref idref="fl-3b"/>
      </object_component>
      <object_component id="oc-af">
         <name>.debug_line</name>
         <load_address>0x1338</load_address>
         <run_address>0x1338</run_address>
         <size>0x3d</size>
         <input_file_ref idref="fl-3c"/>
      </object_component>
      <object_component id="oc-b3">
         <name>.debug_line</name>
         <load_address>0x1375</load_address>
         <run_address>0x1375</run_address>
         <size>0x3d</size>
         <input_file_ref idref="fl-3d"/>
      </object_component>
      <object_component id="oc-b8">
         <name>.debug_line</name>
         <load_address>0x13b2</load_address>
         <run_address>0x13b2</run_address>
         <size>0x44</size>
         <input_file_ref idref="fl-3e"/>
      </object_component>
      <object_component id="oc-bc">
         <name>.debug_line</name>
         <load_address>0x13f6</load_address>
         <run_address>0x13f6</run_address>
         <size>0x40</size>
         <input_file_ref idref="fl-3f"/>
      </object_component>
      <object_component id="oc-c0">
         <name>.debug_line</name>
         <load_address>0x1436</load_address>
         <run_address>0x1436</run_address>
         <size>0x3c</size>
         <input_file_ref idref="fl-40"/>
      </object_component>
      <object_component id="oc-c4">
         <name>.debug_line</name>
         <load_address>0x1472</load_address>
         <run_address>0x1472</run_address>
         <size>0x38</size>
         <input_file_ref idref="fl-41"/>
      </object_component>
      <object_component id="oc-c8">
         <name>.debug_line</name>
         <load_address>0x14aa</load_address>
         <run_address>0x14aa</run_address>
         <size>0xa8</size>
         <input_file_ref idref="fl-42"/>
      </object_component>
      <object_component id="oc-cc">
         <name>.debug_line</name>
         <load_address>0x1552</load_address>
         <run_address>0x1552</run_address>
         <size>0x3c</size>
         <input_file_ref idref="fl-43"/>
      </object_component>
      <object_component id="oc-d0">
         <name>.debug_line</name>
         <load_address>0x158e</load_address>
         <run_address>0x158e</run_address>
         <size>0x40</size>
         <input_file_ref idref="fl-44"/>
      </object_component>
      <object_component id="oc-d4">
         <name>.debug_line</name>
         <load_address>0x15ce</load_address>
         <run_address>0x15ce</run_address>
         <size>0x3c</size>
         <input_file_ref idref="fl-45"/>
      </object_component>
      <object_component id="oc-d8">
         <name>.debug_line</name>
         <load_address>0x160a</load_address>
         <run_address>0x160a</run_address>
         <size>0x3c</size>
         <input_file_ref idref="fl-46"/>
      </object_component>
      <object_component id="oc-dc">
         <name>.debug_line</name>
         <load_address>0x1646</load_address>
         <run_address>0x1646</run_address>
         <size>0x37</size>
         <input_file_ref idref="fl-47"/>
      </object_component>
      <object_component id="oc-e0">
         <name>.debug_line</name>
         <load_address>0x167d</load_address>
         <run_address>0x167d</run_address>
         <size>0x3c</size>
         <input_file_ref idref="fl-48"/>
      </object_component>
      <object_component id="oc-e4">
         <name>.debug_line</name>
         <load_address>0x16b9</load_address>
         <run_address>0x16b9</run_address>
         <size>0x44</size>
         <input_file_ref idref="fl-49"/>
      </object_component>
      <object_component id="oc-e8">
         <name>.debug_line</name>
         <load_address>0x16fd</load_address>
         <run_address>0x16fd</run_address>
         <size>0x3f</size>
         <input_file_ref idref="fl-4a"/>
      </object_component>
      <object_component id="oc-ed">
         <name>.debug_line</name>
         <load_address>0x173c</load_address>
         <run_address>0x173c</run_address>
         <size>0x69</size>
         <input_file_ref idref="fl-4b"/>
      </object_component>
      <object_component id="oc-f1">
         <name>.debug_line</name>
         <load_address>0x17a5</load_address>
         <run_address>0x17a5</run_address>
         <size>0x3d</size>
         <input_file_ref idref="fl-4c"/>
      </object_component>
      <object_component id="oc-f6">
         <name>.debug_line</name>
         <load_address>0x17e2</load_address>
         <run_address>0x17e2</run_address>
         <size>0x6a</size>
         <input_file_ref idref="fl-4d"/>
      </object_component>
      <object_component id="oc-fa">
         <name>.debug_line</name>
         <load_address>0x184c</load_address>
         <run_address>0x184c</run_address>
         <size>0x3e</size>
         <input_file_ref idref="fl-4e"/>
      </object_component>
      <object_component id="oc-fe">
         <name>.debug_line</name>
         <load_address>0x188a</load_address>
         <run_address>0x188a</run_address>
         <size>0x3f</size>
         <input_file_ref idref="fl-4f"/>
      </object_component>
      <object_component id="oc-102">
         <name>.debug_line</name>
         <load_address>0x18c9</load_address>
         <run_address>0x18c9</run_address>
         <size>0x40</size>
         <input_file_ref idref="fl-50"/>
      </object_component>
      <object_component id="oc-106">
         <name>.debug_line</name>
         <load_address>0x1909</load_address>
         <run_address>0x1909</run_address>
         <size>0x37</size>
         <input_file_ref idref="fl-51"/>
      </object_component>
      <object_component id="oc-10a">
         <name>.debug_line</name>
         <load_address>0x1940</load_address>
         <run_address>0x1940</run_address>
         <size>0x58</size>
         <input_file_ref idref="fl-52"/>
      </object_component>
      <object_component id="oc-10e">
         <name>.debug_line</name>
         <load_address>0x1998</load_address>
         <run_address>0x1998</run_address>
         <size>0x4c</size>
         <input_file_ref idref="fl-53"/>
      </object_component>
      <object_component id="oc-112">
         <name>.debug_line</name>
         <load_address>0x19e4</load_address>
         <run_address>0x19e4</run_address>
         <size>0x5c</size>
         <input_file_ref idref="fl-54"/>
      </object_component>
      <object_component id="oc-116">
         <name>.debug_line</name>
         <load_address>0x1a40</load_address>
         <run_address>0x1a40</run_address>
         <size>0x3c</size>
         <input_file_ref idref="fl-55"/>
      </object_component>
      <object_component id="oc-11e">
         <name>.debug_line</name>
         <load_address>0x1a7c</load_address>
         <run_address>0x1a7c</run_address>
         <size>0x3a</size>
         <input_file_ref idref="fl-57"/>
      </object_component>
      <object_component id="oc-122">
         <name>.debug_line</name>
         <load_address>0x1ab6</load_address>
         <run_address>0x1ab6</run_address>
         <size>0x5c</size>
         <input_file_ref idref="fl-58"/>
      </object_component>
      <object_component id="oc-126">
         <name>.debug_line</name>
         <load_address>0x1b12</load_address>
         <run_address>0x1b12</run_address>
         <size>0x51</size>
         <input_file_ref idref="fl-59"/>
      </object_component>
      <object_component id="oc-1c">
         <name>.debug_abbrev</name>
         <load_address>0x0</load_address>
         <run_address>0x0</run_address>
         <size>0x162</size>
         <input_file_ref idref="fl-2"/>
      </object_component>
      <object_component id="oc-20">
         <name>.debug_abbrev</name>
         <load_address>0x162</load_address>
         <run_address>0x162</run_address>
         <size>0x3a</size>
         <input_file_ref idref="fl-1c"/>
      </object_component>
      <object_component id="oc-27">
         <name>.debug_abbrev</name>
         <load_address>0x19c</load_address>
         <run_address>0x19c</run_address>
         <size>0xf7</size>
         <input_file_ref idref="fl-1d"/>
      </object_component>
      <object_component id="oc-2b">
         <name>.debug_abbrev</name>
         <load_address>0x293</load_address>
         <run_address>0x293</run_address>
         <size>0x118</size>
         <input_file_ref idref="fl-1e"/>
      </object_component>
      <object_component id="oc-2f">
         <name>.debug_abbrev</name>
         <load_address>0x3ab</load_address>
         <run_address>0x3ab</run_address>
         <size>0xac</size>
         <input_file_ref idref="fl-1f"/>
      </object_component>
      <object_component id="oc-33">
         <name>.debug_abbrev</name>
         <load_address>0x457</load_address>
         <run_address>0x457</run_address>
         <size>0x136</size>
         <input_file_ref idref="fl-20"/>
      </object_component>
      <object_component id="oc-39">
         <name>.debug_abbrev</name>
         <load_address>0x58d</load_address>
         <run_address>0x58d</run_address>
         <size>0x1a2</size>
         <input_file_ref idref="fl-21"/>
      </object_component>
      <object_component id="oc-3d">
         <name>.debug_abbrev</name>
         <load_address>0x72f</load_address>
         <run_address>0x72f</run_address>
         <size>0x123</size>
         <input_file_ref idref="fl-22"/>
      </object_component>
      <object_component id="oc-41">
         <name>.debug_abbrev</name>
         <load_address>0x852</load_address>
         <run_address>0x852</run_address>
         <size>0x103</size>
         <input_file_ref idref="fl-23"/>
      </object_component>
      <object_component id="oc-46">
         <name>.debug_abbrev</name>
         <load_address>0x955</load_address>
         <run_address>0x955</run_address>
         <size>0x140</size>
         <input_file_ref idref="fl-24"/>
      </object_component>
      <object_component id="oc-4a">
         <name>.debug_abbrev</name>
         <load_address>0xa95</load_address>
         <run_address>0xa95</run_address>
         <size>0x1a2</size>
         <input_file_ref idref="fl-25"/>
      </object_component>
      <object_component id="oc-50">
         <name>.debug_abbrev</name>
         <load_address>0xc37</load_address>
         <run_address>0xc37</run_address>
         <size>0x225</size>
         <input_file_ref idref="fl-26"/>
      </object_component>
      <object_component id="oc-54">
         <name>.debug_abbrev</name>
         <load_address>0xe5c</load_address>
         <run_address>0xe5c</run_address>
         <size>0x38</size>
         <input_file_ref idref="fl-27"/>
      </object_component>
      <object_component id="oc-5b">
         <name>.debug_abbrev</name>
         <load_address>0xe94</load_address>
         <run_address>0xe94</run_address>
         <size>0x1de</size>
         <input_file_ref idref="fl-28"/>
      </object_component>
      <object_component id="oc-5f">
         <name>.debug_abbrev</name>
         <load_address>0x1072</load_address>
         <run_address>0x1072</run_address>
         <size>0x145</size>
         <input_file_ref idref="fl-29"/>
      </object_component>
      <object_component id="oc-63">
         <name>.debug_abbrev</name>
         <load_address>0x11b7</load_address>
         <run_address>0x11b7</run_address>
         <size>0xbf</size>
         <input_file_ref idref="fl-2a"/>
      </object_component>
      <object_component id="oc-68">
         <name>.debug_abbrev</name>
         <load_address>0x1276</load_address>
         <run_address>0x1276</run_address>
         <size>0x15a</size>
         <input_file_ref idref="fl-2b"/>
      </object_component>
      <object_component id="oc-6e">
         <name>.debug_abbrev</name>
         <load_address>0x13d0</load_address>
         <run_address>0x13d0</run_address>
         <size>0xde</size>
         <input_file_ref idref="fl-2c"/>
      </object_component>
      <object_component id="oc-72">
         <name>.debug_abbrev</name>
         <load_address>0x14ae</load_address>
         <run_address>0x14ae</run_address>
         <size>0xd1</size>
         <input_file_ref idref="fl-2d"/>
      </object_component>
      <object_component id="oc-76">
         <name>.debug_abbrev</name>
         <load_address>0x157f</load_address>
         <run_address>0x157f</run_address>
         <size>0x26</size>
         <input_file_ref idref="fl-2e"/>
      </object_component>
      <object_component id="oc-7a">
         <name>.debug_abbrev</name>
         <load_address>0x15a5</load_address>
         <run_address>0x15a5</run_address>
         <size>0xd1</size>
         <input_file_ref idref="fl-2f"/>
      </object_component>
      <object_component id="oc-80">
         <name>.debug_abbrev</name>
         <load_address>0x1676</load_address>
         <run_address>0x1676</run_address>
         <size>0x9f</size>
         <input_file_ref idref="fl-30"/>
      </object_component>
      <object_component id="oc-86">
         <name>.debug_abbrev</name>
         <load_address>0x1715</load_address>
         <run_address>0x1715</run_address>
         <size>0x1f8</size>
         <input_file_ref idref="fl-31"/>
      </object_component>
      <object_component id="oc-8a">
         <name>.debug_abbrev</name>
         <load_address>0x190d</load_address>
         <run_address>0x190d</run_address>
         <size>0x1d0</size>
         <input_file_ref idref="fl-32"/>
      </object_component>
      <object_component id="oc-8e">
         <name>.debug_abbrev</name>
         <load_address>0x1add</load_address>
         <run_address>0x1add</run_address>
         <size>0xec</size>
         <input_file_ref idref="fl-33"/>
      </object_component>
      <object_component id="oc-92">
         <name>.debug_abbrev</name>
         <load_address>0x1bc9</load_address>
         <run_address>0x1bc9</run_address>
         <size>0xd5</size>
         <input_file_ref idref="fl-34"/>
      </object_component>
      <object_component id="oc-96">
         <name>.debug_abbrev</name>
         <load_address>0x1c9e</load_address>
         <run_address>0x1c9e</run_address>
         <size>0x44</size>
         <input_file_ref idref="fl-35"/>
      </object_component>
      <object_component id="oc-9a">
         <name>.debug_abbrev</name>
         <load_address>0x1ce2</load_address>
         <run_address>0x1ce2</run_address>
         <size>0xb7</size>
         <input_file_ref idref="fl-36"/>
      </object_component>
      <object_component id="oc-9c">
[...]
         <value>0x6657</value>
         <object_component_ref idref="oc-25"/>
      </symbol>
      <symbol id="sm-9a">
         <name>_exit</name>
         <value>0x64ba</value>
         <object_component_ref idref="oc-21"/>
      </symbol>
      <symbol id="sm-9b">
         <name>_abort</name>
         <value>0x6656</value>
         <object_component_ref idref="oc-25"/>
      </symbol>
      <symbol id="sm-9c">
         <name>__cleanup_ptr</name>
         <value>0xbbec</value>
         <object_component_ref idref="oc-22"/>
      </symbol>
      <symbol id="sm-9d">
         <name>__dtors_ptr</name>
         <value>0xbbf0</value>
         <object_component_ref idref="oc-22"/>
      </symbol>
      <symbol id="sm-a7">
         <name>_fclose</name>
         <value>0x5e6b</value>
         <object_component_ref idref="oc-28"/>
      </symbol>
      <symbol id="sm-b1">
         <name>_feof</name>
         <value>0x6642</value>
         <object_component_ref idref="oc-2c"/>
      </symbol>
      <symbol id="sm-bb">
         <name>__doflush</name>
         <value>0x5948</value>
         <object_component_ref idref="oc-30"/>
      </symbol>
      <symbol id="sm-bc">
         <name>_fflush</name>
         <value>0x59b1</value>
         <object_component_ref idref="oc-30"/>
      </symbol>
      <symbol id="sm-cb">
         <name>__cleanup</name>
         <value>0x43e9</value>
         <object_component_ref idref="oc-34"/>
      </symbol>
      <symbol id="sm-cc">
         <name>_fopen</name>
         <value>0x450c</value>
         <object_component_ref idref="oc-34"/>
      </symbol>
      <symbol id="sm-cd">
         <name>_freopen</name>
         <value>0x4443</value>
         <object_component_ref idref="oc-34"/>
      </symbol>
      <symbol id="sm-d7">
         <name>_fprintf</name>
         <value>0x63e9</value>
         <object_component_ref idref="oc-3a"/>
      </symbol>
      <symbol id="sm-e1">
         <name>_putchar</name>
         <value>0x5c09</value>
         <object_component_ref idref="oc-3e"/>
      </symbol>
      <symbol id="sm-e2">
         <name>_putc</name>
         <value>0x5b72</value>
         <object_component_ref idref="oc-3e"/>
      </symbol>
      <symbol id="sm-e3">
         <name>_fputc</name>
         <value>0x5b72</value>
         <object_component_ref idref="oc-3e"/>
      </symbol>
      <symbol id="sm-f1">
         <name>_puts</name>
         <value>0x54aa</value>
         <object_component_ref idref="oc-42"/>
      </symbol>
      <symbol id="sm-f2">
         <name>_fputs</name>
         <value>0x5375</value>
         <object_component_ref idref="oc-42"/>
      </symbol>
      <symbol id="sm-fc">
         <name>_fscanf</name>
         <value>0x5514</value>
         <object_component_ref idref="oc-47"/>
      </symbol>
      <symbol id="sm-fd">
         <name>_scanf</name>
         <value>0x54d8</value>
         <object_component_ref idref="oc-47"/>
      </symbol>
      <symbol id="sm-10f">
         <name>_add_device</name>
         <value>0x2bd2</value>
         <object_component_ref idref="oc-4b"/>
      </symbol>
      <symbol id="sm-110">
         <name>_rename</name>
         <value>0x28f4</value>
         <object_component_ref idref="oc-4b"/>
      </symbol>
      <symbol id="sm-111">
         <name>_read</name>
         <value>0x2983</value>
         <object_component_ref idref="oc-4b"/>
      </symbol>
      <symbol id="sm-112">
         <name>_unlink</name>
         <value>0x28c1</value>
         <object_component_ref idref="oc-4b"/>
      </symbol>
      <symbol id="sm-113">
         <name>_remove_device</name>
         <value>0x294d</value>
         <object_component_ref idref="oc-4b"/>
      </symbol>
      <symbol id="sm-114">
         <name>_open</name>
         <value>0x2a31</value>
         <object_component_ref idref="oc-4b"/>
      </symbol>
      <symbol id="sm-115">
         <name>_find_registered_device</name>
         <value>0x2b56</value>
         <object_component_ref idref="oc-4b"/>
      </symbol>
      <symbol id="sm-116">
         <name>_lseek</name>
         <value>0x2af0</value>
         <object_component_ref idref="oc-4b"/>
      </symbol>
      <symbol id="sm-117">
         <name>_close</name>
         <value>0x2b5f</value>
         <object_component_ref idref="oc-4b"/>
      </symbol>
      <symbol id="sm-118">
         <name>_write</name>
         <value>0x277f</value>
         <object_component_ref idref="oc-4b"/>
      </symbol>
      <symbol id="sm-120">
         <name>_memcpy</name>
         <value>0x647b</value>
         <object_component_ref idref="oc-51"/>
      </symbol>
      <symbol id="sm-130">
         <name>__sys_memory</name>
         <value>0x8660</value>
         <object_component_ref idref="oc-59"/>
      </symbol>
      <symbol id="sm-131">
         <name>_chkheap</name>
         <value>0x3671</value>
         <object_component_ref idref="oc-55"/>
      </symbol>
      <symbol id="sm-132">
         <name>_realloc</name>
         <value>0x3410</value>
         <object_component_ref idref="oc-55"/>
      </symbol>
      <symbol id="sm-133">
         <name>_free_memory</name>
         <value>0x361b</value>
         <object_component_ref idref="oc-55"/>
      </symbol>
      <symbol id="sm-134">
         <name>_max_free</name>
         <value>0x35c1</value>
         <object_component_ref idref="oc-55"/>
      </symbol>
      <symbol id="sm-135">
         <name>_free</name>
         <value>0x31ea</value>
         <object_component_ref idref="oc-55"/>
      </symbol>
      <symbol id="sm-136">
         <name>_calloc</name>
         <value>0x3679</value>
         <object_component_ref idref="oc-55"/>
      </symbol>
      <symbol id="sm-137">
         <name>_malloc</name>
         <value>0x331b</value>
         <object_component_ref idref="oc-55"/>
      </symbol>
      <symbol id="sm-138">
         <name>_minit</name>
         <value>0x32b6</value>
         <object_component_ref idref="oc-55"/>
      </symbol>
      <symbol id="sm-142">
         <name>_printf</name>
         <value>0x62b6</value>
         <object_component_ref idref="oc-5c"/>
      </symbol>
      <symbol id="sm-14c">
         <name>_remove</name>
         <value>0x664c</value>
         <object_component_ref idref="oc-60"/>
      </symbol>
      <symbol id="sm-158">
         <name>_HOSTopen</name>
         <value>0x2fcd</value>
         <object_component_ref idref="oc-64"/>
      </symbol>
      <symbol id="sm-159">
         <name>_HOSTread</name>
         <value>0x2f40</value>
         <object_component_ref idref="oc-64"/>
      </symbol>
      <symbol id="sm-15a">
         <name>_HOSTtime</name>
         <value>0x2e34</value>
         <object_component_ref idref="oc-64"/>
      </symbol>
      <symbol id="sm-15b">
         <name>_getenv</name>
         <value>0x2cc2</value>
         <object_component_ref idref="oc-64"/>
      </symbol>
      <symbol id="sm-15c">
         <name>_HOSTrename</name>
         <value>0x2e92</value>
         <object_component_ref idref="oc-64"/>
      </symbol>
      <symbol id="sm-15d">
         <name>_HOSTclock</name>
         <value>0x318c</value>
         <object_component_ref idref="oc-64"/>
      </symbol>
      <symbol id="sm-15e">
         <name>_HOSTwrite</name>
         <value>0x2d3d</value>
         <object_component_ref idref="oc-64"/>
      </symbol>
      <symbol id="sm-15f">
         <name>_HOSTlseek</name>
         <value>0x306c</value>
         <object_component_ref idref="oc-64"/>
      </symbol>
      <symbol id="sm-160">
         <name>_HOSTunlink</name>
         <value>0x2dca</value>
         <object_component_ref idref="oc-64"/>
      </symbol>
      <symbol id="sm-161">
         <name>_HOSTclose</name>
         <value>0x3121</value>
         <object_component_ref idref="oc-64"/>
      </symbol>
      <symbol id="sm-173">
         <name>C$$IO$$</name>
         <value>0x5abf</value>
         <object_component_ref idref="oc-6c"/>
      </symbol>
      <symbol id="sm-174">
         <name>__CIOBUF_</name>
         <value>0xcfd8</value>
         <object_component_ref idref="oc-6b"/>
      </symbol>
      <symbol id="sm-175">
         <name>_readmsg</name>
         <value>0x60b0</value>
         <object_component_ref idref="oc-69"/>
      </symbol>
      <symbol id="sm-176">
         <name>_writemsg</name>
         <value>0x5a0a</value>
         <object_component_ref idref="oc-6c"/>
      </symbol>
      <symbol id="sm-180">
         <name>_ungetc</name>
         <value>0x5d54</value>
         <object_component_ref idref="oc-6f"/>
      </symbol>
      <symbol id="sm-18a">
         <name>_Reset</name>
         <value>0xfe00</value>
         <object_component_ref idref="oc-13"/>
      </symbol>
      <symbol id="sm-194">
         <name>__rd_ok</name>
         <value>0x58eb</value>
         <object_component_ref idref="oc-77"/>
      </symbol>
      <symbol id="sm-195">
         <name>__wrt_ok</name>
         <value>0x586b</value>
         <object_component_ref idref="oc-77"/>
      </symbol>
      <symbol id="sm-1a3">
         <name>__unlock</name>
         <value>0xbbe8</value>
         <object_component_ref idref="oc-7c"/>
      </symbol>
      <symbol id="sm-1a4">
         <name>__lock</name>
         <value>0xbbe4</value>
         <object_component_ref idref="oc-7c"/>
      </symbol>
      <symbol id="sm-1a5">
         <name>__register_lock</name>
         <value>0x6628</value>
         <object_component_ref idref="oc-7b"/>
      </symbol>
      <symbol id="sm-1a6">
         <name>__nop</name>
         <value>0x6630</value>
         <object_component_ref idref="oc-7b"/>
      </symbol>
      <symbol id="sm-1a7">
         <name>__register_unlock</name>
         <value>0x6620</value>
         <object_component_ref idref="oc-7b"/>
      </symbol>
      <symbol id="sm-1b9">
         <name>__printfi</name>
         <value>0x1662</value>
         <object_component_ref idref="oc-81"/>
      </symbol>
      <symbol id="sm-1c7">
         <name>__scanfi</name>
         <value>0x2277</value>
         <object_component_ref idref="oc-87"/>
      </symbol>
      <symbol id="sm-1d1">
         <name>__args_main</name>
         <value>0x6353</value>
         <object_component_ref idref="oc-8b"/>
      </symbol>
      <symbol id="sm-1d2">
         <name>__TI_args_main</name>
         <value>0x1</value>
      </symbol>
      <symbol id="sm-1dc">
         <name>_atoi</name>
         <value>0x625a</value>
         <object_component_ref idref="oc-8f"/>
      </symbol>
      <symbol id="sm-1e4">
         <name>_auto_init</name>
         <value>0x6306</value>
         <object_component_ref idref="oc-93"/>
      </symbol>
      <symbol id="sm-1ee">
         <name>__eqld</name>
         <value>0x4fb0</value>
         <object_component_ref idref="oc-97"/>
      </symbol>
      <symbol id="sm-1ef">
         <name>__cmpd</name>
         <value>0x4fe4</value>
         <object_component_ref idref="oc-97"/>
      </symbol>
      <symbol id="sm-1f0">
         <name>__neqd</name>
         <value>0x4e52</value>
         <object_component_ref idref="oc-97"/>
      </symbol>
      <symbol id="sm-1f1">
         <name>__gtrd</name>
         <value>0x4f1b</value>
         <object_component_ref idref="oc-97"/>
      </symbol>
      <symbol id="sm-1f2">
         <name>__geqd</name>
         <value>0x4f66</value>
         <object_component_ref idref="oc-97"/>
      </symbol>
      <symbol id="sm-1f3">
         <name>__leqd</name>
         <value>0x4ece</value>
         <object_component_ref idref="oc-97"/>
      </symbol>
      <symbol id="sm-1f4">
         <name>__lssd</name>
         <value>0x4e86</value>
         <object_component_ref idref="oc-97"/>
      </symbol>
      <symbol id="sm-1fc">
         <name>__ctypes_</name>
         <value>0xcbf4</value>
         <object_component_ref idref="oc-129"/>
      </symbol>
      <symbol id="sm-206">
         <name>__tmpnams</name>
         <value>0xb810</value>
         <object_component_ref idref="oc-9d"/>
      </symbol>
      <symbol id="sm-207">
         <name>__ft_end</name>
         <value>0xb950</value>
         <object_component_ref idref="oc-9d"/>
      </symbol>
      <symbol id="sm-208">
         <name>__ftable</name>
         <value>0xb720</value>
         <object_component_ref idref="oc-9d"/>
      </symbol>
      <symbol id="sm-214">
         <name>__divd</name>
         <value>0x369f</value>
         <object_component_ref idref="oc-a1"/>
      </symbol>
      <symbol id="sm-21f">
         <name>__divul</name>
         <value>0x5c18</value>
         <object_component_ref idref="oc-a5"/>
      </symbol>
      <symbol id="sm-229">
         <name>_getchar</name>
         <value>0x5d45</value>
         <object_component_ref idref="oc-a9"/>
      </symbol>
      <symbol id="sm-22a">
         <name>_getc</name>
         <value>0x5cb9</value>
         <object_component_ref idref="oc-a9"/>
      </symbol>
      <symbol id="sm-22b">
         <name>_fgetc</name>
         <value>0x5cb9</value>
         <object_component_ref idref="oc-a9"/>
      </symbol>
      <symbol id="sm-235">
         <name>__fixdi</name>
         <value>0x6568</value>
         <object_component_ref idref="oc-ad"/>
      </symbol>
      <symbol id="sm-23f">
         <name>__fixdli</name>
         <value>0x6041</value>
         <object_component_ref idref="oc-b1"/>
      </symbol>
      <symbol id="sm-24b">
         <name>__fltlid</name>
         <value>0x61f3</value>
         <object_component_ref idref="oc-b5"/>
      </symbol>
      <symbol id="sm-255">
         <name>__frcmpyd_div</name>
         <value>0x5f5c</value>
         <object_component_ref idref="oc-ba"/>
      </symbol>
      <symbol id="sm-25f">
         <name>_fseek</name>
         <value>0x6188</value>
         <object_component_ref idref="oc-be"/>
      </symbol>
      <symbol id="sm-269">
         <name>___isinf</name>
         <value>0x65df</value>
         <object_component_ref idref="oc-c2"/>
      </symbol>
      <symbol id="sm-273">
         <name>__divull</name>
         <value>0x467c</value>
         <object_component_ref idref="oc-c6"/>
      </symbol>
      <symbol id="sm-274">
         <name>__mpylli</name>
         <value>0x45c4</value>
         <object_component_ref idref="oc-c6"/>
      </symbol>
      <symbol id="sm-275">
         <name>__remlli</name>
         <value>0x4595</value>
         <object_component_ref idref="oc-c6"/>
      </symbol>
      <symbol id="sm-276">
         <name>__divlli</name>
         <value>0x4770</value>
         <object_component_ref idref="oc-c6"/>
      </symbol>
      <symbol id="sm-277">
         <name>__remull</name>
         <value>0x4547</value>
         <object_component_ref idref="oc-c6"/>
      </symbol>
      <symbol id="sm-27f">
         <name>__mpyli</name>
         <value>0x660d</value>
         <object_component_ref idref="oc-ca"/>
      </symbol>
      <symbol id="sm-280">
         <name>I$$LMPY</name>
         <value>0x660d</value>
         <object_component_ref idref="oc-ca"/>
      </symbol>
      <symbol id="sm-28a">
         <name>_ltoa</name>
         <value>0x5dee</value>
         <object_component_ref idref="oc-ce"/>
      </symbol>
      <symbol id="sm-295">
         <name>_memccpy</name>
         <value>0x65bc</value>
         <object_component_ref idref="oc-d2"/>
      </symbol>
      <symbol id="sm-29f">
         <name>__mpyd</name>
         <value>0x5639</value>
         <object_component_ref idref="oc-d6"/>
      </symbol>
      <symbol id="sm-2a9">
         <name>__negd</name>
         <value>0x6632</value>
         <object_component_ref idref="oc-da"/>
      </symbol>
      <symbol id="sm-2b3">
         <name>__remli</name>
         <value>0x639e</value>
         <object_component_ref idref="oc-de"/>
      </symbol>
      <symbol id="sm-2be">
         <name>__remul</name>
         <value>0x5fcf</value>
         <object_component_ref idref="oc-e2"/>
      </symbol>
      <symbol id="sm-2c8">
         <name>_setvbuf</name>
         <value>0x5785</value>
         <object_component_ref idref="oc-e6"/>
      </symbol>
      <symbol id="sm-2d8">
         <name>_strtod</name>
         <value>0x3d6c</value>
         <object_component_ref idref="oc-ea"/>
      </symbol>
      <symbol id="sm-2e2">
         <name>_strtol</name>
         <value>0x4c4a</value>
         <object_component_ref idref="oc-ef"/>
      </symbol>
      <symbol id="sm-2f2">
         <name>_strtold</name>
         <value>0x4029</value>
         <object_component_ref idref="oc-f3"/>
      </symbol>
      <symbol id="sm-2fc">
         <name>_strtoll</name>
         <value>0x3a6b</value>
         <object_component_ref idref="oc-f8"/>
      </symbol>
      <symbol id="sm-306">
         <name>_strtoul</name>
         <value>0x503c</value>
         <object_component_ref idref="oc-fc"/>
      </symbol>
      <symbol id="sm-310">
         <name>_strtoull</name>
         <value>0x49ff</value>
         <object_component_ref idref="oc-100"/>
      </symbol>
      <symbol id="sm-31a">
         <name>__subd</name>
         <value>0x65f9</value>
         <object_component_ref idref="oc-104"/>
      </symbol>
      <symbol id="sm-322">
         <name>__remu</name>
         <value>0x65a7</value>
         <object_component_ref idref="oc-108"/>
      </symbol>
      <symbol id="sm-323">
         <name>__divu</name>
         <value>0x6592</value>
         <object_component_ref idref="oc-108"/>
      </symbol>
      <symbol id="sm-324">
         <name>I$$UMOD</name>
         <value>0x65a7</value>
         <object_component_ref idref="oc-108"/>
      </symbol>
      <symbol id="sm-325">
         <name>I$$UDIV</name>
         <value>0x6592</value>
         <object_component_ref idref="oc-108"/>
      </symbol>
      <symbol id="sm-32f">
         <name>__buff_read</name>
         <value>0x5ac4</value>
         <object_component_ref idref="oc-10c"/>
      </symbol>
      <symbol id="sm-339">
         <name>__addd</name>
         <value>0x47a5</value>
         <object_component_ref idref="oc-110"/>
      </symbol>
      <symbol id="sm-343">
         <name>__divli</name>
         <value>0x6433</value>
         <object_component_ref idref="oc-114"/>
      </symbol>
      <symbol id="sm-34d">
         <name>_errno</name>
         <value>0xb71e</value>
         <object_component_ref idref="oc-118"/>
      </symbol>
      <symbol id="sm-357">
         <name>__frcmpyd</name>
         <value>0x5ee6</value>
         <object_component_ref idref="oc-11c"/>
      </symbol>
      <symbol id="sm-35f">
         <name>__remi</name>
         <value>0x6517</value>
         <object_component_ref idref="oc-120"/>
      </symbol>
      <symbol id="sm-360">
         <name>__divi</name>
         <value>0x64f8</value>
         <object_component_ref idref="oc-120"/>
      </symbol>
      <symbol id="sm-361">
         <name>I$$MOD</name>
         <value>0x6517</value>
         <object_component_ref idref="oc-120"/>
      </symbol>
      <symbol id="sm-362">
         <name>I$$DIV</name>
         <value>0x64f8</value>
         <object_component_ref idref="oc-120"/>
      </symbol>
      <symbol id="sm-36e">
         <name>_fir</name>
         <value>0x611d</value>
         <object_component_ref idref="oc-124"/>
      </symbol>
   </symbol_table>
</link_info>
